/Users/krishpatel/Downloads/Projectmain  Button +lcd +filtering + speaker less delay/CMSIS/core_cm4.h:1679:22:__NVIC_EnableIRQ	16	static
/Users/krishpatel/Downloads/Projectmain  Button +lcd +filtering + speaker less delay/CMSIS/core_cm4.h:1809:22:__NVIC_SetPriority	16	static
/Users/krishpatel/Downloads/Projectmain  Button +lcd +filtering + speaker less delay/drivers/fsl_clock.h:725:20:CLOCK_EnableClock	24	static
/Users/krishpatel/Downloads/Projectmain  Button +lcd +filtering + speaker less delay/drivers/fsl_common_arm.h:499:24:EnableIRQ	24	static
/Users/krishpatel/Downloads/Projectmain  Button +lcd +filtering + speaker less delay/drivers/fsl_uart.h:667:23:UART_ReadByte	16	static
/Users/krishpatel/Downloads/Projectmain  Button +lcd +filtering + speaker less delay/drivers/fsl_gpio.h:244:24:GPIO_PinRead	16	static
/Users/krishpatel/Downloads/Projectmain  Button +lcd +filtering + speaker less delay/drivers/fsl_port.h:271:20:PORT_SetPinConfig	32	static
../source/vision_tof.c:76:6:UART1_RX_TX_IRQHandler	24	static
../source/vision_tof.c:94:13:UART_FlushRX	24	static
../source/vision_tof.c:101:12:UART_ReadLine	32	static
../source/vision_tof.c:119:17:UART_ReadBytes	40	static
../source/vision_tof.c:137:20:UART_SendStringSafe	16	static
../source/vision_tof.c:148:20:SetLine2AndFlush	16	static
../source/vision_tof.c:157:13:ToF_Init	24	static
../source/vision_tof.c:182:13:Motor_Task	80	static
../source/vision_tof.c:277:13:Comm_Task	248	static
../source/vision_tof.c:447:13:Button_Task	48	static
../source/vision_tof.c:504:6:Vision_ToF_Init	32	static
