Archive member included to satisfy reference by file (symbol)

/Applications/MCUXpressoIDE_25.6.136/ide/plugins/com.nxp.mcuxpresso.tools.macosx_25.6.0.202501151204/tools/bin/../lib/gcc/arm-none-eabi/14.2.1/../../../../arm-none-eabi/lib/thumb/v7e-m+fp/hard/libcr_nohost_nf.a(_cr__main.o)
                              ./startup/startup_mk66f18.o (__main)
/Applications/MCUXpressoIDE_25.6.136/ide/plugins/com.nxp.mcuxpresso.tools.macosx_25.6.0.202501151204/tools/bin/../lib/gcc/arm-none-eabi/14.2.1/../../../../arm-none-eabi/lib/thumb/v7e-m+fp/hard/libcr_nohost_nf.a(_cr_assert.o)
                              ./source/display_manager.o (__assertion_failed)
/Applications/MCUXpressoIDE_25.6.136/ide/plugins/com.nxp.mcuxpresso.tools.macosx_25.6.0.202501151204/tools/bin/../lib/gcc/arm-none-eabi/14.2.1/../../../../arm-none-eabi/lib/thumb/v7e-m+fp/hard/libcr_nohost_nf.a(__ciob.o)
                              /Applications/MCUXpressoIDE_25.6.136/ide/plugins/com.nxp.mcuxpresso.tools.macosx_25.6.0.202501151204/tools/bin/../lib/gcc/arm-none-eabi/14.2.1/../../../../arm-none-eabi/lib/thumb/v7e-m+fp/hard/libcr_nohost_nf.a(_cr_assert.o) (__Ciob)
/Applications/MCUXpressoIDE_25.6.136/ide/plugins/com.nxp.mcuxpresso.tools.macosx_25.6.0.202501151204/tools/bin/../lib/gcc/arm-none-eabi/14.2.1/../../../../arm-none-eabi/lib/thumb/v7e-m+fp/hard/libcr_nohost_nf.a(__sys_appexit.o)
                              /Applications/MCUXpressoIDE_25.6.136/ide/plugins/com.nxp.mcuxpresso.tools.macosx_25.6.0.202501151204/tools/bin/../lib/gcc/arm-none-eabi/14.2.1/../../../../arm-none-eabi/lib/thumb/v7e-m+fp/hard/libcr_nohost_nf.a(_cr_assert.o) (__sys_appexit)
/Applications/MCUXpressoIDE_25.6.136/ide/plugins/com.nxp.mcuxpresso.tools.macosx_25.6.0.202501151204/tools/bin/../lib/gcc/arm-none-eabi/14.2.1/../../../../arm-none-eabi/lib/thumb/v7e-m+fp/hard/libcr_c.a(memcpy.o)
                              ./utilities/fsl_str.o (memcpy)
/Applications/MCUXpressoIDE_25.6.136/ide/plugins/com.nxp.mcuxpresso.tools.macosx_25.6.0.202501151204/tools/bin/../lib/gcc/arm-none-eabi/14.2.1/../../../../arm-none-eabi/lib/thumb/v7e-m+fp/hard/libcr_c.a(memset.o)
                              ./utilities/fsl_debug_console.o (memset)
/Applications/MCUXpressoIDE_25.6.136/ide/plugins/com.nxp.mcuxpresso.tools.macosx_25.6.0.202501151204/tools/bin/../lib/gcc/arm-none-eabi/14.2.1/../../../../arm-none-eabi/lib/thumb/v7e-m+fp/hard/libcr_c.a(_deferredlazyseek.o)
                              /Applications/MCUXpressoIDE_25.6.136/ide/plugins/com.nxp.mcuxpresso.tools.macosx_25.6.0.202501151204/tools/bin/../lib/gcc/arm-none-eabi/14.2.1/../../../../arm-none-eabi/lib/thumb/v7e-m+fp/hard/libcr_nohost_nf.a(_cr_assert.o) (__flsbuf)
/Applications/MCUXpressoIDE_25.6.136/ide/plugins/com.nxp.mcuxpresso.tools.macosx_25.6.0.202501151204/tools/bin/../lib/gcc/arm-none-eabi/14.2.1/../../../../arm-none-eabi/lib/thumb/v7e-m+fp/hard/libcr_c.a(_fflush.o)
                              /Applications/MCUXpressoIDE_25.6.136/ide/plugins/com.nxp.mcuxpresso.tools.macosx_25.6.0.202501151204/tools/bin/../lib/gcc/arm-none-eabi/14.2.1/../../../../arm-none-eabi/lib/thumb/v7e-m+fp/hard/libcr_c.a(_deferredlazyseek.o) (_fflush)
/Applications/MCUXpressoIDE_25.6.136/ide/plugins/com.nxp.mcuxpresso.tools.macosx_25.6.0.202501151204/tools/bin/../lib/gcc/arm-none-eabi/14.2.1/../../../../arm-none-eabi/lib/thumb/v7e-m+fp/hard/libcr_c.a(_writebuf.o)
                              /Applications/MCUXpressoIDE_25.6.136/ide/plugins/com.nxp.mcuxpresso.tools.macosx_25.6.0.202501151204/tools/bin/../lib/gcc/arm-none-eabi/14.2.1/../../../../arm-none-eabi/lib/thumb/v7e-m+fp/hard/libcr_c.a(_deferredlazyseek.o) (_Cwritebuf)
/Applications/MCUXpressoIDE_25.6.136/ide/plugins/com.nxp.mcuxpresso.tools.macosx_25.6.0.202501151204/tools/bin/../lib/gcc/arm-none-eabi/14.2.1/../../../../arm-none-eabi/lib/thumb/v7e-m+fp/hard/libcr_c.a(alloc.o)
                              ./drivers/fsl_common.o (malloc)
/Applications/MCUXpressoIDE_25.6.136/ide/plugins/com.nxp.mcuxpresso.tools.macosx_25.6.0.202501151204/tools/bin/../lib/gcc/arm-none-eabi/14.2.1/../../../../arm-none-eabi/lib/thumb/v7e-m+fp/hard/libcr_c.a(errno.o)
                              ./utilities/fsl_str.o (errno)
/Applications/MCUXpressoIDE_25.6.136/ide/plugins/com.nxp.mcuxpresso.tools.macosx_25.6.0.202501151204/tools/bin/../lib/gcc/arm-none-eabi/14.2.1/../../../../arm-none-eabi/lib/thumb/v7e-m+fp/hard/libcr_c.a(fputs.o)
                              /Applications/MCUXpressoIDE_25.6.136/ide/plugins/com.nxp.mcuxpresso.tools.macosx_25.6.0.202501151204/tools/bin/../lib/gcc/arm-none-eabi/14.2.1/../../../../arm-none-eabi/lib/thumb/v7e-m+fp/hard/libcr_nohost_nf.a(_cr_assert.o) (fputs)
/Applications/MCUXpressoIDE_25.6.136/ide/plugins/com.nxp.mcuxpresso.tools.macosx_25.6.0.202501151204/tools/bin/../lib/gcc/arm-none-eabi/14.2.1/../../../../arm-none-eabi/lib/thumb/v7e-m+fp/hard/libcr_c.a(fseek.o)
[...]
Memory Configuration

Name             Origin             Length             Attributes
PROGRAM_FLASH    0x00000000         0x00200000         xr
SRAM_UPPER       0x20000000         0x00030000         xrw
SRAM_LOWER       0x1fff0000         0x00010000         xrw
FLEX_RAM         0x14000000         0x00001000         xrw
*default*        0x00000000         0xffffffff

Linker script and memory map

LOAD ./utilities/fsl_debug_console.o
LOAD ./utilities/fsl_str.o
LOAD ./startup/startup_mk66f18.o
LOAD ./source/audio_player.o
LOAD ./source/display_manager.o
LOAD ./source/i2c_hal.o
LOAD ./source/main.o
LOAD ./source/semihost_hardfault.o
LOAD ./source/vibration_motor.o
LOAD ./source/vision_tof.o
LOAD ./source/vl53l0x_api.o
LOAD ./source/vl53l0x_api_calibration.o
LOAD ./source/vl53l0x_api_core.o
LOAD ./source/vl53l0x_api_ranging.o
LOAD ./source/vl53l0x_api_strings.o
LOAD ./source/vl53l0x_platform.o
LOAD ./freertos/freertos_kernel/portable/MemMang/heap_4.o
LOAD ./freertos/freertos_kernel/portable/GCC/ARM_CM4F/port.o
LOAD ./freertos/freertos_kernel/croutine.o
LOAD ./freertos/freertos_kernel/event_groups.o
LOAD ./freertos/freertos_kernel/list.o
LOAD ./freertos/freertos_kernel/queue.o
LOAD ./freertos/freertos_kernel/stream_buffer.o
LOAD ./freertos/freertos_kernel/tasks.o
LOAD ./freertos/freertos_kernel/timers.o
LOAD ./drivers/fsl_clock.o
LOAD ./drivers/fsl_common.o
LOAD ./drivers/fsl_common_arm.o
LOAD ./drivers/fsl_dac.o
LOAD ./drivers/fsl_ftm.o
LOAD ./drivers/fsl_gpio.o
LOAD ./drivers/fsl_i2c.o
LOAD ./drivers/fsl_pit.o
LOAD ./drivers/fsl_rtc.o
LOAD ./drivers/fsl_smc.o
LOAD ./drivers/fsl_uart.o
LOAD ./device/system_MK66F18.o
LOAD ./component/uart/fsl_adapter_uart.o
LOAD ./component/serial_manager/fsl_component_serial_manager.o
LOAD ./component/serial_manager/fsl_component_serial_port_uart.o
LOAD ./component/lists/fsl_component_generic_list.o
LOAD ./board/board.o
LOAD ./board/clock_config.o
LOAD ./board/peripherals.o
LOAD ./board/pin_mux.o
START GROUP
LOAD /Applications/MCUXpressoIDE_25.6.136/ide/plugins/com.nxp.mcuxpresso.tools.macosx_25.6.0.202501151204/tools/bin/../lib/gcc/arm-none-eabi/14.2.1/../../../../arm-none-eabi/lib/thumb/v7e-m+fp/hard/libcr_nohost_nf.a
LOAD /Applications/MCUXpressoIDE_25.6.136/ide/plugins/com.nxp.mcuxpresso.tools.macosx_25.6.0.202501151204/tools/bin/../lib/gcc/arm-none-eabi/14.2.1/../../../../arm-none-eabi/lib/thumb/v7e-m+fp/hard/libcr_c.a
LOAD /Applications/MCUXpressoIDE_25.6.136/ide/plugins/com.nxp.mcuxpresso.tools.macosx_25.6.0.202501151204/tools/bin/../lib/gcc/arm-none-eabi/14.2.1/thumb/v7e-m+fp/hard/libcr_eabihelpers.a
LOAD /Applications/MCUXpressoIDE_25.6.136/ide/plugins/com.nxp.mcuxpresso.tools.macosx_25.6.0.202501151204/tools/bin/../lib/gcc/arm-none-eabi/14.2.1/thumb/v7e-m+fp/hard/libgcc.a
END GROUP
                0x00000000                        __base_PROGRAM_FLASH = 0x0
                0x00000000                        __base_Flash = 0x0
                0x00200000                        __top_PROGRAM_FLASH = 0x200000
                0x00200000                        __top_Flash = 0x200000
                0x20000000                        __base_SRAM_UPPER = 0x20000000
                0x20000000                        __base_RAM = 0x20000000
                0x20030000                        __top_SRAM_UPPER = 0x20030000
                0x20030000                        __top_RAM = 0x20030000
                0x1fff0000                        __base_SRAM_LOWER = 0x1fff0000
                0x1fff0000                        __base_RAM2 = 0x1fff0000
                0x20000000                        __top_SRAM_LOWER = 0x20000000
                0x20000000                        __top_RAM2 = 0x20000000
                0x14000000                        __base_FLEX_RAM = 0x14000000
                0x14000000                        __base_RAM3 = 0x14000000
                0x14001000                        __top_FLEX_RAM = 0x14001000
                0x14001000                        __top_RAM3 = 0x14001000

.text           0x00000000    0x10d88
 FILL mask 0xff
                0x00000000                        __vectors_start__ = ABSOLUTE (.)
 *(SORT_BY_ALIGNMENT(.isr_vector))
 .isr_vector    0x00000000      0x1d0 ./startup/startup_mk66f18.o
                0x00000000                __Vectors
                0x00000000                g_pfnVectors
                0x000001d0                        . = ALIGN (0x4)
                0x000001d0                        __section_table_start = .
                0x000001d0                        __data_section_table = .
                0x000001d0        0x4 LONG 0x10d88 LOADADDR (.data)
                0x000001d4        0x4 LONG 0x20000000 ADDR (.data)
                0x000001d8        0x4 LONG 0x2f8 SIZEOF (.data)
                0x000001dc        0x4 LONG 0x10d88 LOADADDR (.data_RAM2)
                0x000001e0        0x4 LONG 0x1fff0000 ADDR (.data_RAM2)
                0x000001e4        0x4 LONG 0x0 SIZEOF (.data_RAM2)
                0x000001e8        0x4 LONG 0x10d88 LOADADDR (.data_RAM3)
                0x000001ec        0x4 LONG 0x14000000 ADDR (.data_RAM3)
                0x000001f0        0x4 LONG 0x0 SIZEOF (.data_RAM3)
                0x000001f4                        __data_section_table_end = .
                0x000001f4                        __bss_section_table = .
                0x000001f4        0x4 LONG 0x200002f8 ADDR (.bss)
                0x000001f8        0x4 LONG 0x19d28 SIZEOF (.bss)
                0x000001fc        0x4 LONG 0x1fff0000 ADDR (.bss_RAM2)
                0x00000200        0x4 LONG 0x0 SIZEOF (.bss_RAM2)
                0x00000204        0x4 LONG 0x14000000 ADDR (.bss_RAM3)
                0x00000208        0x4 LONG 0x0 SIZEOF (.bss_RAM3)
                0x0000020c                        __bss_section_table_end = .
                0x0000020c                        __section_table_end = .
 *(SORT_BY_ALIGNMENT(.after_vectors*))
 .after_vectors.reset
                0x0000020c       0x4c ./startup/startup_mk66f18.o
                0x0000020c                ResetISR
 .after_vectors.init_data
                0x00000258       0x1e ./startup/startup_mk66f18.o
                0x00000258                data_init
 .after_vectors.init_bss
                0x00000276       0x12 ./startup/startup_mk66f18.o
                0x00000276                bss_init
 .after_vectors
                0x00000288       0x14 ./startup/startup_mk66f18.o
                0x00000288                NMI_Handler
                0x0000028c                MemManage_Handler
                0x0000028e                BusFault_Handler
                0x00000290                UsageFault_Handler
                0x00000294                DebugMon_Handler
                0x0000029a                DMA_Error_DriverIRQHandler
                0x0000029a                FTM1_DriverIRQHandler
                0x0000029a                FTM2_DriverIRQHandler
                0x0000029a                PIT2_DriverIRQHandler
                0x0000029a                TPM2_DriverIRQHandler
                0x0000029a                SDHC_DriverIRQHandler
                0x0000029a                DMA7_DMA23_DriverIRQHandler
                0x0000029a                I2S0_Tx_DriverIRQHandler
                0x0000029a                TSI0_DriverIRQHandler
                0x0000029a                RTC_Seconds_DriverIRQHandler
                0x0000029a                CMP3_DriverIRQHandler
                0x0000029a                LLWU_DriverIRQHandler
                0x0000029a                MCM_DriverIRQHandler
                0x0000029a                DMA14_DMA30_DriverIRQHandler
                0x0000029a                MCG_DriverIRQHandler
                0x0000029a                ENET_1588_Timer_DriverIRQHandler
                0x0000029a                DAC1_DriverIRQHandler
                0x0000029a                CMP1_DriverIRQHandler
                0x0000029a                USBHSDCD_DriverIRQHandler
                0x0000029a                DMA0_DMA16_DriverIRQHandler
                0x0000029a                FTM0_DriverIRQHandler
                0x0000029a                IntDefaultHandler
                0x0000029a                USB0_DriverIRQHandler
                0x0000029a                PORTC_DriverIRQHandler
                0x0000029a                DMA2_DMA18_DriverIRQHandler
                0x0000029a                DAC0_DriverIRQHandler
                0x0000029a                CMP2_DriverIRQHandler
                0x0000029a                UART2_ERR_DriverIRQHandler
                0x0000029a                SPI2_DriverIRQHandler
                0x0000029a                LVD_LVW_DriverIRQHandler
                0x0000029a                Reserved84_DriverIRQHandler
                0x0000029a                PIT0_DriverIRQHandler
                0x0000029a                RNG_DriverIRQHandler
                0x0000029a                USBDCD_DriverIRQHandler
                0x0000029a                UART3_ERR_DriverIRQHandler
                0x0000029a                DMA12_DMA28_DriverIRQHandler
                0x0000029a                DMA10_DMA26_DriverIRQHandler
                0x0000029a                UART0_ERR_DriverIRQHandler
                0x0000029a                CMT_DriverIRQHandler
                0x0000029a                Reserved71_DriverIRQHandler
                0x0000029a                ADC1_DriverIRQHandler
                0x0000029a                PORTA_DriverIRQHandler
                0x0000029a                DMA1_DMA17_DriverIRQHandler
                0x0000029a                PIT3_DriverIRQHandler
                0x0000029a                PIT1_DriverIRQHandler
                0x0000029a                TPM1_DriverIRQHandler
                0x0000029a                WDOG_EWM_DriverIRQHandler
                0x0000029a                PDB0_DriverIRQHandler
                0x0000029a                DMA8_DMA24_DriverIRQHandler
                0x0000029a                DMA6_DMA22_DriverIRQHandler
                0x0000029a                RTC_DriverIRQHandler
                0x0000029a                I2S0_Rx_DriverIRQHandler
                0x0000029a                Read_Collision_DriverIRQHandler
                0x0000029a                SWI_DriverIRQHandler
                0x0000029a                UART4_ERR_DriverIRQHandler
                0x0000029a                DMA11_DMA27_DriverIRQHandler
                0x0000029a                DMA4_DMA20_DriverIRQHandler
                0x0000029a                DMA9_DMA25_DriverIRQHandler
                0x0000029a                ENET_Receive_DriverIRQHandler
                0x0000029a                DMA3_DMA19_DriverIRQHandler
                0x0000029a                ENET_Error_DriverIRQHandler
                0x0000029a                LPUART0_DriverIRQHandler
                0x0000029a                Reserved85_DriverIRQHandler
                0x0000029a                SPI0_DriverIRQHandler
                0x0000029a                ADC0_DriverIRQHandler
                0x0000029a                USBHS_DriverIRQHandler
                0x0000029a                CMP0_DriverIRQHandler
                0x0000029a                CAN0_DriverIRQHandler
                0x0000029a                FTM3_DriverIRQHandler
                0x0000029a                DMA5_DMA21_DriverIRQHandler
                0x0000029a                DMA15_DMA31_DriverIRQHandler
                0x0000029a                UART1_ERR_DriverIRQHandler
                0x0000029a                ENET_Transmit_DriverIRQHandler
                0x0000029a                PORTD_DriverIRQHandler
                0x0000029a                Reserved46_DriverIRQHandler
                0x0000029a                PORTE_DriverIRQHandler
                0x0000029a                FTFE_DriverIRQHandler
                0x0000029a                CAN1_DriverIRQHandler
                0x0000029a                DMA13_DMA29_DriverIRQHandler
                0x0000029a                PORTB_DriverIRQHandler
                0x0000029a                SPI1_DriverIRQHandler
                0x0000029a                LPTMR0_DriverIRQHandler
                0x00000400                        . = 0x400
 *fill*         0x0000029c      0x164 ff
                0x00000400                        PROVIDE (__FLASH_CONFIG_START__ = .)
 *(SORT_BY_ALIGNMENT(.FlashConfig))
 .FlashConfig   0x00000400       0x10 ./startup/startup_mk66f18.o
                0x00000400                Flash_Config
                0x00000410                        PROVIDE (__FLASH_CONFIG_END__ = .)
                0x00000001                        ASSERT (! ((__FLASH_CONFIG_START__ == __FLASH_CONFIG_END__)), Linker Flash Config Support Enabled, but no .FlashConfig section provided within application)
 *(SORT_BY_ALIGNMENT(.text*))
 .text.SVC_Handler
                0x00000410       0x28 ./freertos/freertos_kernel/portable/GCC/ARM_CM4F/port.o
                0x00000410                SVC_Handler
 *fill*         0x00000438        0x8 ff
 .text.PendSV_Handler
                0x00000440       0x68 ./freertos/freertos_kernel/portable/GCC/ARM_CM4F/port.o
                0x00000440                PendSV_Handler
 .text.DbgConsole_SendDataReliable
                0x000004a8       0x54 ./utilities/fsl_debug_console.o
                0x000004a8                DbgConsole_SendDataReliable
 .text.DbgConsole_Init
                0x000004fc      0x118 ./utilities/fsl_debug_console.o
                0x000004fc                DbgConsole_Init
 .text.DbgConsole_Vprintf
                0x00000614       0x68 ./utilities/fsl_debug_console.o
                0x00000614                DbgConsole_Vprintf
 .text.__NVIC_EnableIRQ
                0x0000067c       0x3c ./source/audio_player.o
 .text.__NVIC_SetPriority
                0x000006b8       0x54 ./source/audio_player.o
 .text.FTM0_IRQHandler
                0x0000070c       0x98 ./source/audio_player.o
                0x0000070c                FTM0_IRQHandler
 .text.Audio_Player_Init
                0x000007a4       0xa4 ./source/audio_player.o
                0x000007a4                Audio_Player_Init
 .text.Audio_Player_Play
                0x00000848       0xac ./source/audio_player.o
                0x00000848                Audio_Player_Play
 .text.Audio_Player_IsBusy
                0x000008f4       0x18 ./source/audio_player.o
                0x000008f4                Audio_Player_IsBusy
 .text.PORT_SetPinConfig
                0x0000090c       0x38 ./source/display_manager.o
 .text.Init_I2C1_Pins
                0x00000944       0x54 ./source/display_manager.o
 .text.Init_I2C1_Peripheral
                0x00000998       0x34 ./source/display_manager.o
 .text.I2C_WriteByte
                0x000009cc       0x48 ./source/display_manager.o
 .text.LCD_SetCursor
                0x00000a14       0x40 ./source/display_manager.o
 .text.Display_Init
                0x00000a54       0x88 ./source/display_manager.o
                0x00000a54                Display_Init
 .text.Display_UpdateScreen
                0x00000adc       0x58 ./source/display_manager.o
                0x00000adc                Display_UpdateScreen
 .text.PORT_SetPinConfig
                0x00000b34       0x38 ./source/i2c_hal.o
 .text.I2C_MasterCallback
                0x00000b6c       0x30 ./source/i2c_hal.o
 .text.I2C_HAL_Init
                0x00000b9c       0x9c ./source/i2c_hal.o
                0x00000b9c                I2C_HAL_Init
 .text.I2C_HAL_BusRecover
                0x00000c38      0x200 ./source/i2c_hal.o
                0x00000c38                I2C_HAL_BusRecover
 .text.I2C_TransferWithTimeout
                0x00000e38       0x9c ./source/i2c_hal.o
 .text.PORT_SetPinConfig
                0x00000ed4       0x38 ./source/main.o
 .text.InitHardware
                0x00000f0c       0xdc ./source/main.o
 .text.main     0x00000fe8       0xb0 ./source/main.o
                0x00000fe8                main
 .text.Vibration_Motor_Init
                0x00001098       0x84 ./source/vibration_motor.o
                0x00001098                Vibration_Motor_Init
 .text.Vibration_Motor_SetIntensity
                0x0000111c       0x64 ./source/vibration_motor.o
                0x0000111c                Vibration_Motor_SetIntensity
 .text.Vibration_Motor_Off
                0x00001180       0x20 ./source/vibration_motor.o
                0x00001180                Vibration_Motor_Off
 .text.__NVIC_EnableIRQ
                0x000011a0       0x3c ./source/vision_tof.o
 .text.__NVIC_SetPriority
                0x000011dc       0x54 ./source/vision_tof.o
 .text.PORT_SetPinConfig
                0x00001230       0x38 ./source/vision_tof.o
 .text.UART1_RX_TX_IRQHandler
                0x00001268       0x74 ./source/vision_tof.o
                0x00001268                UART1_RX_TX_IRQHandler
 .text.UART_FlushRX
                0x000012dc       0x34 ./source/vision_tof.o
 .text.UART_ReadLine
                0x00001310       0xa8 ./source/vision_tof.o
 .text.UART_ReadBytes
                0x000013b8       0x78 ./source/vision_tof.o
 .text.UART_SendStringSafe
                0x00001430       0x48 ./source/vision_tof.o
 .text.SetLine2AndFlush
                0x00001478       0x30 ./source/vision_tof.o
 .text.ToF_Init
                0x000014a8      0x108 ./source/vision_tof.o
 .text.Motor_Task
                0x000015b0      0x2c4 ./source/vision_tof.o
 .text.Comm_Task
                0x00001874      0x6a8 ./source/vision_tof.o
 .text.Button_Task
                0x00001f1c      0x1c4 ./source/vision_tof.o
 .text.Vision_ToF_Init
                0x000020e0      0x120 ./source/vision_tof.o
                0x000020e0                Vision_ToF_Init
 .text.VL53L0X_DataInit
                0x00002200      0x30c ./source/vl53l0x_api.o
                0x00002200                VL53L0X_DataInit
 .text.VL53L0X_StaticInit
                0x0000250c      0x304 ./source/vl53l0x_api.o
                0x0000250c                VL53L0X_StaticInit
 .text.VL53L0X_SetDeviceMode
                0x00002810       0x58 ./source/vl53l0x_api.o
                0x00002810                VL53L0X_SetDeviceMode
 .text.VL53L0X_SetSequenceStepEnable
                0x00002868      0x140 ./source/vl53l0x_api.o
                0x00002868                VL53L0X_SetSequenceStepEnable
 .text.sequence_step_enabled
                0x000029a8       0xa4 ./source/vl53l0x_api.o
                0x000029a8                sequence_step_enabled
 .text.VL53L0X_SetLimitCheckEnable
                0x00002a4c      0x118 ./source/vl53l0x_api.o
                0x00002a4c                VL53L0X_SetLimitCheckEnable
 .text.VL53L0X_SetLimitCheckValue
                0x00002b64       0xc4 ./source/vl53l0x_api.o
                0x00002b64                VL53L0X_SetLimitCheckValue
 .text.VL53L0X_GetLimitCheckValue
                0x00002c28      0x11c ./source/vl53l0x_api.o
                0x00002c28                VL53L0X_GetLimitCheckValue
 .text.VL53L0X_CheckAndLoadInterruptSettings
                0x00002d44      0x1e4 ./source/vl53l0x_api.o
                0x00002d44                VL53L0X_CheckAndLoadInterruptSettings
 .text.VL53L0X_GetRangingMeasurementData
                0x00002f28      0x238 ./source/vl53l0x_api.o
                0x00002f28                VL53L0X_GetRangingMeasurementData
 .text.VL53L0X_SetGpioConfig
                0x00003160      0x244 ./source/vl53l0x_api.o
                0x00003160                VL53L0X_SetGpioConfig
 .text.VL53L0X_GetInterruptThresholds
                0x000033a4       0x68 ./source/vl53l0x_api.o
                0x000033a4                VL53L0X_GetInterruptThresholds
 .text.is_aperture
                0x0000340c       0x34 ./source/vl53l0x_api_calibration.o
                0x0000340c                is_aperture
 .text.VL53L0X_calc_timeout_mclks
                0x00003440       0x54 ./source/vl53l0x_api_core.o
                0x00003440                VL53L0X_calc_timeout_mclks
 .text.VL53L0X_calc_timeout_us
                0x00003494       0x54 ./source/vl53l0x_api_core.o
                0x00003494                VL53L0X_calc_timeout_us
 .text.VL53L0X_load_tuning_settings
                0x000034e8      0x1c4 ./source/vl53l0x_api_core.o
                0x000034e8                VL53L0X_load_tuning_settings
 .text.VL53L0X_calc_sigma_estimate
                0x000036ac      0x460 ./source/vl53l0x_api_core.o
                0x000036ac                VL53L0X_calc_sigma_estimate
 .text.pvPortMalloc
                0x00003b0c      0x1c4 ./freertos/freertos_kernel/portable/MemMang/heap_4.o
                0x00003b0c                pvPortMalloc
 .text.vPortFree
                0x00003cd0       0xc8 ./freertos/freertos_kernel/portable/MemMang/heap_4.o
                0x00003cd0                vPortFree
 .text.prvHeapInit
                0x00003d98       0xc4 ./freertos/freertos_kernel/portable/MemMang/heap_4.o
 .text.prvInsertBlockIntoFreeList
                0x00003e5c       0xb4 ./freertos/freertos_kernel/portable/MemMang/heap_4.o
 .text.pxPortInitialiseStack
                0x00003f10       0x68 ./freertos/freertos_kernel/portable/GCC/ARM_CM4F/port.o
                0x00003f10                pxPortInitialiseStack
 .text.prvTaskExitError
                0x00003f78       0x5c ./freertos/freertos_kernel/portable/GCC/ARM_CM4F/port.o
 .text.prvPortStartFirstTask
                0x00003fd4       0x2c ./freertos/freertos_kernel/portable/GCC/ARM_CM4F/port.o
 .text.xPortStartScheduler
                0x00004000      0x148 ./freertos/freertos_kernel/portable/GCC/ARM_CM4F/port.o
                0x00004000                xPortStartScheduler
 .text.vPortEnterCritical
                0x00004148       0x64 ./freertos/freertos_kernel/portable/GCC/ARM_CM4F/port.o
                0x00004148                vPortEnterCritical
 .text.vPortExitCritical
                0x000041ac       0x54 ./freertos/freertos_kernel/portable/GCC/ARM_CM4F/port.o
                0x000041ac                vPortExitCritical
 .text.SysTick_Handler
                0x00004200       0x44 ./freertos/freertos_kernel/portable/GCC/ARM_CM4F/port.o
                0x00004200                SysTick_Handler
 .text.vPortSetupTimerInterrupt
                0x00004244       0x48 ./freertos/freertos_kernel/portable/GCC/ARM_CM4F/port.o
                0x00004244                vPortSetupTimerInterrupt
 .text.vPortEnableVFP
                0x0000428c       0x18 ./freertos/freertos_kernel/portable/GCC/ARM_CM4F/port.o
 .text.vPortValidateInterruptPriority
                0x000042a4       0x84 ./freertos/freertos_kernel/portable/GCC/ARM_CM4F/port.o
                0x000042a4                vPortValidateInterruptPriority
 .text.xQueueGenericReset
                0x00004328       0xd4 ./freertos/freertos_kernel/queue.o
                0x00004328                xQueueGenericReset
 .text.xQueueGenericSend
                0x000043fc      0x204 ./freertos/freertos_kernel/queue.o
                0x000043fc                xQueueGenericSend
 .text.xQueueReceive
                0x00004600      0x1c4 ./freertos/freertos_kernel/queue.o
                0x00004600                xQueueReceive
 .text.xQueueSemaphoreTake
                0x000047c4      0x224 ./freertos/freertos_kernel/queue.o
                0x000047c4                xQueueSemaphoreTake
 .text.vQueueAddToRegistry
                0x000049e8       0x54 ./freertos/freertos_kernel/queue.o
                0x000049e8                vQueueAddToRegistry
 .text.prvAddNewTaskToReadyList
                0x00004a3c       0xdc ./freertos/freertos_kernel/tasks.o
 .text.vTaskDelay
                0x00004b18       0x6c ./freertos/freertos_kernel/tasks.o
                0x00004b18                vTaskDelay
 .text.vTaskSuspend
                0x00004b84      0x140 ./freertos/freertos_kernel/tasks.o
                0x00004b84                vTaskSuspend
 .text.vTaskStartScheduler
                0x00004cc4       0xa4 ./freertos/freertos_kernel/tasks.o
                0x00004cc4                vTaskStartScheduler
 .text.vTaskSuspendAll
                0x00004d68       0x1c ./freertos/freertos_kernel/tasks.o
                0x00004d68                vTaskSuspendAll
 .text.xTaskResumeAll
                0x00004d84      0x13c ./freertos/freertos_kernel/tasks.o
                0x00004d84                xTaskResumeAll
 .text.xTaskGetTickCount
                0x00004ec0       0x20 ./freertos/freertos_kernel/tasks.o
                0x00004ec0                xTaskGetTickCount
 .text.xTaskIncrementTick
                0x00004ee0      0x158 ./freertos/freertos_kernel/tasks.o
                0x00004ee0                xTaskIncrementTick
 .text.vTaskSwitchContext
                0x00005038       0xb8 ./freertos/freertos_kernel/tasks.o
                0x00005038                vTaskSwitchContext
 .text.vTaskPlaceOnEventList
                0x000050f0       0x4c ./freertos/freertos_kernel/tasks.o
                0x000050f0                vTaskPlaceOnEventList
 .text.vTaskPlaceOnEventListRestricted
                0x0000513c       0x58 ./freertos/freertos_kernel/tasks.o
                0x0000513c                vTaskPlaceOnEventListRestricted
 .text.xTaskRemoveFromEventList
                0x00005194       0xc8 ./freertos/freertos_kernel/tasks.o
                0x00005194                xTaskRemoveFromEventList
 .text.vTaskInternalSetTimeOutState
                0x0000525c       0x2c ./freertos/freertos_kernel/tasks.o
                0x0000525c                vTaskInternalSetTimeOutState
 .text.xTaskCheckForTimeOut
                0x00005288       0xd0 ./freertos/freertos_kernel/tasks.o
                0x00005288                xTaskCheckForTimeOut
 .text.vTaskMissedYield
                0x00005358       0x18 ./freertos/freertos_kernel/tasks.o
                0x00005358                vTaskMissedYield
 .text.prvIdleTask
                0x00005370       0x30 ./freertos/freertos_kernel/tasks.o
 .text.prvInitialiseTaskLists
                0x000053a0       0x80 ./freertos/freertos_kernel/tasks.o
 .text.prvCheckTasksWaitingTermination
                0x00005420       0x5c ./freertos/freertos_kernel/tasks.o
 .text.prvResetNextTaskUnblockTime
                0x0000547c       0x38 ./freertos/freertos_kernel/tasks.o
 .text.xTaskGetSchedulerState
                0x000054b4       0x3c ./freertos/freertos_kernel/tasks.o
                0x000054b4                xTaskGetSchedulerState
 .text.xTaskPriorityInherit
                0x000054f0       0xec ./freertos/freertos_kernel/tasks.o
                0x000054f0                xTaskPriorityInherit
 .text.xTaskPriorityDisinherit
                0x000055dc       0xf8 ./freertos/freertos_kernel/tasks.o
                0x000055dc                xTaskPriorityDisinherit
 .text.vTaskPriorityDisinheritAfterTimeout
                0x000056d4      0x120 ./freertos/freertos_kernel/tasks.o
                0x000056d4                vTaskPriorityDisinheritAfterTimeout
 .text.pvTaskIncrementMutexHeldCount
                0x000057f4       0x28 ./freertos/freertos_kernel/tasks.o
                0x000057f4                pvTaskIncrementMutexHeldCount
 .text.prvAddCurrentTaskToDelayedList
                0x0000581c       0xcc ./freertos/freertos_kernel/tasks.o
 .text.xTimerCreateTimerTask
                0x000058e8       0x64 ./freertos/freertos_kernel/timers.o
                0x000058e8                xTimerCreateTimerTask
 .text.xTimerGenericCommand
                0x0000594c       0x9c ./freertos/freertos_kernel/timers.o
                0x0000594c                xTimerGenericCommand
 .text.prvProcessExpiredTimer
                0x000059e8       0x9c ./freertos/freertos_kernel/timers.o
 .text.prvProcessTimerOrBlockTask
                0x00005a84       0x9c ./freertos/freertos_kernel/timers.o
 .text.prvGetNextExpireTime
                0x00005b20       0x48 ./freertos/freertos_kernel/timers.o
 .text.prvSampleTimeNow
                0x00005b68       0x40 ./freertos/freertos_kernel/timers.o
 .text.prvInsertTimerInActiveList
                0x00005ba8       0x84 ./freertos/freertos_kernel/timers.o
 .text.prvProcessReceivedCommands
                0x00005c2c      0x1cc ./freertos/freertos_kernel/timers.o
 .text.prvSwitchTimerLists
                0x00005df8       0xcc ./freertos/freertos_kernel/timers.o
 .text.prvCheckForValidListAndQueue
                0x00005ec4       0x6c ./freertos/freertos_kernel/timers.o
 .text.CLOCK_SetEr32kClock
                0x00005f30       0x30 ./drivers/fsl_clock.o
 .text.CLOCK_SetPllFllSelClock
                0x00005f60       0x54 ./drivers/fsl_clock.o
 .text.CLOCK_GetMcgExtClkFreq
                0x00005fb4       0x7c ./drivers/fsl_clock.o
 .text.CLOCK_GetFllExtRefClkFreq
                0x00006030       0xb0 ./drivers/fsl_clock.o
 .text.CLOCK_GetInternalRefClkSelectFreq
                0x000060e0       0x4c ./drivers/fsl_clock.o
 .text.CLOCK_GetFllRefClkFreq
                0x0000612c       0x34 ./drivers/fsl_clock.o
 .text.CLOCK_GetOscRangeFromFreq
                0x00006160       0x3c ./drivers/fsl_clock.o
 .text.CLOCK_GetOsc0ErClkUndivFreq
                0x0000619c       0x44 ./drivers/fsl_clock.o
                0x0000619c                CLOCK_GetOsc0ErClkUndivFreq
 .text.CLOCK_GetOsc0ErClkDivFreq
                0x000061e0       0x58 ./drivers/fsl_clock.o
                0x000061e0                CLOCK_GetOsc0ErClkDivFreq
 .text.CLOCK_GetEr32kClkFreq
                0x00006238       0x74 ./drivers/fsl_clock.o
                0x00006238                CLOCK_GetEr32kClkFreq
 .text.CLOCK_GetPllFllSelClkFreq
                0x000062ac       0x90 ./drivers/fsl_clock.o
                0x000062ac                CLOCK_GetPllFllSelClkFreq
 .text.CLOCK_GetCoreSysClkFreq
                0x0000633c       0x28 ./drivers/fsl_clock.o
                0x0000633c                CLOCK_GetCoreSysClkFreq
 .text.CLOCK_GetFreq
                0x00006364      0x148 ./drivers/fsl_clock.o
                0x00006364                CLOCK_GetFreq
 .text.CLOCK_SetSimConfig
                0x000064ac       0x40 ./drivers/fsl_clock.o
                0x000064ac                CLOCK_SetSimConfig
 .text.CLOCK_EnableUsbfs0Clock
                0x000064ec      0x11c ./drivers/fsl_clock.o
                0x000064ec                CLOCK_EnableUsbfs0Clock
 .text.CLOCK_GetOutClkFreq
                0x00006608       0x90 ./drivers/fsl_clock.o
                0x00006608                CLOCK_GetOutClkFreq
 .text.CLOCK_GetFllFreq
                0x00006698       0x84 ./drivers/fsl_clock.o
                0x00006698                CLOCK_GetFllFreq
 .text.CLOCK_GetInternalRefClkFreq
                0x0000671c       0x30 ./drivers/fsl_clock.o
                0x0000671c                CLOCK_GetInternalRefClkFreq
 .text.CLOCK_GetPll0Freq
                0x0000674c       0x7c ./drivers/fsl_clock.o
                0x0000674c                CLOCK_GetPll0Freq
 .text.CLOCK_GetExtPllFreq
                0x000067c8       0x18 ./drivers/fsl_clock.o
                0x000067c8                CLOCK_GetExtPllFreq
 .text.CLOCK_SetExtPllFreq
                0x000067e0       0x20 ./drivers/fsl_clock.o
                0x000067e0                CLOCK_SetExtPllFreq
 .text.CLOCK_SetExternalRefClkConfig
                0x00006800       0x6c ./drivers/fsl_clock.o
                0x00006800                CLOCK_SetExternalRefClkConfig
 .text.CLOCK_SetInternalRefClkConfig
                0x0000686c      0x104 ./drivers/fsl_clock.o
                0x0000686c                CLOCK_SetInternalRefClkConfig
 .text.CLOCK_EnablePll0
                0x00006970       0x88 ./drivers/fsl_clock.o
                0x00006970                CLOCK_EnablePll0
 .text.CLOCK_InitOsc0
                0x000069f8       0x8c ./drivers/fsl_clock.o
                0x000069f8                CLOCK_InitOsc0
 .text.CLOCK_SetPbeMode
                0x00006a84       0xe8 ./drivers/fsl_clock.o
                0x00006a84                CLOCK_SetPbeMode
 .text.CLOCK_BootToPeeMode
                0x00006b6c       0x68 ./drivers/fsl_clock.o
                0x00006b6c                CLOCK_BootToPeeMode
 .text.DAC_GetInstance
                0x00006bd4       0x4c ./drivers/fsl_dac.o
 .text.DAC_Init
                0x00006c20       0x70 ./drivers/fsl_dac.o
                0x00006c20                DAC_Init
 .text.DAC_GetDefaultConfig
                0x00006c90       0x38 ./drivers/fsl_dac.o
                0x00006c90                DAC_GetDefaultConfig
 .text.DAC_SetBufferValue
                0x00006cc8       0x50 ./drivers/fsl_dac.o
                0x00006cc8                DAC_SetBufferValue
 .text.FTM_GetInstance
                0x00006d18       0x54 ./drivers/fsl_ftm.o
 .text.FTM_SetPwmSync
                0x00006d6c      0x140 ./drivers/fsl_ftm.o
 .text.FTM_SetReloadPoints
                0x00006eac      0x138 ./drivers/fsl_ftm.o
 .text.FTM_Init
                0x00006fe4       0xf4 ./drivers/fsl_ftm.o
                0x00006fe4                FTM_Init
 .text.FTM_GetDefaultConfig
                0x000070d8       0x74 ./drivers/fsl_ftm.o
                0x000070d8                FTM_GetDefaultConfig
 .text.FTM_SetupPwm
                0x0000714c      0x334 ./drivers/fsl_ftm.o
                0x0000714c                FTM_SetupPwm
 .text.FTM_UpdatePwmDutycycle
                0x00007480      0x1a4 ./drivers/fsl_ftm.o
                0x00007480                FTM_UpdatePwmDutycycle
 .text.GPIO_PinInit
                0x00007624       0x64 ./drivers/fsl_gpio.o
                0x00007624                GPIO_PinInit
 .text.__NVIC_EnableIRQ
                0x00007688       0x3c ./drivers/fsl_i2c.o
 .text.I2C_GetInstance
                0x000076c4       0x4c ./drivers/fsl_i2c.o
                0x000076c4                I2C_GetInstance
 .text.I2C_MasterTransferRunStateMachine
                0x00007710      0x24c ./drivers/fsl_i2c.o
 .text.I2C_TransferCommonIRQHandler
                0x0000795c       0x58 ./drivers/fsl_i2c.o
 .text.I2C_MasterInit
                0x000079b4       0xe4 ./drivers/fsl_i2c.o
                0x000079b4                I2C_MasterInit
 .text.I2C_MasterDeinit
                0x00007a98       0x30 ./drivers/fsl_i2c.o
                0x00007a98                I2C_MasterDeinit
 .text.I2C_MasterGetDefaultConfig
                0x00007ac8       0x48 ./drivers/fsl_i2c.o
                0x00007ac8                I2C_MasterGetDefaultConfig
 .text.I2C_MasterSetBaudRate
                0x00007b10       0xe8 ./drivers/fsl_i2c.o
                0x00007b10                I2C_MasterSetBaudRate
 .text.I2C_MasterTransferBlocking
                0x00007bf8      0x24c ./drivers/fsl_i2c.o
                0x00007bf8                I2C_MasterTransferBlocking
 .text.I2C_MasterTransferCreateHandle
                0x00007e44       0x74 ./drivers/fsl_i2c.o
                0x00007e44                I2C_MasterTransferCreateHandle
 .text.I2C_MasterTransferNonBlocking
                0x00007eb8       0x64 ./drivers/fsl_i2c.o
                0x00007eb8                I2C_MasterTransferNonBlocking
 .text.I2C_MasterTransferAbort
                0x00007f1c       0xb0 ./drivers/fsl_i2c.o
                0x00007f1c                I2C_MasterTransferAbort
 .text.I2C_MasterTransferHandleIRQ
                0x00007fcc       0xb4 ./drivers/fsl_i2c.o
                0x00007fcc                I2C_MasterTransferHandleIRQ
 .text.I2C0_DriverIRQHandler
                0x00008080       0x1c ./drivers/fsl_i2c.o
                0x00008080                I2C0_DriverIRQHandler
 .text.I2C1_DriverIRQHandler
                0x0000809c       0x1c ./drivers/fsl_i2c.o
                0x0000809c                I2C1_DriverIRQHandler
 .text.I2C2_DriverIRQHandler
                0x000080b8       0x1c ./drivers/fsl_i2c.o
                0x000080b8                I2C2_DriverIRQHandler
 .text.I2C3_DriverIRQHandler
                0x000080d4       0x1c ./drivers/fsl_i2c.o
                0x000080d4                I2C3_DriverIRQHandler
 .text.UART_GetInstance
                0x000080f0       0x54 ./drivers/fsl_uart.o
                0x000080f0                UART_GetInstance
 .text.UART_Init
                0x00008144      0x2f4 ./drivers/fsl_uart.o
                0x00008144                UART_Init
 .text.UART_GetDefaultConfig
                0x00008438       0x68 ./drivers/fsl_uart.o
                0x00008438                UART_GetDefaultConfig
 .text.UART_EnableInterrupts
                0x000084a0       0x70 ./drivers/fsl_uart.o
                0x000084a0                UART_EnableInterrupts
 .text.UART0_DriverIRQHandler
                0x00008510       0x28 ./drivers/fsl_uart.o
                0x00008510                UART0_DriverIRQHandler
 .text.UART2_DriverIRQHandler
                0x00008538       0x28 ./drivers/fsl_uart.o
                0x00008538                UART2_DriverIRQHandler
 .text.UART3_DriverIRQHandler
                0x00008560       0x28 ./drivers/fsl_uart.o
                0x00008560                UART3_DriverIRQHandler
 .text.UART4_DriverIRQHandler
                0x00008588       0x28 ./drivers/fsl_uart.o
                0x00008588                UART4_DriverIRQHandler
 .text.SystemInit
                0x000085b0       0x3c ./device/system_MK66F18.o
                0x000085b0                SystemInit
 .text.HAL_UartInit
                0x000085ec      0x128 ./component/uart/fsl_adapter_uart.o
                0x000085ec                HAL_UartInit
 .text.HAL_UartSendBlocking
                0x00008714       0x64 ./component/uart/fsl_adapter_uart.o
                0x00008714                HAL_UartSendBlocking
 .text.CLOCK_SetSdhc0Clock
                0x00008778       0x38 ./board/clock_config.o
 .text.CLOCK_SetEnetTime0Clock
                0x000087b0       0x38 ./board/clock_config.o
 .text.CLOCK_SetRmii0Clock
                0x000087e8       0x38 ./board/clock_config.o
 .text.CLOCK_SetLpuartClock
                0x00008820       0x38 ./board/clock_config.o
 .text.CLOCK_SetTpmClock
                0x00008858       0x38 ./board/clock_config.o
 .text.CLOCK_SetTraceClock
                0x00008890       0x54 ./board/clock_config.o
 .text.CLOCK_SetClkOutClock
                0x000088e4       0x34 ./board/clock_config.o
 .text.CLOCK_SetRtcClkOutClock
                0x00008918       0x38 ./board/clock_config.o
 .text.CLOCK_SetSimSafeDivs
                0x00008950       0x24 ./board/clock_config.o
 .text.CLOCK_SetXtal0Freq
                0x00008974       0x20 ./board/clock_config.o
 .text.CLOCK_SetXtal32Freq
                0x00008994       0x20 ./board/clock_config.o
 .text.CLOCK_CONFIG_SetRtcClock
                0x000089b4       0x84 ./board/clock_config.o
 .text.CLOCK_CONFIG_EnableUsbhs0PhyPllClock
                0x00008a38       0xf4 ./board/clock_config.o
 .text.CLOCK_CONFIG_EnableUsbhs0PfdClock
                0x00008b2c       0xb4 ./board/clock_config.o
 .text.CLOCK_CONFIG_SetUsbSlowClock
                0x00008be0       0x38 ./board/clock_config.o
 .text.CLOCK_CONFIG_SetFllExtRefDiv
                0x00008c18       0x3c ./board/clock_config.o
 .text.BOARD_BootClockHSRUN
                0x00008c54       0xe0 ./board/clock_config.o
                0x00008c54                BOARD_BootClockHSRUN
 .text.PORT_SetPinConfig
                0x00008d34       0x38 ./board/pin_mux.o
 .text.BOARD_InitPins
                0x00008d6c       0x30 ./board/pin_mux.o
                0x00008d6c                BOARD_InitPins
 .text.BOARD_InitDEBUG_UARTPins
                0x00008d9c       0x68 ./board/pin_mux.o
                0x00008d9c                BOARD_InitDEBUG_UARTPins
 .text.__assertion_failed
                0x00008e04       0x4c /Applications/MCUXpressoIDE_25.6.136/ide/plugins/com.nxp.mcuxpresso.tools.macosx_25.6.0.202501151204/tools/bin/../lib/gcc/arm-none-eabi/14.2.1/../../../../arm-none-eabi/lib/thumb/v7e-m+fp/hard/libcr_nohost_nf.a(_cr_assert.o)
                0x00008e04                __assertion_failed
 .text._Cwritebuf
                0x00008e50       0x70 /Applications/MCUXpressoIDE_25.6.136/ide/plugins/com.nxp.mcuxpresso.tools.macosx_25.6.0.202501151204/tools/bin/../lib/gcc/arm-none-eabi/14.2.1/../../../../arm-none-eabi/lib/thumb/v7e-m+fp/hard/libcr_c.a(_writebuf.o)
                0x00008e50                _Cwritebuf
 .text.malloc   0x00008ec0       0xc8 /Applications/MCUXpressoIDE_25.6.136/ide/plugins/com.nxp.mcuxpresso.tools.macosx_25.6.0.202501151204/tools/bin/../lib/gcc/arm-none-eabi/14.2.1/../../../../arm-none-eabi/lib/thumb/v7e-m+fp/hard/libcr_c.a(alloc.o)
                0x00008ec0                malloc
 .text._Csys_alloc
                0x00008f88       0x20 /Applications/MCUXpressoIDE_25.6.136/ide/plugins/com.nxp.mcuxpresso.tools.macosx_25.6.0.202501151204/tools/bin/../lib/gcc/arm-none-eabi/14.2.1/../../../../arm-none-eabi/lib/thumb/v7e-m+fp/hard/libcr_c.a(alloc.o)
                0x00008f88                _Csys_alloc
 .text.fseek    0x00008fa8       0xf8 /Applications/MCUXpressoIDE_25.6.136/ide/plugins/com.nxp.mcuxpresso.tools.macosx_25.6.0.202501151204/tools/bin/../lib/gcc/arm-none-eabi/14.2.1/../../../../arm-none-eabi/lib/thumb/v7e-m+fp/hard/libcr_c.a(fseek.o)
                0x00008fa8                fseek
 .text.ftell    0x000090a0       0x44 /Applications/MCUXpressoIDE_25.6.136/ide/plugins/com.nxp.mcuxpresso.tools.macosx_25.6.0.202501151204/tools/bin/../lib/gcc/arm-none-eabi/14.2.1/../../../../arm-none-eabi/lib/thumb/v7e-m+fp/hard/libcr_c.a(ftell.o)
                0x000090a0                ftell
 .text._initio  0x000090e4       0x78 /Applications/MCUXpressoIDE_25.6.136/ide/plugins/com.nxp.mcuxpresso.tools.macosx_25.6.0.202501151204/tools/bin/../lib/gcc/arm-none-eabi/14.2.1/../../../../arm-none-eabi/lib/thumb/v7e-m+fp/hard/libcr_c.a(initio.o)
                0x000090e4                _initio
 .text.__vfprintf
                0x0000915c      0xb6c /Applications/MCUXpressoIDE_25.6.136/ide/plugins/com.nxp.mcuxpresso.tools.macosx_25.6.0.202501151204/tools/bin/../lib/gcc/arm-none-eabi/14.2.1/../../../../arm-none-eabi/lib/thumb/v7e-m+fp/hard/libcr_c.a(printf.o)
                0x0000915c                __vfprintf
 .text._snprintf
                0x00009cc8       0x78 /Applications/MCUXpressoIDE_25.6.136/ide/plugins/com.nxp.mcuxpresso.tools.macosx_25.6.0.202501151204/tools/bin/../lib/gcc/arm-none-eabi/14.2.1/../../../../arm-none-eabi/lib/thumb/v7e-m+fp/hard/libcr_c.a(printf.o)
                0x00009cc8                _snprintf
 .text.ch_val   0x00009d40       0x30 /Applications/MCUXpressoIDE_25.6.136/ide/plugins/com.nxp.mcuxpresso.tools.macosx_25.6.0.202501151204/tools/bin/../lib/gcc/arm-none-eabi/14.2.1/../../../../arm-none-eabi/lib/thumb/v7e-m+fp/hard/libcr_c.a(scanf.o)
 .text._strtoul
                0x00009d70       0xbc /Applications/MCUXpressoIDE_25.6.136/ide/plugins/com.nxp.mcuxpresso.tools.macosx_25.6.0.202501151204/tools/bin/../lib/gcc/arm-none-eabi/14.2.1/../../../../arm-none-eabi/lib/thumb/v7e-m+fp/hard/libcr_c.a(scanf.o)
 .text.strtol   0x00009e2c       0x7c /Applications/MCUXpressoIDE_25.6.136/ide/plugins/com.nxp.mcuxpresso.tools.macosx_25.6.0.202501151204/tools/bin/../lib/gcc/arm-none-eabi/14.2.1/../../../../arm-none-eabi/lib/thumb/v7e-m+fp/hard/libcr_c.a(scanf.o)
                0x00009e2c                strtol
 .text.atoi     0x00009ea8       0x18 /Applications/MCUXpressoIDE_25.6.136/ide/plugins/com.nxp.mcuxpresso.tools.macosx_25.6.0.202501151204/tools/bin/../lib/gcc/arm-none-eabi/14.2.1/../../../../arm-none-eabi/lib/thumb/v7e-m+fp/hard/libcr_c.a(scanf.o)
                0x00009ea8                atoi
 .text._sbrk    0x00009ec0       0x3c /Applications/MCUXpressoIDE_25.6.136/ide/plugins/com.nxp.mcuxpresso.tools.macosx_25.6.0.202501151204/tools/bin/../lib/gcc/arm-none-eabi/14.2.1/../../../../arm-none-eabi/lib/thumb/v7e-m+fp/hard/libcr_c.a(_cr_sbrk.o)
                0x00009ec0                _sbrk
 .text.fflush   0x00009efc       0x3c /Applications/MCUXpressoIDE_25.6.136/ide/plugins/com.nxp.mcuxpresso.tools.macosx_25.6.0.202501151204/tools/bin/../lib/gcc/arm-none-eabi/14.2.1/../../../../arm-none-eabi/lib/thumb/v7e-m+fp/hard/libcr_c.a(fflush.o)
                0x00009efc                fflush
 .text.__check_heap_overflow
                0x00009f38       0x18 /Applications/MCUXpressoIDE_25.6.136/ide/plugins/com.nxp.mcuxpresso.tools.macosx_25.6.0.202501151204/tools/bin/../lib/gcc/arm-none-eabi/14.2.1/../../../../arm-none-eabi/lib/thumb/v7e-m+fp/hard/libcr_c.a(_cr_check_heap.o)
                0x00009f38                __check_heap_overflow
 .text.DbgConsole_PrintCallback
                0x00009f50       0x66 ./utilities/fsl_debug_console.o
 .text.DbgConsole_Printf
                0x00009fb6       0x2c ./utilities/fsl_debug_console.o
                0x00009fb6                DbgConsole_Printf
 .text.PrintGetWidth
                0x00009fe2       0x6a ./utilities/fsl_str.o
 .text.PrintGetPrecision
                0x0000a04c       0x8c ./utilities/fsl_str.o
 .text.PrintIsobpu
                0x0000a0d8       0x38 ./utilities/fsl_str.o
 .text.PrintIsdi
                0x0000a110       0x2c ./utilities/fsl_str.o
 .text.PrintOutputdifFobpu
                0x0000a13c       0x44 ./utilities/fsl_str.o
 .text.PrintOutputxX
                0x0000a180       0x44 ./utilities/fsl_str.o
 .text.PrintIsfF
                0x0000a1c4       0x2c ./utilities/fsl_str.o
 .text.PrintIsxX
                0x0000a1f0       0x2c ./utilities/fsl_str.o
 .text.PrintFilterLengthFlag
                0x0000a21c       0x3e ./utilities/fsl_str.o
 .text.PrintGetRadixFromobpu
                0x0000a25a       0x40 ./utilities/fsl_str.o
 .text.ConvertRadixNumToString
                0x0000a29a       0xc2 ./utilities/fsl_str.o
 .text.StrFormatPrintf
                0x0000a35c      0x2ac ./utilities/fsl_str.o
                0x0000a35c                StrFormatPrintf
 .text.DMA0_DMA16_IRQHandler
                0x0000a608        0x8 ./startup/startup_mk66f18.o
                0x0000a608                DMA0_DMA16_IRQHandler
 .text.DMA1_DMA17_IRQHandler
                0x0000a610        0x8 ./startup/startup_mk66f18.o
                0x0000a610                DMA1_DMA17_IRQHandler
 .text.DMA2_DMA18_IRQHandler
                0x0000a618        0x8 ./startup/startup_mk66f18.o
                0x0000a618                DMA2_DMA18_IRQHandler
 .text.DMA3_DMA19_IRQHandler
                0x0000a620        0x8 ./startup/startup_mk66f18.o
                0x0000a620                DMA3_DMA19_IRQHandler
 .text.DMA4_DMA20_IRQHandler
                0x0000a628        0x8 ./startup/startup_mk66f18.o
                0x0000a628                DMA4_DMA20_IRQHandler
 .text.DMA5_DMA21_IRQHandler
                0x0000a630        0x8 ./startup/startup_mk66f18.o
                0x0000a630                DMA5_DMA21_IRQHandler
 .text.DMA6_DMA22_IRQHandler
                0x0000a638        0x8 ./startup/startup_mk66f18.o
                0x0000a638                DMA6_DMA22_IRQHandler
 .text.DMA7_DMA23_IRQHandler
                0x0000a640        0x8 ./startup/startup_mk66f18.o
                0x0000a640                DMA7_DMA23_IRQHandler
 .text.DMA8_DMA24_IRQHandler
                0x0000a648        0x8 ./startup/startup_mk66f18.o
                0x0000a648                DMA8_DMA24_IRQHandler
 .text.DMA9_DMA25_IRQHandler
                0x0000a650        0x8 ./startup/startup_mk66f18.o
                0x0000a650                DMA9_DMA25_IRQHandler
 .text.DMA10_DMA26_IRQHandler
                0x0000a658        0x8 ./startup/startup_mk66f18.o
                0x0000a658                DMA10_DMA26_IRQHandler
 .text.DMA11_DMA27_IRQHandler
                0x0000a660        0x8 ./startup/startup_mk66f18.o
                0x0000a660                DMA11_DMA27_IRQHandler
 .text.DMA12_DMA28_IRQHandler
                0x0000a668        0x8 ./startup/startup_mk66f18.o
                0x0000a668                DMA12_DMA28_IRQHandler
 .text.DMA13_DMA29_IRQHandler
                0x0000a670        0x8 ./startup/startup_mk66f18.o
                0x0000a670                DMA13_DMA29_IRQHandler
 .text.DMA14_DMA30_IRQHandler
                0x0000a678        0x8 ./startup/startup_mk66f18.o
                0x0000a678                DMA14_DMA30_IRQHandler
 .text.DMA15_DMA31_IRQHandler
                0x0000a680        0x8 ./startup/startup_mk66f18.o
                0x0000a680                DMA15_DMA31_IRQHandler
 .text.DMA_Error_IRQHandler
                0x0000a688        0x8 ./startup/startup_mk66f18.o
                0x0000a688                DMA_Error_IRQHandler
 .text.MCM_IRQHandler
                0x0000a690        0x8 ./startup/startup_mk66f18.o
                0x0000a690                MCM_IRQHandler
 .text.FTFE_IRQHandler
                0x0000a698        0x8 ./startup/startup_mk66f18.o
                0x0000a698                FTFE_IRQHandler
 .text.Read_Collision_IRQHandler
                0x0000a6a0        0x8 ./startup/startup_mk66f18.o
                0x0000a6a0                Read_Collision_IRQHandler
 .text.LVD_LVW_IRQHandler
                0x0000a6a8        0x8 ./startup/startup_mk66f18.o
                0x0000a6a8                LVD_LVW_IRQHandler
 .text.LLWU_IRQHandler
                0x0000a6b0        0x8 ./startup/startup_mk66f18.o
                0x0000a6b0                LLWU_IRQHandler
 .text.WDOG_EWM_IRQHandler
                0x0000a6b8        0x8 ./startup/startup_mk66f18.o
                0x0000a6b8                WDOG_EWM_IRQHandler
 .text.RNG_IRQHandler
                0x0000a6c0        0x8 ./startup/startup_mk66f18.o
                0x0000a6c0                RNG_IRQHandler
 .text.I2C0_IRQHandler
                0x0000a6c8        0x8 ./startup/startup_mk66f18.o
                0x0000a6c8                I2C0_IRQHandler
 .text.I2C1_IRQHandler
                0x0000a6d0        0x8 ./startup/startup_mk66f18.o
                0x0000a6d0                I2C1_IRQHandler
 .text.SPI0_IRQHandler
                0x0000a6d8        0x8 ./startup/startup_mk66f18.o
                0x0000a6d8                SPI0_IRQHandler
 .text.SPI1_IRQHandler
                0x0000a6e0        0x8 ./startup/startup_mk66f18.o
                0x0000a6e0                SPI1_IRQHandler
 .text.I2S0_Tx_IRQHandler
                0x0000a6e8        0x8 ./startup/startup_mk66f18.o
                0x0000a6e8                I2S0_Tx_IRQHandler
 .text.I2S0_Rx_IRQHandler
                0x0000a6f0        0x8 ./startup/startup_mk66f18.o
                0x0000a6f0                I2S0_Rx_IRQHandler
 .text.Reserved46_IRQHandler
                0x0000a6f8        0x8 ./startup/startup_mk66f18.o
                0x0000a6f8                Reserved46_IRQHandler
 .text.UART0_RX_TX_IRQHandler
                0x0000a700        0x8 ./startup/startup_mk66f18.o
                0x0000a700                UART0_RX_TX_IRQHandler
 .text.UART0_ERR_IRQHandler
                0x0000a708        0x8 ./startup/startup_mk66f18.o
                0x0000a708                UART0_ERR_IRQHandler
 .text.UART1_ERR_IRQHandler
                0x0000a710        0x8 ./startup/startup_mk66f18.o
                0x0000a710                UART1_ERR_IRQHandler
 .text.UART2_RX_TX_IRQHandler
                0x0000a718        0x8 ./startup/startup_mk66f18.o
                0x0000a718                UART2_RX_TX_IRQHandler
 .text.UART2_ERR_IRQHandler
                0x0000a720        0x8 ./startup/startup_mk66f18.o
                0x0000a720                UART2_ERR_IRQHandler
 .text.UART3_RX_TX_IRQHandler
                0x0000a728        0x8 ./startup/startup_mk66f18.o
                0x0000a728                UART3_RX_TX_IRQHandler
 .text.UART3_ERR_IRQHandler
                0x0000a730        0x8 ./startup/startup_mk66f18.o
                0x0000a730                UART3_ERR_IRQHandler
 .text.ADC0_IRQHandler
                0x0000a738        0x8 ./startup/startup_mk66f18.o
                0x0000a738                ADC0_IRQHandler
 .text.CMP0_IRQHandler
                0x0000a740        0x8 ./startup/startup_mk66f18.o
                0x0000a740                CMP0_IRQHandler
 .text.CMP1_IRQHandler
                0x0000a748        0x8 ./startup/startup_mk66f18.o
                0x0000a748                CMP1_IRQHandler
 .text.FTM1_IRQHandler
                0x0000a750        0x8 ./startup/startup_mk66f18.o
                0x0000a750                FTM1_IRQHandler
 .text.FTM2_IRQHandler
                0x0000a758        0x8 ./startup/startup_mk66f18.o
                0x0000a758                FTM2_IRQHandler
 .text.CMT_IRQHandler
                0x0000a760        0x8 ./startup/startup_mk66f18.o
                0x0000a760                CMT_IRQHandler
 .text.RTC_IRQHandler
                0x0000a768        0x8 ./startup/startup_mk66f18.o
                0x0000a768                RTC_IRQHandler
 .text.RTC_Seconds_IRQHandler
                0x0000a770        0x8 ./startup/startup_mk66f18.o
                0x0000a770                RTC_Seconds_IRQHandler
 .text.PIT0_IRQHandler
                0x0000a778        0x8 ./startup/startup_mk66f18.o
                0x0000a778                PIT0_IRQHandler
 .text.PIT1_IRQHandler
                0x0000a780        0x8 ./startup/startup_mk66f18.o
                0x0000a780                PIT1_IRQHandler
 .text.PIT2_IRQHandler
                0x0000a788        0x8 ./startup/startup_mk66f18.o
                0x0000a788                PIT2_IRQHandler
 .text.PIT3_IRQHandler
                0x0000a790        0x8 ./startup/startup_mk66f18.o
                0x0000a790                PIT3_IRQHandler
 .text.PDB0_IRQHandler
                0x0000a798        0x8 ./startup/startup_mk66f18.o
                0x0000a798                PDB0_IRQHandler
 .text.USB0_IRQHandler
                0x0000a7a0        0x8 ./startup/startup_mk66f18.o
                0x0000a7a0                USB0_IRQHandler
 .text.USBDCD_IRQHandler
                0x0000a7a8        0x8 ./startup/startup_mk66f18.o
                0x0000a7a8                USBDCD_IRQHandler
 .text.Reserved71_IRQHandler
                0x0000a7b0        0x8 ./startup/startup_mk66f18.o
                0x0000a7b0                Reserved71_IRQHandler
 .text.DAC0_IRQHandler
                0x0000a7b8        0x8 ./startup/startup_mk66f18.o
                0x0000a7b8                DAC0_IRQHandler
 .text.MCG_IRQHandler
                0x0000a7c0        0x8 ./startup/startup_mk66f18.o
                0x0000a7c0                MCG_IRQHandler
 .text.LPTMR0_IRQHandler
                0x0000a7c8        0x8 ./startup/startup_mk66f18.o
                0x0000a7c8                LPTMR0_IRQHandler
 .text.PORTA_IRQHandler
                0x0000a7d0        0x8 ./startup/startup_mk66f18.o
                0x0000a7d0                PORTA_IRQHandler
 .text.PORTB_IRQHandler
                0x0000a7d8        0x8 ./startup/startup_mk66f18.o
                0x0000a7d8                PORTB_IRQHandler
 .text.PORTC_IRQHandler
                0x0000a7e0        0x8 ./startup/startup_mk66f18.o
                0x0000a7e0                PORTC_IRQHandler
 .text.PORTD_IRQHandler
                0x0000a7e8        0x8 ./startup/startup_mk66f18.o
                0x0000a7e8                PORTD_IRQHandler
 .text.PORTE_IRQHandler
                0x0000a7f0        0x8 ./startup/startup_mk66f18.o
                0x0000a7f0                PORTE_IRQHandler
 .text.SWI_IRQHandler
                0x0000a7f8        0x8 ./startup/startup_mk66f18.o
                0x0000a7f8                SWI_IRQHandler
 .text.SPI2_IRQHandler
                0x0000a800        0x8 ./startup/startup_mk66f18.o
                0x0000a800                SPI2_IRQHandler
 .text.UART4_RX_TX_IRQHandler
                0x0000a808        0x8 ./startup/startup_mk66f18.o
                0x0000a808                UART4_RX_TX_IRQHandler
 .text.UART4_ERR_IRQHandler
                0x0000a810        0x8 ./startup/startup_mk66f18.o
                0x0000a810                UART4_ERR_IRQHandler
 .text.Reserved84_IRQHandler
                0x0000a818        0x8 ./startup/startup_mk66f18.o
                0x0000a818                Reserved84_IRQHandler
 .text.Reserved85_IRQHandler
                0x0000a820        0x8 ./startup/startup_mk66f18.o
                0x0000a820                Reserved85_IRQHandler
 .text.CMP2_IRQHandler
                0x0000a828        0x8 ./startup/startup_mk66f18.o
                0x0000a828                CMP2_IRQHandler
 .text.FTM3_IRQHandler
                0x0000a830        0x8 ./startup/startup_mk66f18.o
                0x0000a830                FTM3_IRQHandler
 .text.DAC1_IRQHandler
                0x0000a838        0x8 ./startup/startup_mk66f18.o
                0x0000a838                DAC1_IRQHandler
 .text.ADC1_IRQHandler
                0x0000a840        0x8 ./startup/startup_mk66f18.o
                0x0000a840                ADC1_IRQHandler
 .text.I2C2_IRQHandler
                0x0000a848        0x8 ./startup/startup_mk66f18.o
                0x0000a848                I2C2_IRQHandler
 .text.CAN0_ORed_Message_buffer_IRQHandler
                0x0000a850        0x8 ./startup/startup_mk66f18.o
                0x0000a850                CAN0_ORed_Message_buffer_IRQHandler
 .text.CAN0_Bus_Off_IRQHandler
                0x0000a858        0x8 ./startup/startup_mk66f18.o
                0x0000a858                CAN0_Bus_Off_IRQHandler
 .text.CAN0_Error_IRQHandler
                0x0000a860        0x8 ./startup/startup_mk66f18.o
                0x0000a860                CAN0_Error_IRQHandler
 .text.CAN0_Tx_Warning_IRQHandler
                0x0000a868        0x8 ./startup/startup_mk66f18.o
                0x0000a868                CAN0_Tx_Warning_IRQHandler
 .text.CAN0_Rx_Warning_IRQHandler
                0x0000a870        0x8 ./startup/startup_mk66f18.o
                0x0000a870                CAN0_Rx_Warning_IRQHandler
 .text.CAN0_Wake_Up_IRQHandler
                0x0000a878        0x8 ./startup/startup_mk66f18.o
                0x0000a878                CAN0_Wake_Up_IRQHandler
 .text.SDHC_IRQHandler
                0x0000a880        0x8 ./startup/startup_mk66f18.o
                0x0000a880                SDHC_IRQHandler
 .text.ENET_1588_Timer_IRQHandler
                0x0000a888        0x8 ./startup/startup_mk66f18.o
                0x0000a888                ENET_1588_Timer_IRQHandler
 .text.ENET_Transmit_IRQHandler
                0x0000a890        0x8 ./startup/startup_mk66f18.o
                0x0000a890                ENET_Transmit_IRQHandler
 .text.ENET_Receive_IRQHandler
                0x0000a898        0x8 ./startup/startup_mk66f18.o
                0x0000a898                ENET_Receive_IRQHandler
 .text.ENET_Error_IRQHandler
                0x0000a8a0        0x8 ./startup/startup_mk66f18.o
                0x0000a8a0                ENET_Error_IRQHandler
 .text.LPUART0_IRQHandler
                0x0000a8a8        0x8 ./startup/startup_mk66f18.o
                0x0000a8a8                LPUART0_IRQHandler
 .text.TSI0_IRQHandler
                0x0000a8b0        0x8 ./startup/startup_mk66f18.o
                0x0000a8b0                TSI0_IRQHandler
 .text.TPM1_IRQHandler
                0x0000a8b8        0x8 ./startup/startup_mk66f18.o
                0x0000a8b8                TPM1_IRQHandler
 .text.TPM2_IRQHandler
                0x0000a8c0        0x8 ./startup/startup_mk66f18.o
                0x0000a8c0                TPM2_IRQHandler
 .text.USBHSDCD_IRQHandler
                0x0000a8c8        0x8 ./startup/startup_mk66f18.o
                0x0000a8c8                USBHSDCD_IRQHandler
 .text.I2C3_IRQHandler
                0x0000a8d0        0x8 ./startup/startup_mk66f18.o
                0x0000a8d0                I2C3_IRQHandler
 .text.CMP3_IRQHandler
                0x0000a8d8        0x8 ./startup/startup_mk66f18.o
                0x0000a8d8                CMP3_IRQHandler
 .text.USBHS_IRQHandler
                0x0000a8e0        0x8 ./startup/startup_mk66f18.o
                0x0000a8e0                USBHS_IRQHandler
 .text.CAN1_ORed_Message_buffer_IRQHandler
                0x0000a8e8        0x8 ./startup/startup_mk66f18.o
                0x0000a8e8                CAN1_ORed_Message_buffer_IRQHandler
 .text.CAN1_Bus_Off_IRQHandler
                0x0000a8f0        0x8 ./startup/startup_mk66f18.o
                0x0000a8f0                CAN1_Bus_Off_IRQHandler
 .text.CAN1_Error_IRQHandler
                0x0000a8f8        0x8 ./startup/startup_mk66f18.o
                0x0000a8f8                CAN1_Error_IRQHandler
 .text.CAN1_Tx_Warning_IRQHandler
                0x0000a900        0x8 ./startup/startup_mk66f18.o
                0x0000a900                CAN1_Tx_Warning_IRQHandler
 .text.CAN1_Rx_Warning_IRQHandler
                0x0000a908        0x8 ./startup/startup_mk66f18.o
                0x0000a908                CAN1_Rx_Warning_IRQHandler
 .text.CAN1_Wake_Up_IRQHandler
                0x0000a910        0x8 ./startup/startup_mk66f18.o
                0x0000a910                CAN1_Wake_Up_IRQHandler
 .text.EnableIRQ
                0x0000a918       0x32 ./source/audio_player.o
 .text.DAC_Enable
                0x0000a94a       0x48 ./source/audio_player.o
 .text.FTM_StartTimer
                0x0000a992       0x3a ./source/audio_player.o
 .text.FTM_StopTimer
                0x0000a9cc       0x20 ./source/audio_player.o
 .text.CLOCK_EnableClock
                0x0000a9ec       0x34 ./source/display_manager.o
 .text.hw_delay_ms
                0x0000aa20       0x38 ./source/display_manager.o
 .text.LCD_WriteNibble
                0x0000aa58       0x52 ./source/display_manager.o
 .text.LCD_SendCommand
                0x0000aaaa       0x30 ./source/display_manager.o
 .text.LCD_SendData
                0x0000aada       0x30 ./source/display_manager.o
 .text.LCD_PrintString
                0x0000ab0a       0x2a ./source/display_manager.o
 .text.CLOCK_EnableClock
                0x0000ab34       0x34 ./source/i2c_hal.o
 .text.GPIO_PinWrite
                0x0000ab68       0x36 ./source/i2c_hal.o
 .text.GPIO_PinRead
                0x0000ab9e       0x24 ./source/i2c_hal.o
 .text.I2C_HAL_ReadRegs
                0x0000abc2       0x54 ./source/i2c_hal.o
                0x0000abc2                I2C_HAL_ReadRegs
 .text.I2C_HAL_WriteRegs
                0x0000ac16       0x54 ./source/i2c_hal.o
                0x0000ac16                I2C_HAL_WriteRegs
 .text.CLOCK_EnableClock
                0x0000ac6a       0x34 ./source/main.o
 .text.PORT_SetPinMux
                0x0000ac9e       0x3a ./source/main.o
 .text.HardFault_Handler
                0x0000acd8       0x36 ./source/semihost_hardfault.o
                0x0000acd8                HardFault_Handler
 .text.CLOCK_EnableClock
                0x0000ad0e       0x34 ./source/vibration_motor.o
 .text.FTM_StartTimer
                0x0000ad42       0x3a ./source/vibration_motor.o
 .text.FTM_SetSoftwareTrigger
                0x0000ad7c       0x38 ./source/vibration_motor.o
 .text.PORT_SetPinMux
                0x0000adb4       0x3a ./source/vibration_motor.o
 .text.CLOCK_EnableClock
                0x0000adee       0x34 ./source/vision_tof.o
 .text.EnableIRQ
                0x0000ae22       0x32 ./source/vision_tof.o
 .text.UART_ReadByte
                0x0000ae54       0x1a ./source/vision_tof.o
 .text.GPIO_PinRead
                0x0000ae6e       0x24 ./source/vision_tof.o
 .text.VL53L0X_GetOffsetCalibrationDataMicroMeter
                0x0000ae92       0x26 ./source/vl53l0x_api.o
                0x0000ae92                VL53L0X_GetOffsetCalibrationDataMicroMeter
 .text.VL53L0X_GetDeviceParameters
                0x0000aeb8      0x16a ./source/vl53l0x_api.o
                0x0000aeb8                VL53L0X_GetDeviceParameters
 .text.VL53L0X_GetDeviceMode
                0x0000b022       0x26 ./source/vl53l0x_api.o
                0x0000b022                VL53L0X_GetDeviceMode
 .text.VL53L0X_GetFractionEnable
                0x0000b048       0x3e ./source/vl53l0x_api.o
                0x0000b048                VL53L0X_GetFractionEnable
 .text.VL53L0X_SetMeasurementTimingBudgetMicroSeconds
                0x0000b086       0x26 ./source/vl53l0x_api.o
                0x0000b086                VL53L0X_SetMeasurementTimingBudgetMicroSeconds
 .text.VL53L0X_GetMeasurementTimingBudgetMicroSeconds
                0x0000b0ac       0x26 ./source/vl53l0x_api.o
                0x0000b0ac                VL53L0X_GetMeasurementTimingBudgetMicroSeconds
 .text.VL53L0X_GetVcselPulsePeriod
                0x0000b0d2       0x2e ./source/vl53l0x_api.o
                0x0000b0d2                VL53L0X_GetVcselPulsePeriod
 .text.VL53L0X_GetSequenceStepEnables
                0x0000b100       0xb0 ./source/vl53l0x_api.o
                0x0000b100                VL53L0X_GetSequenceStepEnables
 .text.VL53L0X_GetInterMeasurementPeriodMilliSeconds
                0x0000b1b0       0x68 ./source/vl53l0x_api.o
                0x0000b1b0                VL53L0X_GetInterMeasurementPeriodMilliSeconds
 .text.VL53L0X_GetXTalkCompensationEnable
                0x0000b218       0x2a ./source/vl53l0x_api.o
                0x0000b218                VL53L0X_GetXTalkCompensationEnable
 .text.VL53L0X_GetXTalkCompensationRateMegaCps
                0x0000b242       0x66 ./source/vl53l0x_api.o
                0x0000b242                VL53L0X_GetXTalkCompensationRateMegaCps
 .text.VL53L0X_GetLimitCheckEnable
                0x0000b2a8       0x46 ./source/vl53l0x_api.o
                0x0000b2a8                VL53L0X_GetLimitCheckEnable
 .text.VL53L0X_GetWrapAroundCheckEnable
                0x0000b2ee       0x64 ./source/vl53l0x_api.o
                0x0000b2ee                VL53L0X_GetWrapAroundCheckEnable
 .text.VL53L0X_PerformSingleMeasurement
                0x0000b352       0x68 ./source/vl53l0x_api.o
                0x0000b352                VL53L0X_PerformSingleMeasurement
 .text.VL53L0X_PerformRefCalibration
                0x0000b3ba       0x2c ./source/vl53l0x_api.o
                0x0000b3ba                VL53L0X_PerformRefCalibration
 .text.VL53L0X_StartMeasurement
                0x0000b3e6      0x184 ./source/vl53l0x_api.o
                0x0000b3e6                VL53L0X_StartMeasurement
 .text.VL53L0X_GetMeasurementDataReady
                0x0000b56a       0x80 ./source/vl53l0x_api.o
                0x0000b56a                VL53L0X_GetMeasurementDataReady
 .text.VL53L0X_PerformSingleRangingMeasurement
                0x0000b5ea       0x60 ./source/vl53l0x_api.o
                0x0000b5ea                VL53L0X_PerformSingleRangingMeasurement
 .text.VL53L0X_ClearInterruptMask
                0x0000b64a       0x80 ./source/vl53l0x_api.o
                0x0000b64a                VL53L0X_ClearInterruptMask
 .text.VL53L0X_GetInterruptMaskStatus
                0x0000b6ca       0x44 ./source/vl53l0x_api.o
                0x0000b6ca                VL53L0X_GetInterruptMaskStatus
 .text.VL53L0X_PerformRefSpadManagement
                0x0000b70e       0x2a ./source/vl53l0x_api.o
                0x0000b70e                VL53L0X_PerformRefSpadManagement
 .text.VL53L0X_get_offset_calibration_data_micro_meter
                0x0000b738       0x7e ./source/vl53l0x_api_calibration.o
                0x0000b738                VL53L0X_get_offset_calibration_data_micro_meter
 .text.get_next_good_spad
                0x0000b7b6       0xbc ./source/vl53l0x_api_calibration.o
                0x0000b7b6                get_next_good_spad
 .text.enable_spad_bit
                0x0000b872       0x70 ./source/vl53l0x_api_calibration.o
                0x0000b872                enable_spad_bit
 .text.set_ref_spad_map
                0x0000b8e2       0x26 ./source/vl53l0x_api_calibration.o
                0x0000b8e2                set_ref_spad_map
 .text.get_ref_spad_map
                0x0000b908       0x26 ./source/vl53l0x_api_calibration.o
                0x0000b908                get_ref_spad_map
 .text.enable_ref_spads
                0x0000b92e       0xf8 ./source/vl53l0x_api_calibration.o
                0x0000b92e                enable_ref_spads
 .text.perform_ref_signal_measurement
                0x0000ba26       0xd4 ./source/vl53l0x_api_calibration.o
                0x0000ba26                perform_ref_signal_measurement
 .text.VL53L0X_perform_ref_spad_management
                0x0000bafa      0x41c ./source/vl53l0x_api_calibration.o
                0x0000bafa                VL53L0X_perform_ref_spad_management
 .text.VL53L0X_set_reference_spads
                0x0000bf16      0x14a ./source/vl53l0x_api_calibration.o
                0x0000bf16                VL53L0X_set_reference_spads
 .text.VL53L0X_perform_single_ref_calibration
                0x0000c060       0x76 ./source/vl53l0x_api_calibration.o
                0x0000c060                VL53L0X_perform_single_ref_calibration
 .text.VL53L0X_ref_calibration_io
                0x0000c0d6      0x132 ./source/vl53l0x_api_calibration.o
                0x0000c0d6                VL53L0X_ref_calibration_io
 .text.VL53L0X_perform_vhv_calibration
                0x0000c208       0xce ./source/vl53l0x_api_calibration.o
                0x0000c208                VL53L0X_perform_vhv_calibration
 .text.VL53L0X_perform_phase_calibration
                0x0000c2d6       0xca ./source/vl53l0x_api_calibration.o
                0x0000c2d6                VL53L0X_perform_phase_calibration
 .text.VL53L0X_perform_ref_calibration
                0x0000c3a0       0x7a ./source/vl53l0x_api_calibration.o
                0x0000c3a0                VL53L0X_perform_ref_calibration
 .text.VL53L0X_measurement_poll_for_completion
                0x0000c41a       0x60 ./source/vl53l0x_api_core.o
                0x0000c41a                VL53L0X_measurement_poll_for_completion
 .text.VL53L0X_decode_vcsel_period
                0x0000c47a       0x26 ./source/vl53l0x_api_core.o
                0x0000c47a                VL53L0X_decode_vcsel_period
 .text.VL53L0X_isqrt
                0x0000c4a0       0x68 ./source/vl53l0x_api_core.o
                0x0000c4a0                VL53L0X_isqrt
 .text.VL53L0X_device_read_strobe
                0x0000c508       0x86 ./source/vl53l0x_api_core.o
                0x0000c508                VL53L0X_device_read_strobe
 .text.VL53L0X_get_info_from_device
                0x0000c58e      0x99c ./source/vl53l0x_api_core.o
                0x0000c58e                VL53L0X_get_info_from_device
 .text.VL53L0X_calc_macro_period_ps
                0x0000cf2a       0x3c ./source/vl53l0x_api_core.o
                0x0000cf2a                VL53L0X_calc_macro_period_ps
 .text.VL53L0X_encode_timeout
                0x0000cf66       0x54 ./source/vl53l0x_api_core.o
                0x0000cf66                VL53L0X_encode_timeout
 .text.VL53L0X_decode_timeout
                0x0000cfba       0x2c ./source/vl53l0x_api_core.o
                0x0000cfba                VL53L0X_decode_timeout
 .text.get_sequence_step_timeout
                0x0000cfe6      0x1c0 ./source/vl53l0x_api_core.o
                0x0000cfe6                get_sequence_step_timeout
 .text.set_sequence_step_timeout
                0x0000d1a6      0x1e4 ./source/vl53l0x_api_core.o
                0x0000d1a6                set_sequence_step_timeout
 .text.VL53L0X_get_vcsel_pulse_period
                0x0000d38a       0x6e ./source/vl53l0x_api_core.o
                0x0000d38a                VL53L0X_get_vcsel_pulse_period
 .text.VL53L0X_set_measurement_timing_budget_micro_seconds
                0x0000d3f8      0x1a6 ./source/vl53l0x_api_core.o
                0x0000d3f8                VL53L0X_set_measurement_timing_budget_micro_seconds
 .text.VL53L0X_get_measurement_timing_budget_micro_seconds
                0x0000d59e      0x162 ./source/vl53l0x_api_core.o
                0x0000d59e                VL53L0X_get_measurement_timing_budget_micro_seconds
 .text.VL53L0X_get_total_xtalk_rate
                0x0000d700       0x5e ./source/vl53l0x_api_core.o
                0x0000d700                VL53L0X_get_total_xtalk_rate
 .text.VL53L0X_get_total_signal_rate
                0x0000d75e       0x4a ./source/vl53l0x_api_core.o
                0x0000d75e                VL53L0X_get_total_signal_rate
 .text.get_dmax_lut_points
                0x0000d7a8       0x8e ./source/vl53l0x_api_core.o
                0x0000d7a8                get_dmax_lut_points
 .text.VL53L0X_calc_dmax
                0x0000d836      0x14c ./source/vl53l0x_api_core.o
                0x0000d836                VL53L0X_calc_dmax
 .text.VL53L0X_get_pal_range_status
                0x0000d982      0x3c4 ./source/vl53l0x_api_core.o
                0x0000d982                VL53L0X_get_pal_range_status
 .text.VL53L0X_WriteMulti
                0x0000dd46       0x38 ./source/vl53l0x_platform.o
                0x0000dd46                VL53L0X_WriteMulti
 .text.VL53L0X_ReadMulti
                0x0000dd7e       0x38 ./source/vl53l0x_platform.o
                0x0000dd7e                VL53L0X_ReadMulti
 .text.VL53L0X_WrByte
                0x0000ddb6       0x26 ./source/vl53l0x_platform.o
                0x0000ddb6                VL53L0X_WrByte
 .text.VL53L0X_WrWord
                0x0000dddc       0x38 ./source/vl53l0x_platform.o
                0x0000dddc                VL53L0X_WrWord
 .text.VL53L0X_RdByte
                0x0000de14       0x24 ./source/vl53l0x_platform.o
                0x0000de14                VL53L0X_RdByte
 .text.VL53L0X_RdWord
                0x0000de38       0x4a ./source/vl53l0x_platform.o
                0x0000de38                VL53L0X_RdWord
 .text.VL53L0X_RdDWord
                0x0000de82       0x4c ./source/vl53l0x_platform.o
                0x0000de82                VL53L0X_RdDWord
 .text.VL53L0X_UpdateByte
                0x0000dece       0x60 ./source/vl53l0x_platform.o
                0x0000dece                VL53L0X_UpdateByte
 .text.VL53L0X_PollingDelay
                0x0000df2e       0x18 ./source/vl53l0x_platform.o
                0x0000df2e                VL53L0X_PollingDelay
 .text.vListInitialise
                0x0000df46       0x40 ./freertos/freertos_kernel/list.o
                0x0000df46                vListInitialise
 .text.vListInitialiseItem
                0x0000df86       0x1a ./freertos/freertos_kernel/list.o
                0x0000df86                vListInitialiseItem
 .text.vListInsertEnd
                0x0000dfa0       0x48 ./freertos/freertos_kernel/list.o
                0x0000dfa0                vListInsertEnd
 .text.vListInsert
                0x0000dfe8       0x72 ./freertos/freertos_kernel/list.o
                0x0000dfe8                vListInsert
 .text.uxListRemove
                0x0000e05a       0x54 ./freertos/freertos_kernel/list.o
                0x0000e05a                uxListRemove
 .text.xQueueGenericCreate
                0x0000e0ae       0xc4 ./freertos/freertos_kernel/queue.o
                0x0000e0ae                xQueueGenericCreate
 .text.prvInitialiseNewQueue
                0x0000e172       0x46 ./freertos/freertos_kernel/queue.o
 .text.prvInitialiseMutex
                0x0000e1b8       0x34 ./freertos/freertos_kernel/queue.o
 .text.xQueueCreateMutex
                0x0000e1ec       0x30 ./freertos/freertos_kernel/queue.o
                0x0000e1ec                xQueueCreateMutex
 .text.xQueueGenericSendFromISR
                0x0000e21c      0x15c ./freertos/freertos_kernel/queue.o
                0x0000e21c                xQueueGenericSendFromISR
 .text.prvGetDisinheritPriorityAfterTimeout
                0x0000e378       0x30 ./freertos/freertos_kernel/queue.o
 .text.prvCopyDataToQueue
                0x0000e3a8       0xd4 ./freertos/freertos_kernel/queue.o
 .text.prvCopyDataFromQueue
                0x0000e47c       0x4c ./freertos/freertos_kernel/queue.o
 .text.prvUnlockQueue
                0x0000e4c8       0xa4 ./freertos/freertos_kernel/queue.o
 .text.prvIsQueueEmpty
                0x0000e56c       0x2c ./freertos/freertos_kernel/queue.o
 .text.prvIsQueueFull
                0x0000e598       0x30 ./freertos/freertos_kernel/queue.o
 .text.vQueueWaitForMessageRestricted
                0x0000e5c8       0x68 ./freertos/freertos_kernel/queue.o
                0x0000e5c8                vQueueWaitForMessageRestricted
 .text.xTaskCreate
                0x0000e630       0x82 ./freertos/freertos_kernel/tasks.o
                0x0000e630                xTaskCreate
 .text.prvInitialiseNewTask
                0x0000e6b2      0x13c ./freertos/freertos_kernel/tasks.o
 .text.prvDeleteTCB
                0x0000e7ee       0x20 ./freertos/freertos_kernel/tasks.o
 .text.prvTimerTask
                0x0000e80e       0x26 ./freertos/freertos_kernel/timers.o
 .text.CLOCK_EnableClock
                0x0000e834       0x34 ./drivers/fsl_clock.o
 .text.CLOCK_DisableClock
                0x0000e868       0x38 ./drivers/fsl_clock.o
 .text.OSC_SetExtRefClkConfig
                0x0000e8a0       0x40 ./drivers/fsl_clock.o
 .text.OSC_SetCapLoad
                0x0000e8e0       0x34 ./drivers/fsl_clock.o
 .text.CLOCK_GetPll0RefFreq
                0x0000e914        0xe ./drivers/fsl_clock.o
 .text.CLOCK_GetFixedFreqClkFreq
                0x0000e922       0x34 ./drivers/fsl_clock.o
                0x0000e922                CLOCK_GetFixedFreqClkFreq
 .text.CLOCK_EnableClock
                0x0000e956       0x34 ./drivers/fsl_dac.o
 .text.CLOCK_EnableClock
                0x0000e98a       0x34 ./drivers/fsl_ftm.o
 .text.FTM_SetDeadTimeEnable
                0x0000e9be       0x52 ./drivers/fsl_ftm.o
 .text.FTM_SetComplementaryEnable
                0x0000ea10       0x52 ./drivers/fsl_ftm.o
 .text.FTM_EnableInterrupts
                0x0000ea62       0x88 ./drivers/fsl_ftm.o
                0x0000ea62                FTM_EnableInterrupts
 .text.FTM_DisableInterrupts
                0x0000eaea       0x88 ./drivers/fsl_ftm.o
                0x0000eaea                FTM_DisableInterrupts
 .text.FTM_ClearStatusFlags
                0x0000eb72       0x68 ./drivers/fsl_ftm.o
                0x0000eb72                FTM_ClearStatusFlags
 .text.GPIO_PinWrite
                0x0000ebda       0x36 ./drivers/fsl_gpio.o
 .text.CLOCK_EnableClock
                0x0000ec10       0x34 ./drivers/fsl_i2c.o
 .text.CLOCK_DisableClock
                0x0000ec44       0x38 ./drivers/fsl_i2c.o
 .text.EnableIRQ
                0x0000ec7c       0x32 ./drivers/fsl_i2c.o
 .text.I2C_Enable
                0x0000ecae       0x40 ./drivers/fsl_i2c.o
 .text.I2C_MasterClearStatusFlags
                0x0000ecee       0x5a ./drivers/fsl_i2c.o
 .text.I2C_InitTransferStateMachine
                0x0000ed48       0xd4 ./drivers/fsl_i2c.o
 .text.I2C_CheckAndClearError
                0x0000ee1c       0x44 ./drivers/fsl_i2c.o
 .text.I2C_EnableInterrupts
                0x0000ee60       0x56 ./drivers/fsl_i2c.o
                0x0000ee60                I2C_EnableInterrupts
 .text.I2C_DisableInterrupts
                0x0000eeb6       0x4a ./drivers/fsl_i2c.o
                0x0000eeb6                I2C_DisableInterrupts
 .text.I2C_MasterStart
                0x0000ef00       0x62 ./drivers/fsl_i2c.o
                0x0000ef00                I2C_MasterStart
 .text.I2C_MasterRepeatedStart
                0x0000ef62       0x9a ./drivers/fsl_i2c.o
                0x0000ef62                I2C_MasterRepeatedStart
 .text.I2C_MasterStop
                0x0000effc       0x3a ./drivers/fsl_i2c.o
                0x0000effc                I2C_MasterStop
 .text.I2C_MasterGetStatusFlags
                0x0000f036       0x4a ./drivers/fsl_i2c.o
                0x0000f036                I2C_MasterGetStatusFlags
 .text.I2C_MasterWriteBlocking
                0x0000f080       0xdc ./drivers/fsl_i2c.o
                0x0000f080                I2C_MasterWriteBlocking
 .text.I2C_MasterReadBlocking
                0x0000f15c       0xca ./drivers/fsl_i2c.o
                0x0000f15c                I2C_MasterReadBlocking
 .text.SMC_SetPowerModeHsrun
                0x0000f226       0x32 ./drivers/fsl_smc.o
                0x0000f226                SMC_SetPowerModeHsrun
 .text.CLOCK_EnableClock
                0x0000f258       0x34 ./drivers/fsl_uart.o
 .text.UART_GetStatusFlags
                0x0000f28c       0x48 ./drivers/fsl_uart.o
                0x0000f28c                UART_GetStatusFlags
 .text.UART_ClearStatusFlags
                0x0000f2d4       0x80 ./drivers/fsl_uart.o
                0x0000f2d4                UART_ClearStatusFlags
 .text.UART_WriteBlocking
                0x0000f354       0x50 ./drivers/fsl_uart.o
                0x0000f354                UART_WriteBlocking
 .text.UART0_RX_TX_DriverIRQHandler
                0x0000f3a4       0x12 ./drivers/fsl_uart.o
                0x0000f3a4                UART0_RX_TX_DriverIRQHandler
 .text.UART2_RX_TX_DriverIRQHandler
                0x0000f3b6       0x12 ./drivers/fsl_uart.o
                0x0000f3b6                UART2_RX_TX_DriverIRQHandler
 .text.UART3_RX_TX_DriverIRQHandler
                0x0000f3c8       0x12 ./drivers/fsl_uart.o
                0x0000f3c8                UART3_RX_TX_DriverIRQHandler
 .text.UART4_RX_TX_DriverIRQHandler
                0x0000f3da       0x12 ./drivers/fsl_uart.o
                0x0000f3da                UART4_RX_TX_DriverIRQHandler
 .text.SystemInitHook
                0x0000f3ec        0xe ./device/system_MK66F18.o
                0x0000f3ec                SystemInitHook
 .text.HAL_UartGetStatus
                0x0000f3fa       0x22 ./component/uart/fsl_adapter_uart.o
 .text.DisableGlobalIRQ
                0x0000f41c       0x22 ./component/serial_manager/fsl_component_serial_manager.o
 .text.EnableGlobalIRQ
                0x0000f43e       0x20 ./component/serial_manager/fsl_component_serial_manager.o
 .text.SerialManager_StartWriting
                0x0000f45e       0x38 ./component/serial_manager/fsl_component_serial_manager.o
 .text.SerialManager_Write
                0x0000f496       0x44 ./component/serial_manager/fsl_component_serial_manager.o
 .text.SerialManager_Init
                0x0000f4da       0x60 ./component/serial_manager/fsl_component_serial_manager.o
                0x0000f4da                SerialManager_Init
 .text.SerialManager_OpenWriteHandle
                0x0000f53a       0x50 ./component/serial_manager/fsl_component_serial_manager.o
                0x0000f53a                SerialManager_OpenWriteHandle
 .text.SerialManager_OpenReadHandle
                0x0000f58a       0x60 ./component/serial_manager/fsl_component_serial_manager.o
                0x0000f58a                SerialManager_OpenReadHandle
 .text.SerialManager_WriteBlocking
                0x0000f5ea       0x20 ./component/serial_manager/fsl_component_serial_manager.o
                0x0000f5ea                SerialManager_WriteBlocking
 .text.Serial_UartInit
                0x0000f60a       0x3e ./component/serial_manager/fsl_component_serial_port_uart.o
                0x0000f60a                Serial_UartInit
 .text.Serial_UartWrite
                0x0000f648       0x38 ./component/serial_manager/fsl_component_serial_port_uart.o
                0x0000f648                Serial_UartWrite
 .text.BOARD_InitDebugConsole
                0x0000f680       0x22 ./board/board.o
                0x0000f680                BOARD_InitDebugConsole
 .text.CLOCK_EnableClock
                0x0000f6a2       0x34 ./board/clock_config.o
 .text.CLOCK_DisableClock
                0x0000f6d6       0x38 ./board/clock_config.o
 .text.SMC_SetPowerModeProtection
                0x0000f70e       0x1e ./board/clock_config.o
 .text.SMC_GetPowerModeState
                0x0000f72c       0x1a ./board/clock_config.o
 .text.RTC_SetOscCapLoad
                0x0000f746       0x32 ./board/clock_config.o
 .text.BOARD_InitBootClocks
                0x0000f778        0xc ./board/clock_config.o
                0x0000f778                BOARD_InitBootClocks
 .text.CLOCK_EnableClock
                0x0000f784       0x34 ./board/pin_mux.o
 .text.PORT_SetPinMux
                0x0000f7b8       0x3a ./board/pin_mux.o
 .text.BOARD_InitBootPins
                0x0000f7f2       0x10 ./board/pin_mux.o
                0x0000f7f2                BOARD_InitBootPins
 .text.__main   0x0000f802        0xe /Applications/MCUXpressoIDE_25.6.136/ide/plugins/com.nxp.mcuxpresso.tools.macosx_25.6.0.202501151204/tools/bin/../lib/gcc/arm-none-eabi/14.2.1/../../../../arm-none-eabi/lib/thumb/v7e-m+fp/hard/libcr_nohost_nf.a(_cr__main.o)
                0x0000f802                __main
 .text.__sys_appexit
                0x0000f810        0x2 /Applications/MCUXpressoIDE_25.6.136/ide/plugins/com.nxp.mcuxpresso.tools.macosx_25.6.0.202501151204/tools/bin/../lib/gcc/arm-none-eabi/14.2.1/../../../../arm-none-eabi/lib/thumb/v7e-m+fp/hard/libcr_nohost_nf.a(__sys_appexit.o)
                0x0000f810                __exit
                0x0000f810                __sys_appexit
 .text.memcpy   0x0000f812        0x4 /Applications/MCUXpressoIDE_25.6.136/ide/plugins/com.nxp.mcuxpresso.tools.macosx_25.6.0.202501151204/tools/bin/../lib/gcc/arm-none-eabi/14.2.1/../../../../arm-none-eabi/lib/thumb/v7e-m+fp/hard/libcr_c.a(memcpy.o)
                0x0000f812                memcpy
 .text.memset   0x0000f816        0x4 /Applications/MCUXpressoIDE_25.6.136/ide/plugins/com.nxp.mcuxpresso.tools.macosx_25.6.0.202501151204/tools/bin/../lib/gcc/arm-none-eabi/14.2.1/../../../../arm-none-eabi/lib/thumb/v7e-m+fp/hard/libcr_c.a(memset.o)
                0x0000f816                memset
 .text._deferredlazyseek
                0x0000f81a       0x40 /Applications/MCUXpressoIDE_25.6.136/ide/plugins/com.nxp.mcuxpresso.tools.macosx_25.6.0.202501151204/tools/bin/../lib/gcc/arm-none-eabi/14.2.1/../../../../arm-none-eabi/lib/thumb/v7e-m+fp/hard/libcr_c.a(_deferredlazyseek.o)
                0x0000f81a                _deferredlazyseek
 .text.__flsbuf
                0x0000f85a      0x12a /Applications/MCUXpressoIDE_25.6.136/ide/plugins/com.nxp.mcuxpresso.tools.macosx_25.6.0.202501151204/tools/bin/../lib/gcc/arm-none-eabi/14.2.1/../../../../arm-none-eabi/lib/thumb/v7e-m+fp/hard/libcr_c.a(_deferredlazyseek.o)
                0x0000f85a                __flsbuf
 .text._fflush  0x0000f984       0x52 /Applications/MCUXpressoIDE_25.6.136/ide/plugins/com.nxp.mcuxpresso.tools.macosx_25.6.0.202501151204/tools/bin/../lib/gcc/arm-none-eabi/14.2.1/../../../../arm-none-eabi/lib/thumb/v7e-m+fp/hard/libcr_c.a(_fflush.o)
                0x0000f984                _fflush
 .text.free     0x0000f9d6       0x30 /Applications/MCUXpressoIDE_25.6.136/ide/plugins/com.nxp.mcuxpresso.tools.macosx_25.6.0.202501151204/tools/bin/../lib/gcc/arm-none-eabi/14.2.1/../../../../arm-none-eabi/lib/thumb/v7e-m+fp/hard/libcr_c.a(alloc.o)
                0x0000f9d6                free
 .text.fputs    0x0000fa06       0x2c /Applications/MCUXpressoIDE_25.6.136/ide/plugins/com.nxp.mcuxpresso.tools.macosx_25.6.0.202501151204/tools/bin/../lib/gcc/arm-none-eabi/14.2.1/../../../../arm-none-eabi/lib/thumb/v7e-m+fp/hard/libcr_c.a(fputs.o)
                0x0000fa06                fputs
 .text.no_fp_display
                0x0000fa32        0x4 /Applications/MCUXpressoIDE_25.6.136/ide/plugins/com.nxp.mcuxpresso.tools.macosx_25.6.0.202501151204/tools/bin/../lib/gcc/arm-none-eabi/14.2.1/../../../../arm-none-eabi/lib/thumb/v7e-m+fp/hard/libcr_c.a(printf.o)
 .text.setvbuf  0x0000fa36       0x3e /Applications/MCUXpressoIDE_25.6.136/ide/plugins/com.nxp.mcuxpresso.tools.macosx_25.6.0.202501151204/tools/bin/../lib/gcc/arm-none-eabi/14.2.1/../../../../arm-none-eabi/lib/thumb/v7e-m+fp/hard/libcr_c.a(setvbuf.o)
                0x0000fa36                setvbuf
 .text.abs      0x0000fa74        0x8 /Applications/MCUXpressoIDE_25.6.136/ide/plugins/com.nxp.mcuxpresso.tools.macosx_25.6.0.202501151204/tools/bin/../lib/gcc/arm-none-eabi/14.2.1/../../../../arm-none-eabi/lib/thumb/v7e-m+fp/hard/libcr_c.a(stdlib.o)
                0x0000fa74                abs
 .text.strcmp   0x0000fa7c       0x46 /Applications/MCUXpressoIDE_25.6.136/ide/plugins/com.nxp.mcuxpresso.tools.macosx_25.6.0.202501151204/tools/bin/../lib/gcc/arm-none-eabi/14.2.1/../../../../arm-none-eabi/lib/thumb/v7e-m+fp/hard/libcr_c.a(strcmp.o)
                0x0000fa7c                strcmp
 .text.strcpy   0x0000fac2       0x42 /Applications/MCUXpressoIDE_25.6.136/ide/plugins/com.nxp.mcuxpresso.tools.macosx_25.6.0.202501151204/tools/bin/../lib/gcc/arm-none-eabi/14.2.1/../../../../arm-none-eabi/lib/thumb/v7e-m+fp/hard/libcr_c.a(strcpy.o)
                0x0000fac2                strcpy
 .text.strlen   0x0000fb04       0x4e /Applications/MCUXpressoIDE_25.6.136/ide/plugins/com.nxp.mcuxpresso.tools.macosx_25.6.0.202501151204/tools/bin/../lib/gcc/arm-none-eabi/14.2.1/../../../../arm-none-eabi/lib/thumb/v7e-m+fp/hard/libcr_c.a(strlen.o)
                0x0000fb04                strlen
 .text.strncmp  0x0000fb52       0x56 /Applications/MCUXpressoIDE_25.6.136/ide/plugins/com.nxp.mcuxpresso.tools.macosx_25.6.0.202501151204/tools/bin/../lib/gcc/arm-none-eabi/14.2.1/../../../../arm-none-eabi/lib/thumb/v7e-m+fp/hard/libcr_c.a(strncmp.o)
                0x0000fb52                strncmp
 .text._fdopen  0x0000fba8       0x68 /Applications/MCUXpressoIDE_25.6.136/ide/plugins/com.nxp.mcuxpresso.tools.macosx_25.6.0.202501151204/tools/bin/../lib/gcc/arm-none-eabi/14.2.1/../../../../arm-none-eabi/lib/thumb/v7e-m+fp/hard/libcr_c.a(_fdopen.o)
                0x0000fba8                _fdopen
 .text.fclose   0x0000fc10       0x58 /Applications/MCUXpressoIDE_25.6.136/ide/plugins/com.nxp.mcuxpresso.tools.macosx_25.6.0.202501151204/tools/bin/../lib/gcc/arm-none-eabi/14.2.1/../../../../arm-none-eabi/lib/thumb/v7e-m+fp/hard/libcr_c.a(fclose.o)
                0x0000fc10                fclose
 .text.remove   0x0000fc68       0x14 /Applications/MCUXpressoIDE_25.6.136/ide/plugins/com.nxp.mcuxpresso.tools.macosx_25.6.0.202501151204/tools/bin/../lib/gcc/arm-none-eabi/14.2.1/../../../../arm-none-eabi/lib/thumb/v7e-m+fp/hard/libcr_c.a(remove.o)
                0x0000fc68                remove
 .text._do_fflush
                0x0000fc7c       0x40 /Applications/MCUXpressoIDE_25.6.136/ide/plugins/com.nxp.mcuxpresso.tools.macosx_25.6.0.202501151204/tools/bin/../lib/gcc/arm-none-eabi/14.2.1/../../../../arm-none-eabi/lib/thumb/v7e-m+fp/hard/libcr_c.a(_do_fflush.o)
                0x0000fc7c                _do_fflush
 .text.__aeabi_memcpy
                0x0000fcbc       0x34 /Applications/MCUXpressoIDE_25.6.136/ide/plugins/com.nxp.mcuxpresso.tools.macosx_25.6.0.202501151204/tools/bin/../lib/gcc/arm-none-eabi/14.2.1/thumb/v7e-m+fp/hard/libcr_eabihelpers.a(memcpy.o)
                0x0000fcbc                __aeabi_memcpy
                0x0000fcc6                __aeabi_memcpy4
                0x0000fcc6                __aeabi_memcpy8
 .text.__aeabi_memset_lowlevel
                0x0000fcf0       0x32 /Applications/MCUXpressoIDE_25.6.136/ide/plugins/com.nxp.mcuxpresso.tools.macosx_25.6.0.202501151204/tools/bin/../lib/gcc/arm-none-eabi/14.2.1/thumb/v7e-m+fp/hard/libcr_eabihelpers.a(memcpy.o)
                0x0000fcf0                __aeabi_lowlevel_memset
 .text.__sys_close
                0x0000fd22        0x6 /Applications/MCUXpressoIDE_25.6.136/ide/plugins/com.nxp.mcuxpresso.tools.macosx_25.6.0.202501151204/tools/bin/../lib/gcc/arm-none-eabi/14.2.1/../../../../arm-none-eabi/lib/thumb/v7e-m+fp/hard/libcr_nohost_nf.a(__sys_close.o)
                0x0000fd22                __sys_close
 .text.__sys_flen
                0x0000fd28        0x6 /Applications/MCUXpressoIDE_25.6.136/ide/plugins/com.nxp.mcuxpresso.tools.macosx_25.6.0.202501151204/tools/bin/../lib/gcc/arm-none-eabi/14.2.1/../../../../arm-none-eabi/lib/thumb/v7e-m+fp/hard/libcr_nohost_nf.a(__sys_flen.o)
                0x0000fd28                __sys_flen
 .text.__sys_istty
                0x0000fd2e        0x6 /Applications/MCUXpressoIDE_25.6.136/ide/plugins/com.nxp.mcuxpresso.tools.macosx_25.6.0.202501151204/tools/bin/../lib/gcc/arm-none-eabi/14.2.1/../../../../arm-none-eabi/lib/thumb/v7e-m+fp/hard/libcr_nohost_nf.a(__sys_istty.o)
                0x0000fd2e                __sys_istty
 .text.__sys_remove
                0x0000fd34        0x6 /Applications/MCUXpressoIDE_25.6.136/ide/plugins/com.nxp.mcuxpresso.tools.macosx_25.6.0.202501151204/tools/bin/../lib/gcc/arm-none-eabi/14.2.1/../../../../arm-none-eabi/lib/thumb/v7e-m+fp/hard/libcr_nohost_nf.a(__sys_remove.o)
                0x0000fd34                __sys_remove
 .text.__sys_seek
                0x0000fd3a        0x6 /Applications/MCUXpressoIDE_25.6.136/ide/plugins/com.nxp.mcuxpresso.tools.macosx_25.6.0.202501151204/tools/bin/../lib/gcc/arm-none-eabi/14.2.1/../../../../arm-none-eabi/lib/thumb/v7e-m+fp/hard/libcr_nohost_nf.a(__sys_seek.o)
                0x0000fd3a                __sys_seek
 .text.__sys_tmpnam
                0x0000fd40        0x6 /Applications/MCUXpressoIDE_25.6.136/ide/plugins/com.nxp.mcuxpresso.tools.macosx_25.6.0.202501151204/tools/bin/../lib/gcc/arm-none-eabi/14.2.1/../../../../arm-none-eabi/lib/thumb/v7e-m+fp/hard/libcr_nohost_nf.a(__sys_tmpnam.o)
                0x0000fd40                __sys_tmpnam
 .text.__sys_write
                0x0000fd46        0x4 /Applications/MCUXpressoIDE_25.6.136/ide/plugins/com.nxp.mcuxpresso.tools.macosx_25.6.0.202501151204/tools/bin/../lib/gcc/arm-none-eabi/14.2.1/../../../../arm-none-eabi/lib/thumb/v7e-m+fp/hard/libcr_nohost_nf.a(__sys_write.o)
                0x0000fd46                __sys_write
 *freertos*/tasks.o(SORT_BY_ALIGNMENT(.rodata*))
 *fill*         0x0000fd4a        0x2 ff
 .rodata.uxTopUsedPriority
                0x0000fd4c        0x4 ./freertos/freertos_kernel/tasks.o
                0x0000fd4c                uxTopUsedPriority
 .rodata.vTaskStartScheduler.str1.4
                0x0000fd50        0x5 ./freertos/freertos_kernel/tasks.o
 *(SORT_BY_ALIGNMENT(.rodata) SORT_BY_ALIGNMENT(.rodata.*) SORT_BY_ALIGNMENT(.constdata) SORT_BY_ALIGNMENT(.constdata.*))
 .rodata.Audio_Player_Init.str1.4
                0x0000fd50      0xd08 ./source/audio_player.o
                                 0x34 (size before relaxing)
 .rodata.Audio_Player_Play.str1.4
                0x00010a58       0x61 ./source/audio_player.o
 .rodata.PORT_SetPinConfig.str1.4
                0x00010a58       0x75 ./source/display_manager.o
 .rodata.Display_Init.str1.4
                0x00010a58       0x3b ./source/display_manager.o
 .rodata.Display_UpdateScreen.str1.4
                0x00010a58        0x6 ./source/display_manager.o
 .rodata.PORT_SetPinConfig.str1.4
                0x00010a58       0x75 ./source/i2c_hal.o
 .rodata.I2C_HAL_BusRecover.str1.4
                0x00010a58       0x8a ./source/i2c_hal.o
 .rodata        0x00010a58        0x2 ./source/i2c_hal.o
 .rodata.I2C_TransferWithTimeout.str1.4
                0x00010a5a       0x1e ./source/i2c_hal.o