Archive member included to satisfy reference by file (symbol)

C:/nxp/MCUXpressoIDE_25.6.136/ide/plugins/com.nxp.mcuxpresso.tools.win32_25.6.0.202501151204/tools/bin/../lib/gcc/arm-none-eabi/14.2.1/../../../../arm-none-eabi/lib/thumb/v7e-m+fp/hard\libcr_nohost_nf.a(_cr__main.o)
                              ./startup/startup_mk66f18.o (__main)
C:/nxp/MCUXpressoIDE_25.6.136/ide/plugins/com.nxp.mcuxpresso.tools.win32_25.6.0.202501151204/tools/bin/../lib/gcc/arm-none-eabi/14.2.1/../../../../arm-none-eabi/lib/thumb/v7e-m+fp/hard\libcr_nohost_nf.a(_cr_assert.o)
                              ./source/display_manager.o (__assertion_failed)
C:/nxp/MCUXpressoIDE_25.6.136/ide/plugins/com.nxp.mcuxpresso.tools.win32_25.6.0.202501151204/tools/bin/../lib/gcc/arm-none-eabi/14.2.1/../../../../arm-none-eabi/lib/thumb/v7e-m+fp/hard\libcr_nohost_nf.a(__ciob.o)
                              C:/nxp/MCUXpressoIDE_25.6.136/ide/plugins/com.nxp.mcuxpresso.tools.win32_25.6.0.202501151204/tools/bin/../lib/gcc/arm-none-eabi/14.2.1/../../../../arm-none-eabi/lib/thumb/v7e-m+fp/hard\libcr_nohost_nf.a(_cr_assert.o) (__Ciob)
C:/nxp/MCUXpressoIDE_25.6.136/ide/plugins/com.nxp.mcuxpresso.tools.win32_25.6.0.202501151204/tools/bin/../lib/gcc/arm-none-eabi/14.2.1/../../../../arm-none-eabi/lib/thumb/v7e-m+fp/hard\libcr_nohost_nf.a(__sys_appexit.o)
                              C:/nxp/MCUXpressoIDE_25.6.136/ide/plugins/com.nxp.mcuxpresso.tools.win32_25.6.0.202501151204/tools/bin/../lib/gcc/arm-none-eabi/14.2.1/../../../../arm-none-eabi/lib/thumb/v7e-m+fp/hard\libcr_nohost_nf.a(_cr_assert.o) (__sys_appexit)
C:/nxp/MCUXpressoIDE_25.6.136/ide/plugins/com.nxp.mcuxpresso.tools.win32_25.6.0.202501151204/tools/bin/../lib/gcc/arm-none-eabi/14.2.1/../../../../arm-none-eabi/lib/thumb/v7e-m+fp/hard\libcr_c.a(memcpy.o)
                              ./utilities/fsl_str.o (memcpy)
C:/nxp/MCUXpressoIDE_25.6.136/ide/plugins/com.nxp.mcuxpresso.tools.win32_25.6.0.202501151204/tools/bin/../lib/gcc/arm-none-eabi/14.2.1/../../../../arm-none-eabi/lib/thumb/v7e-m+fp/hard\libcr_c.a(memset.o)
                              ./utilities/fsl_debug_console.o (memset)
C:/nxp/MCUXpressoIDE_25.6.136/ide/plugins/com.nxp.mcuxpresso.tools.win32_25.6.0.202501151204/tools/bin/../lib/gcc/arm-none-eabi/14.2.1/../../../../arm-none-eabi/lib/thumb/v7e-m+fp/hard\libcr_c.a(_deferredlazyseek.o)
                              C:/nxp/MCUXpressoIDE_25.6.136/ide/plugins/com.nxp.mcuxpresso.tools.win32_25.6.0.202501151204/tools/bin/../lib/gcc/arm-none-eabi/14.2.1/../../../../arm-none-eabi/lib/thumb/v7e-m+fp/hard\libcr_nohost_nf.a(_cr_assert.o) (__flsbuf)
C:/nxp/MCUXpressoIDE_25.6.136/ide/plugins/com.nxp.mcuxpresso.tools.win32_25.6.0.202501151204/tools/bin/../lib/gcc/arm-none-eabi/14.2.1/../../../../arm-none-eabi/lib/thumb/v7e-m+fp/hard\libcr_c.a(_fflush.o)
                              C:/nxp/MCUXpressoIDE_25.6.136/ide/plugins/com.nxp.mcuxpresso.tools.win32_25.6.0.202501151204/tools/bin/../lib/gcc/arm-none-eabi/14.2.1/../../../../arm-none-eabi/lib/thumb/v7e-m+fp/hard\libcr_c.a(_deferredlazyseek.o) (_fflush)
C:/nxp/MCUXpressoIDE_25.6.136/ide/plugins/com.nxp.mcuxpresso.tools.win32_25.6.0.202501151204/tools/bin/../lib/gcc/arm-none-eabi/14.2.1/../../../../arm-none-eabi/lib/thumb/v7e-m+fp/hard\libcr_c.a(_writebuf.o)
                              C:/nxp/MCUXpressoIDE_25.6.136/ide/plugins/com.nxp.mcuxpresso.tools.win32_25.6.0.202501151204/tools/bin/../lib/gcc/arm-none-eabi/14.2.1/../../../../arm-none-eabi/lib/thumb/v7e-m+fp/hard\libcr_c.a(_deferredlazyseek.o) (_Cwritebuf)
C:/nxp/MCUXpressoIDE_25.6.136/ide/plugins/com.nxp.mcuxpresso.tools.win32_25.6.0.202501151204/tools/bin/../lib/gcc/arm-none-eabi/14.2.1/../../../../arm-none-eabi/lib/thumb/v7e-m+fp/hard\libcr_c.a(alloc.o)
                              ./drivers/fsl_common.o (malloc)
C:/nxp/MCUXpressoIDE_25.6.136/ide/plugins/com.nxp.mcuxpresso.tools.win32_25.6.0.202501151204/tools/bin/../lib/gcc/arm-none-eabi/14.2.1/../../../../arm-none-eabi/lib/thumb/v7e-m+fp/hard\libcr_c.a(errno.o)
                              ./utilities/fsl_str.o (errno)
C:/nxp/MCUXpressoIDE_25.6.136/ide/plugins/com.nxp.mcuxpresso.tools.win32_25.6.0.202501151204/tools/bin/../lib/gcc/arm-none-eabi/14.2.1/../../../../arm-none-eabi/lib/thumb/v7e-m+fp/hard\libcr_c.a(fputs.o)
                              C:/nxp/MCUXpressoIDE_25.6.136/ide/plugins/com.nxp.mcuxpresso.tools.win32_25.6.0.202501151204/tools/bin/../lib/gcc/arm-none-eabi/14.2.1/../../../../arm-none-eabi/lib/thumb/v7e-m+fp/hard\libcr_nohost_nf.a(_cr_assert.o) (fputs)
C:/nxp/MCUXpressoIDE_25.6.136/ide/plugins/com.nxp.mcuxpresso.tools.win32_25.6.0.202501151204/tools/bin/../lib/gcc/arm-none-eabi/14.2.1/../../../../arm-none-eabi/lib/thumb/v7e-m+fp/hard\libcr_c.a(fseek.o)
[...]
Memory Configuration

Name             Origin             Length             Attributes
PROGRAM_FLASH    0x00000000         0x00200000         xr
SRAM_UPPER       0x20000000         0x00030000         xrw
SRAM_LOWER       0x1fff0000         0x00010000         xrw
FLEX_RAM         0x14000000         0x00001000         xrw
*default*        0x00000000         0xffffffff

Linker script and memory map

LOAD ./utilities/fsl_debug_console.o
LOAD ./utilities/fsl_str.o
LOAD ./startup/startup_mk66f18.o
LOAD ./source/audio_player.o
LOAD ./source/display_manager.o
LOAD ./source/i2c_hal.o
LOAD ./source/main.o
LOAD ./source/semihost_hardfault.o
LOAD ./source/vibration_motor.o
LOAD ./source/vision_tof.o
LOAD ./source/vl53l0x_api.o
LOAD ./source/vl53l0x_api_calibration.o
LOAD ./source/vl53l0x_api_core.o
LOAD ./source/vl53l0x_api_ranging.o
LOAD ./source/vl53l0x_api_strings.o
LOAD ./source/vl53l0x_platform.o
LOAD ./freertos/freertos_kernel/portable/MemMang/heap_4.o
LOAD ./freertos/freertos_kernel/portable/GCC/ARM_CM4F/port.o
LOAD ./freertos/freertos_kernel/croutine.o
LOAD ./freertos/freertos_kernel/event_groups.o
LOAD ./freertos/freertos_kernel/list.o
LOAD ./freertos/freertos_kernel/queue.o
LOAD ./freertos/freertos_kernel/stream_buffer.o
LOAD ./freertos/freertos_kernel/tasks.o
LOAD ./freertos/freertos_kernel/timers.o
LOAD ./drivers/fsl_clock.o
LOAD ./drivers/fsl_common.o
LOAD ./drivers/fsl_common_arm.o
LOAD ./drivers/fsl_dac.o
LOAD ./drivers/fsl_ftm.o
LOAD ./drivers/fsl_gpio.o
LOAD ./drivers/fsl_i2c.o
LOAD ./drivers/fsl_pit.o
LOAD ./drivers/fsl_rtc.o
LOAD ./drivers/fsl_smc.o
LOAD ./drivers/fsl_uart.o
LOAD ./device/system_MK66F18.o
LOAD ./component/uart/fsl_adapter_uart.o
LOAD ./component/serial_manager/fsl_component_serial_manager.o
LOAD ./component/serial_manager/fsl_component_serial_port_uart.o
LOAD ./component/lists/fsl_component_generic_list.o
LOAD ./board/board.o
LOAD ./board/clock_config.o
LOAD ./board/peripherals.o
LOAD ./board/pin_mux.o
START GROUP
LOAD C:/nxp/MCUXpressoIDE_25.6.136/ide/plugins/com.nxp.mcuxpresso.tools.win32_25.6.0.202501151204/tools/bin/../lib/gcc/arm-none-eabi/14.2.1/../../../../arm-none-eabi/lib/thumb/v7e-m+fp/hard\libcr_nohost_nf.a
LOAD C:/nxp/MCUXpressoIDE_25.6.136/ide/plugins/com.nxp.mcuxpresso.tools.win32_25.6.0.202501151204/tools/bin/../lib/gcc/arm-none-eabi/14.2.1/../../../../arm-none-eabi/lib/thumb/v7e-m+fp/hard\libcr_c.a
LOAD C:/nxp/MCUXpressoIDE_25.6.136/ide/plugins/com.nxp.mcuxpresso.tools.win32_25.6.0.202501151204/tools/bin/../lib/gcc/arm-none-eabi/14.2.1/thumb/v7e-m+fp/hard\libcr_eabihelpers.a
LOAD C:/nxp/MCUXpressoIDE_25.6.136/ide/plugins/com.nxp.mcuxpresso.tools.win32_25.6.0.202501151204/tools/bin/../lib/gcc/arm-none-eabi/14.2.1/thumb/v7e-m+fp/hard\libgcc.a
END GROUP
                0x00000000                        __base_PROGRAM_FLASH = 0x0
                0x00000000                        __base_Flash = 0x0
                0x00200000                        __top_PROGRAM_FLASH = 0x200000
                0x00200000                        __top_Flash = 0x200000
                0x20000000                        __base_SRAM_UPPER = 0x20000000
                0x20000000                        __base_RAM = 0x20000000
                0x20030000                        __top_SRAM_UPPER = 0x20030000
                0x20030000                        __top_RAM = 0x20030000
                0x1fff0000                        __base_SRAM_LOWER = 0x1fff0000
                0x1fff0000                        __base_RAM2 = 0x1fff0000
                0x20000000                        __top_SRAM_LOWER = 0x20000000
                0x20000000                        __top_RAM2 = 0x20000000
                0x14000000                        __base_FLEX_RAM = 0x14000000
                0x14000000                        __base_RAM3 = 0x14000000
                0x14001000                        __top_FLEX_RAM = 0x14001000
                0x14001000                        __top_RAM3 = 0x14001000

.text           0x00000000     0xf3c0
 FILL mask 0xff
                0x00000000                        __vectors_start__ = ABSOLUTE (.)
 *(SORT_BY_ALIGNMENT(.isr_vector))
 .isr_vector    0x00000000      0x1d0 ./startup/startup_mk66f18.o
                0x00000000                g_pfnVectors
                0x00000000                __Vectors
                0x000001d0                        . = ALIGN (0x4)
                0x000001d0                        __section_table_start = .
                0x000001d0                        __data_section_table = .
                0x000001d0        0x4 LONG 0xf3c0 LOADADDR (.data)
                0x000001d4        0x4 LONG 0x20000000 ADDR (.data)
                0x000001d8        0x4 LONG 0x2d0 SIZEOF (.data)
                0x000001dc        0x4 LONG 0xf3c0 LOADADDR (.data_RAM2)
                0x000001e0        0x4 LONG 0x1fff0000 ADDR (.data_RAM2)
                0x000001e4        0x4 LONG 0x0 SIZEOF (.data_RAM2)
                0x000001e8        0x4 LONG 0xf3c0 LOADADDR (.data_RAM3)
                0x000001ec        0x4 LONG 0x14000000 ADDR (.data_RAM3)
                0x000001f0        0x4 LONG 0x0 SIZEOF (.data_RAM3)
                0x000001f4                        __data_section_table_end = .
                0x000001f4                        __bss_section_table = .
                0x000001f4        0x4 LONG 0x200002d0 ADDR (.bss)
                0x000001f8        0x4 LONG 0x1f178 SIZEOF (.bss)
                0x000001fc        0x4 LONG 0x1fff0000 ADDR (.bss_RAM2)
                0x00000200        0x4 LONG 0x0 SIZEOF (.bss_RAM2)
                0x00000204        0x4 LONG 0x14000000 ADDR (.bss_RAM3)
                0x00000208        0x4 LONG 0x0 SIZEOF (.bss_RAM3)
                0x0000020c                        __bss_section_table_end = .
                0x0000020c                        __section_table_end = .
 *(SORT_BY_ALIGNMENT(.after_vectors*))
 .after_vectors.reset
                0x0000020c       0x4c ./startup/startup_mk66f18.o
                0x0000020c                ResetISR
 .after_vectors.init_data
                0x00000258       0x1e ./startup/startup_mk66f18.o
                0x00000258                data_init
 .after_vectors.init_bss
                0x00000276       0x12 ./startup/startup_mk66f18.o
                0x00000276                bss_init
 .after_vectors
                0x00000288       0x14 ./startup/startup_mk66f18.o
                0x00000288                NMI_Handler
                0x0000028c                MemManage_Handler
                0x0000028e                BusFault_Handler
                0x00000290                UsageFault_Handler
                0x00000294                DebugMon_Handler
                0x0000029a                DMA_Error_DriverIRQHandler
                0x0000029a                LPTMR0_DriverIRQHandler
                0x0000029a                FTM1_DriverIRQHandler
                0x0000029a                FTM2_DriverIRQHandler
                0x0000029a                PIT2_DriverIRQHandler
                0x0000029a                TPM2_DriverIRQHandler
                0x0000029a                SDHC_DriverIRQHandler
                0x0000029a                DMA7_DMA23_DriverIRQHandler
                0x0000029a                I2S0_Tx_DriverIRQHandler
                0x0000029a                TSI0_DriverIRQHandler
                0x0000029a                RTC_Seconds_DriverIRQHandler
                0x0000029a                CMP3_DriverIRQHandler
                0x0000029a                LLWU_DriverIRQHandler
                0x0000029a                MCM_DriverIRQHandler
                0x0000029a                DMA14_DMA30_DriverIRQHandler
                0x0000029a                MCG_DriverIRQHandler
                0x0000029a                ENET_1588_Timer_DriverIRQHandler
                0x0000029a                DAC1_DriverIRQHandler
                0x0000029a                SPI1_DriverIRQHandler
                0x0000029a                CMP1_DriverIRQHandler
                0x0000029a                USBHSDCD_DriverIRQHandler
                0x0000029a                DMA0_DMA16_DriverIRQHandler
                0x0000029a                FTM0_DriverIRQHandler
                0x0000029a                IntDefaultHandler
                0x0000029a                USB0_DriverIRQHandler
                0x0000029a                PORTC_DriverIRQHandler
                0x0000029a                DMA2_DMA18_DriverIRQHandler
                0x0000029a                DAC0_DriverIRQHandler
                0x0000029a                CMP2_DriverIRQHandler
                0x0000029a                UART2_ERR_DriverIRQHandler
                0x0000029a                SPI2_DriverIRQHandler
                0x0000029a                LVD_LVW_DriverIRQHandler
                0x0000029a                Reserved84_DriverIRQHandler
                0x0000029a                PIT0_DriverIRQHandler
                0x0000029a                PORTB_DriverIRQHandler
                0x0000029a                USBDCD_DriverIRQHandler
                0x0000029a                UART3_ERR_DriverIRQHandler
                0x0000029a                DMA12_DMA28_DriverIRQHandler
                0x0000029a                DMA10_DMA26_DriverIRQHandler
                0x0000029a                UART0_ERR_DriverIRQHandler
                0x0000029a                CMT_DriverIRQHandler
                0x0000029a                Reserved71_DriverIRQHandler
                0x0000029a                ADC1_DriverIRQHandler
                0x0000029a                PORTA_DriverIRQHandler
                0x0000029a                DMA1_DMA17_DriverIRQHandler
                0x0000029a                PIT3_DriverIRQHandler
                0x0000029a                PIT1_DriverIRQHandler
                0x0000029a                TPM1_DriverIRQHandler
                0x0000029a                WDOG_EWM_DriverIRQHandler
                0x0000029a                PDB0_DriverIRQHandler
                0x0000029a                DMA8_DMA24_DriverIRQHandler
                0x0000029a                DMA6_DMA22_DriverIRQHandler
                0x0000029a                RTC_DriverIRQHandler
                0x0000029a                I2S0_Rx_DriverIRQHandler
                0x0000029a                Read_Collision_DriverIRQHandler
                0x0000029a                SWI_DriverIRQHandler
                0x0000029a                UART4_ERR_DriverIRQHandler
                0x0000029a                DMA13_DMA29_DriverIRQHandler
                0x0000029a                DMA11_DMA27_DriverIRQHandler
                0x0000029a                DMA4_DMA20_DriverIRQHandler
                0x0000029a                DMA9_DMA25_DriverIRQHandler
                0x0000029a                ENET_Receive_DriverIRQHandler
                0x0000029a                DMA3_DMA19_DriverIRQHandler
                0x0000029a                ENET_Error_DriverIRQHandler
                0x0000029a                LPUART0_DriverIRQHandler
                0x0000029a                Reserved85_DriverIRQHandler
                0x0000029a                SPI0_DriverIRQHandler
                0x0000029a                ADC0_DriverIRQHandler
                0x0000029a                USBHS_DriverIRQHandler
                0x0000029a                CMP0_DriverIRQHandler
                0x0000029a                CAN0_DriverIRQHandler
                0x0000029a                FTM3_DriverIRQHandler
                0x0000029a                DMA5_DMA21_DriverIRQHandler
                0x0000029a                RNG_DriverIRQHandler
                0x0000029a                DMA15_DMA31_DriverIRQHandler
                0x0000029a                UART1_ERR_DriverIRQHandler
                0x0000029a                ENET_Transmit_DriverIRQHandler
                0x0000029a                PORTD_DriverIRQHandler
                0x0000029a                Reserved46_DriverIRQHandler
                0x0000029a                PORTE_DriverIRQHandler
                0x0000029a                FTFE_DriverIRQHandler
                0x0000029a                CAN1_DriverIRQHandler
                0x00000400                        . = 0x400
 *fill*         0x0000029c      0x164 ff
                0x00000400                        PROVIDE (__FLASH_CONFIG_START__ = .)
 *(SORT_BY_ALIGNMENT(.FlashConfig))
 .FlashConfig   0x00000400       0x10 ./startup/startup_mk66f18.o
                0x00000400                Flash_Config
                0x00000410                        PROVIDE (__FLASH_CONFIG_END__ = .)
                0x00000001                        ASSERT (! ((__FLASH_CONFIG_START__ == __FLASH_CONFIG_END__)), Linker Flash Config Support Enabled, but no .FlashConfig section provided within application)
 *(SORT_BY_ALIGNMENT(.text*))
 .text.SVC_Handler
                0x00000410       0x28 ./freertos/freertos_kernel/portable/GCC/ARM_CM4F/port.o
                0x00000410                SVC_Handler
 *fill*         0x00000438        0x8 ff
 .text.PendSV_Handler
                0x00000440       0x68 ./freertos/freertos_kernel/portable/GCC/ARM_CM4F/port.o
                0x00000440                PendSV_Handler
 .text.DbgConsole_SendDataReliable
                0x000004a8       0x54 ./utilities/fsl_debug_console.o
                0x000004a8                DbgConsole_SendDataReliable
 .text.DbgConsole_Init
                0x000004fc      0x118 ./utilities/fsl_debug_console.o
                0x000004fc                DbgConsole_Init
 .text.DbgConsole_Vprintf
                0x00000614       0x68 ./utilities/fsl_debug_console.o
                0x00000614                DbgConsole_Vprintf
 .text.__NVIC_EnableIRQ
                0x0000067c       0x3c ./source/audio_player.o
 .text.__NVIC_SetPriority
                0x000006b8       0x54 ./source/audio_player.o
 .text.FTM0_IRQHandler
                0x0000070c       0x98 ./source/audio_player.o
                0x0000070c                FTM0_IRQHandler
 .text.Audio_Player_Init
                0x000007a4       0xa4 ./source/audio_player.o
                0x000007a4                Audio_Player_Init
 .text.Audio_Player_Play
                0x00000848       0xa8 ./source/audio_player.o
                0x00000848                Audio_Player_Play
 .text.Audio_Player_IsBusy
                0x000008f0       0x18 ./source/audio_player.o
                0x000008f0                Audio_Player_IsBusy
 .text.PORT_SetPinConfig
                0x00000908       0x38 ./source/display_manager.o
 .text.Init_I2C1_Pins
                0x00000940       0x54 ./source/display_manager.o
 .text.Init_I2C1_Peripheral
                0x00000994       0x34 ./source/display_manager.o
 .text.I2C_WriteByte
                0x000009c8       0x48 ./source/display_manager.o
 .text.LCD_SetCursor
                0x00000a10       0x40 ./source/display_manager.o
 .text.Display_Init
                0x00000a50       0x88 ./source/display_manager.o
                0x00000a50                Display_Init
 .text.Display_UpdateScreen
                0x00000ad8       0x58 ./source/display_manager.o
                0x00000ad8                Display_UpdateScreen
 .text.PORT_SetPinConfig
                0x00000b30       0x38 ./source/i2c_hal.o
 .text.I2C_HAL_Init
                0x00000b68       0x88 ./source/i2c_hal.o
                0x00000b68                I2C_HAL_Init
 .text.I2C_HAL_ReadRegs
                0x00000bf0       0x5c ./source/i2c_hal.o
                0x00000bf0                I2C_HAL_ReadRegs
 .text.I2C_HAL_WriteRegs
                0x00000c4c       0x5c ./source/i2c_hal.o
                0x00000c4c                I2C_HAL_WriteRegs
 .text.PORT_SetPinConfig
                0x00000ca8       0x38 ./source/main.o
 .text.InitHardware
                0x00000ce0       0xdc ./source/main.o
                0x00000ce0                InitHardware
 .text.main     0x00000dbc       0x58 ./source/main.o
                0x00000dbc                main
 .text.Vibration_Motor_Init
                0x00000e14       0x84 ./source/vibration_motor.o
                0x00000e14                Vibration_Motor_Init
 .text.Vibration_Motor_SetIntensity
                0x00000e98       0x64 ./source/vibration_motor.o
                0x00000e98                Vibration_Motor_SetIntensity
 .text.Vibration_Motor_Off
                0x00000efc       0x20 ./source/vibration_motor.o
                0x00000efc                Vibration_Motor_Off
 .text.ParseDetectionJSON
                0x00000f1c       0xf4 ./source/vision_tof.o
 .text.UART_ReadLine
                0x00001010      0x12c ./source/vision_tof.o
 .text.UART_ReadBytes
                0x0000113c       0x88 ./source/vision_tof.o
 .text.Motor_Task
                0x000011c4      0x190 ./source/vision_tof.o
 .text.Comm_Task
                0x00001354      0x298 ./source/vision_tof.o
 .text.Button_Task
                0x000015ec      0x110 ./source/vision_tof.o
 .text.Vision_ToF_Init
                0x000016fc       0x68 ./source/vision_tof.o
                0x000016fc                Vision_ToF_Init
 .text.VL53L0X_DataInit
                0x00001764      0x30c ./source/vl53l0x_api.o
                0x00001764                VL53L0X_DataInit
 .text.VL53L0X_StaticInit
                0x00001a70      0x304 ./source/vl53l0x_api.o
                0x00001a70                VL53L0X_StaticInit
 .text.VL53L0X_SetDeviceMode
                0x00001d74       0x58 ./source/vl53l0x_api.o
                0x00001d74                VL53L0X_SetDeviceMode
 .text.VL53L0X_SetSequenceStepEnable
                0x00001dcc      0x140 ./source/vl53l0x_api.o
                0x00001dcc                VL53L0X_SetSequenceStepEnable
 .text.sequence_step_enabled
                0x00001f0c       0xa4 ./source/vl53l0x_api.o
                0x00001f0c                sequence_step_enabled
 .text.VL53L0X_SetLimitCheckEnable
                0x00001fb0      0x118 ./source/vl53l0x_api.o
                0x00001fb0                VL53L0X_SetLimitCheckEnable
 .text.VL53L0X_SetLimitCheckValue
                0x000020c8       0xc4 ./source/vl53l0x_api.o
                0x000020c8                VL53L0X_SetLimitCheckValue
 .text.VL53L0X_GetLimitCheckValue
                0x0000218c      0x11c ./source/vl53l0x_api.o
                0x0000218c                VL53L0X_GetLimitCheckValue
 .text.VL53L0X_CheckAndLoadInterruptSettings
                0x000022a8      0x1e4 ./source/vl53l0x_api.o
                0x000022a8                VL53L0X_CheckAndLoadInterruptSettings
 .text.VL53L0X_GetRangingMeasurementData
                0x0000248c      0x238 ./source/vl53l0x_api.o
                0x0000248c                VL53L0X_GetRangingMeasurementData
 .text.VL53L0X_SetGpioConfig
                0x000026c4      0x244 ./source/vl53l0x_api.o
                0x000026c4                VL53L0X_SetGpioConfig
 .text.VL53L0X_GetInterruptThresholds
                0x00002908       0x68 ./source/vl53l0x_api.o
                0x00002908                VL53L0X_GetInterruptThresholds
 .text.is_aperture
                0x00002970       0x34 ./source/vl53l0x_api_calibration.o
                0x00002970                is_aperture
 .text.VL53L0X_calc_timeout_mclks
                0x000029a4       0x54 ./source/vl53l0x_api_core.o
                0x000029a4                VL53L0X_calc_timeout_mclks
 .text.VL53L0X_calc_timeout_us
                0x000029f8       0x54 ./source/vl53l0x_api_core.o
                0x000029f8                VL53L0X_calc_timeout_us
 .text.VL53L0X_load_tuning_settings
                0x00002a4c      0x1c4 ./source/vl53l0x_api_core.o
                0x00002a4c                VL53L0X_load_tuning_settings
 .text.VL53L0X_calc_sigma_estimate
                0x00002c10      0x460 ./source/vl53l0x_api_core.o
                0x00002c10                VL53L0X_calc_sigma_estimate
 .text.pvPortMalloc
                0x00003070      0x1c4 ./freertos/freertos_kernel/portable/MemMang/heap_4.o
                0x00003070                pvPortMalloc
 .text.vPortFree
                0x00003234       0xc8 ./freertos/freertos_kernel/portable/MemMang/heap_4.o
                0x00003234                vPortFree
 .text.prvHeapInit
                0x000032fc       0xc4 ./freertos/freertos_kernel/portable/MemMang/heap_4.o
 .text.prvInsertBlockIntoFreeList
                0x000033c0       0xb4 ./freertos/freertos_kernel/portable/MemMang/heap_4.o
 .text.pxPortInitialiseStack
                0x00003474       0x68 ./freertos/freertos_kernel/portable/GCC/ARM_CM4F/port.o
                0x00003474                pxPortInitialiseStack
 .text.prvTaskExitError
                0x000034dc       0x5c ./freertos/freertos_kernel/portable/GCC/ARM_CM4F/port.o
 .text.prvPortStartFirstTask
                0x00003538       0x2c ./freertos/freertos_kernel/portable/GCC/ARM_CM4F/port.o
 .text.xPortStartScheduler
                0x00003564      0x148 ./freertos/freertos_kernel/portable/GCC/ARM_CM4F/port.o
                0x00003564                xPortStartScheduler
 .text.vPortEnterCritical
                0x000036ac       0x64 ./freertos/freertos_kernel/portable/GCC/ARM_CM4F/port.o
                0x000036ac                vPortEnterCritical
 .text.vPortExitCritical
                0x00003710       0x54 ./freertos/freertos_kernel/portable/GCC/ARM_CM4F/port.o
                0x00003710                vPortExitCritical
 .text.SysTick_Handler
                0x00003764       0x44 ./freertos/freertos_kernel/portable/GCC/ARM_CM4F/port.o
                0x00003764                SysTick_Handler
 .text.vPortSetupTimerInterrupt
                0x000037a8       0x48 ./freertos/freertos_kernel/portable/GCC/ARM_CM4F/port.o
                0x000037a8                vPortSetupTimerInterrupt
 .text.vPortEnableVFP
                0x000037f0       0x18 ./freertos/freertos_kernel/portable/GCC/ARM_CM4F/port.o
 .text.vPortValidateInterruptPriority
                0x00003808       0x84 ./freertos/freertos_kernel/portable/GCC/ARM_CM4F/port.o
                0x00003808                vPortValidateInterruptPriority
 .text.xQueueGenericReset
                0x0000388c       0xd4 ./freertos/freertos_kernel/queue.o
                0x0000388c                xQueueGenericReset
 .text.xQueueGenericSend
                0x00003960      0x204 ./freertos/freertos_kernel/queue.o
                0x00003960                xQueueGenericSend
 .text.xQueueReceive
                0x00003b64      0x1c4 ./freertos/freertos_kernel/queue.o
                0x00003b64                xQueueReceive
 .text.vQueueAddToRegistry
                0x00003d28       0x54 ./freertos/freertos_kernel/queue.o
                0x00003d28                vQueueAddToRegistry
 .text.prvAddNewTaskToReadyList
                0x00003d7c       0xdc ./freertos/freertos_kernel/tasks.o
 .text.vTaskDelay
                0x00003e58       0x6c ./freertos/freertos_kernel/tasks.o
                0x00003e58                vTaskDelay
 .text.vTaskStartScheduler
                0x00003ec4       0xa4 ./freertos/freertos_kernel/tasks.o
                0x00003ec4                vTaskStartScheduler
 .text.vTaskSuspendAll
                0x00003f68       0x1c ./freertos/freertos_kernel/tasks.o
                0x00003f68                vTaskSuspendAll
 .text.xTaskResumeAll
                0x00003f84      0x13c ./freertos/freertos_kernel/tasks.o
                0x00003f84                xTaskResumeAll
 .text.xTaskGetTickCount
                0x000040c0       0x20 ./freertos/freertos_kernel/tasks.o
                0x000040c0                xTaskGetTickCount
 .text.xTaskIncrementTick
                0x000040e0      0x158 ./freertos/freertos_kernel/tasks.o
                0x000040e0                xTaskIncrementTick
 .text.vTaskSwitchContext
                0x00004238       0xb8 ./freertos/freertos_kernel/tasks.o
                0x00004238                vTaskSwitchContext
 .text.vTaskPlaceOnEventList
                0x000042f0       0x4c ./freertos/freertos_kernel/tasks.o
                0x000042f0                vTaskPlaceOnEventList
 .text.vTaskPlaceOnEventListRestricted
                0x0000433c       0x58 ./freertos/freertos_kernel/tasks.o
                0x0000433c                vTaskPlaceOnEventListRestricted
 .text.xTaskRemoveFromEventList
                0x00004394       0xc8 ./freertos/freertos_kernel/tasks.o
                0x00004394                xTaskRemoveFromEventList
 .text.vTaskInternalSetTimeOutState
                0x0000445c       0x2c ./freertos/freertos_kernel/tasks.o
                0x0000445c                vTaskInternalSetTimeOutState
 .text.xTaskCheckForTimeOut
                0x00004488       0xd0 ./freertos/freertos_kernel/tasks.o
                0x00004488                xTaskCheckForTimeOut
 .text.vTaskMissedYield
                0x00004558       0x18 ./freertos/freertos_kernel/tasks.o
                0x00004558                vTaskMissedYield
 .text.prvIdleTask
                0x00004570       0x30 ./freertos/freertos_kernel/tasks.o
 .text.prvInitialiseTaskLists
                0x000045a0       0x80 ./freertos/freertos_kernel/tasks.o
 .text.prvCheckTasksWaitingTermination
                0x00004620       0x5c ./freertos/freertos_kernel/tasks.o
 .text.prvResetNextTaskUnblockTime
                0x0000467c       0x38 ./freertos/freertos_kernel/tasks.o
 .text.xTaskGetSchedulerState
                0x000046b4       0x3c ./freertos/freertos_kernel/tasks.o
                0x000046b4                xTaskGetSchedulerState
 .text.xTaskPriorityDisinherit
                0x000046f0       0xf8 ./freertos/freertos_kernel/tasks.o
                0x000046f0                xTaskPriorityDisinherit
 .text.prvAddCurrentTaskToDelayedList
                0x000047e8       0xcc ./freertos/freertos_kernel/tasks.o
 .text.xTimerCreateTimerTask
                0x000048b4       0x64 ./freertos/freertos_kernel/timers.o
                0x000048b4                xTimerCreateTimerTask
 .text.xTimerGenericCommand
                0x00004918       0x9c ./freertos/freertos_kernel/timers.o
                0x00004918                xTimerGenericCommand
 .text.prvProcessExpiredTimer
                0x000049b4       0x9c ./freertos/freertos_kernel/timers.o
 .text.prvProcessTimerOrBlockTask
                0x00004a50       0x9c ./freertos/freertos_kernel/timers.o
 .text.prvGetNextExpireTime
                0x00004aec       0x48 ./freertos/freertos_kernel/timers.o
 .text.prvSampleTimeNow
                0x00004b34       0x40 ./freertos/freertos_kernel/timers.o
 .text.prvInsertTimerInActiveList
                0x00004b74       0x84 ./freertos/freertos_kernel/timers.o
 .text.prvProcessReceivedCommands
                0x00004bf8      0x1cc ./freertos/freertos_kernel/timers.o
 .text.prvSwitchTimerLists
                0x00004dc4       0xcc ./freertos/freertos_kernel/timers.o
 .text.prvCheckForValidListAndQueue
                0x00004e90       0x6c ./freertos/freertos_kernel/timers.o
 .text.CLOCK_SetEr32kClock
                0x00004efc       0x30 ./drivers/fsl_clock.o
 .text.CLOCK_SetPllFllSelClock
                0x00004f2c       0x54 ./drivers/fsl_clock.o
 .text.CLOCK_GetMcgExtClkFreq
                0x00004f80       0x7c ./drivers/fsl_clock.o
 .text.CLOCK_GetFllExtRefClkFreq
                0x00004ffc       0xb0 ./drivers/fsl_clock.o
 .text.CLOCK_GetInternalRefClkSelectFreq
                0x000050ac       0x4c ./drivers/fsl_clock.o
 .text.CLOCK_GetFllRefClkFreq
                0x000050f8       0x34 ./drivers/fsl_clock.o
 .text.CLOCK_GetOscRangeFromFreq
                0x0000512c       0x3c ./drivers/fsl_clock.o
 .text.CLOCK_GetOsc0ErClkUndivFreq
                0x00005168       0x44 ./drivers/fsl_clock.o
                0x00005168                CLOCK_GetOsc0ErClkUndivFreq
 .text.CLOCK_GetOsc0ErClkDivFreq
                0x000051ac       0x58 ./drivers/fsl_clock.o
                0x000051ac                CLOCK_GetOsc0ErClkDivFreq
 .text.CLOCK_GetEr32kClkFreq
                0x00005204       0x74 ./drivers/fsl_clock.o
                0x00005204                CLOCK_GetEr32kClkFreq
 .text.CLOCK_GetPllFllSelClkFreq
                0x00005278       0x90 ./drivers/fsl_clock.o
                0x00005278                CLOCK_GetPllFllSelClkFreq
 .text.CLOCK_GetCoreSysClkFreq
                0x00005308       0x28 ./drivers/fsl_clock.o
                0x00005308                CLOCK_GetCoreSysClkFreq
 .text.CLOCK_GetFreq
                0x00005330      0x148 ./drivers/fsl_clock.o
                0x00005330                CLOCK_GetFreq
 .text.CLOCK_SetSimConfig
                0x00005478       0x40 ./drivers/fsl_clock.o
                0x00005478                CLOCK_SetSimConfig
 .text.CLOCK_EnableUsbfs0Clock
                0x000054b8      0x11c ./drivers/fsl_clock.o
                0x000054b8                CLOCK_EnableUsbfs0Clock
 .text.CLOCK_GetOutClkFreq
                0x000055d4       0x90 ./drivers/fsl_clock.o
                0x000055d4                CLOCK_GetOutClkFreq
 .text.CLOCK_GetFllFreq
                0x00005664       0x84 ./drivers/fsl_clock.o
                0x00005664                CLOCK_GetFllFreq
 .text.CLOCK_GetInternalRefClkFreq
                0x000056e8       0x30 ./drivers/fsl_clock.o
                0x000056e8                CLOCK_GetInternalRefClkFreq
 .text.CLOCK_GetPll0Freq
                0x00005718       0x7c ./drivers/fsl_clock.o
                0x00005718                CLOCK_GetPll0Freq
 .text.CLOCK_GetExtPllFreq
                0x00005794       0x18 ./drivers/fsl_clock.o
                0x00005794                CLOCK_GetExtPllFreq
 .text.CLOCK_SetExtPllFreq
                0x000057ac       0x20 ./drivers/fsl_clock.o
                0x000057ac                CLOCK_SetExtPllFreq
 .text.CLOCK_SetExternalRefClkConfig
                0x000057cc       0x6c ./drivers/fsl_clock.o
                0x000057cc                CLOCK_SetExternalRefClkConfig
 .text.CLOCK_SetInternalRefClkConfig
                0x00005838      0x104 ./drivers/fsl_clock.o
                0x00005838                CLOCK_SetInternalRefClkConfig
 .text.CLOCK_EnablePll0
                0x0000593c       0x88 ./drivers/fsl_clock.o
                0x0000593c                CLOCK_EnablePll0
 .text.CLOCK_InitOsc0
                0x000059c4       0x8c ./drivers/fsl_clock.o
                0x000059c4                CLOCK_InitOsc0
 .text.CLOCK_SetPbeMode
                0x00005a50       0xe8 ./drivers/fsl_clock.o
                0x00005a50                CLOCK_SetPbeMode
 .text.CLOCK_BootToPeeMode
                0x00005b38       0x68 ./drivers/fsl_clock.o
                0x00005b38                CLOCK_BootToPeeMode
 .text.DAC_GetInstance
                0x00005ba0       0x4c ./drivers/fsl_dac.o
 .text.DAC_Init
                0x00005bec       0x70 ./drivers/fsl_dac.o
                0x00005bec                DAC_Init
 .text.DAC_GetDefaultConfig
                0x00005c5c       0x38 ./drivers/fsl_dac.o
                0x00005c5c                DAC_GetDefaultConfig
 .text.DAC_SetBufferValue
                0x00005c94       0x50 ./drivers/fsl_dac.o
                0x00005c94                DAC_SetBufferValue
 .text.FTM_GetInstance
                0x00005ce4       0x54 ./drivers/fsl_ftm.o
 .text.FTM_SetPwmSync
                0x00005d38      0x140 ./drivers/fsl_ftm.o
 .text.FTM_SetReloadPoints
                0x00005e78      0x138 ./drivers/fsl_ftm.o
 .text.FTM_Init
                0x00005fb0       0xf4 ./drivers/fsl_ftm.o
                0x00005fb0                FTM_Init
 .text.FTM_GetDefaultConfig
                0x000060a4       0x74 ./drivers/fsl_ftm.o
                0x000060a4                FTM_GetDefaultConfig
 .text.FTM_SetupPwm
                0x00006118      0x334 ./drivers/fsl_ftm.o
                0x00006118                FTM_SetupPwm
 .text.FTM_UpdatePwmDutycycle
                0x0000644c      0x1a4 ./drivers/fsl_ftm.o
                0x0000644c                FTM_UpdatePwmDutycycle
 .text.GPIO_PinInit
                0x000065f0       0x64 ./drivers/fsl_gpio.o
                0x000065f0                GPIO_PinInit
 .text.I2C_GetInstance
                0x00006654       0x4c ./drivers/fsl_i2c.o
                0x00006654                I2C_GetInstance
 .text.I2C_TransferCommonIRQHandler
                0x000066a0       0x58 ./drivers/fsl_i2c.o
 .text.I2C_MasterInit
                0x000066f8       0xe4 ./drivers/fsl_i2c.o
                0x000066f8                I2C_MasterInit
 .text.I2C_MasterGetDefaultConfig
                0x000067dc       0x48 ./drivers/fsl_i2c.o
                0x000067dc                I2C_MasterGetDefaultConfig
 .text.I2C_MasterSetBaudRate
                0x00006824       0xe8 ./drivers/fsl_i2c.o
                0x00006824                I2C_MasterSetBaudRate
 .text.I2C_MasterTransferBlocking
                0x0000690c      0x24c ./drivers/fsl_i2c.o
                0x0000690c                I2C_MasterTransferBlocking
 .text.I2C0_DriverIRQHandler
                0x00006b58       0x1c ./drivers/fsl_i2c.o
                0x00006b58                I2C0_DriverIRQHandler
 .text.I2C1_DriverIRQHandler
                0x00006b74       0x1c ./drivers/fsl_i2c.o
                0x00006b74                I2C1_DriverIRQHandler
 .text.I2C2_DriverIRQHandler
                0x00006b90       0x1c ./drivers/fsl_i2c.o
                0x00006b90                I2C2_DriverIRQHandler
 .text.I2C3_DriverIRQHandler
                0x00006bac       0x1c ./drivers/fsl_i2c.o
                0x00006bac                I2C3_DriverIRQHandler
 .text.UART_GetInstance
                0x00006bc8       0x54 ./drivers/fsl_uart.o
                0x00006bc8                UART_GetInstance
 .text.UART_Init
                0x00006c1c      0x2f4 ./drivers/fsl_uart.o
                0x00006c1c                UART_Init
 .text.UART_GetDefaultConfig
                0x00006f10       0x68 ./drivers/fsl_uart.o
                0x00006f10                UART_GetDefaultConfig
 .text.UART_ReadBlocking
                0x00006f78       0xfc ./drivers/fsl_uart.o
                0x00006f78                UART_ReadBlocking
 .text.UART0_DriverIRQHandler
                0x00007074       0x28 ./drivers/fsl_uart.o
                0x00007074                UART0_DriverIRQHandler
 .text.UART1_DriverIRQHandler
                0x0000709c       0x28 ./drivers/fsl_uart.o
                0x0000709c                UART1_DriverIRQHandler
 .text.UART2_DriverIRQHandler
                0x000070c4       0x28 ./drivers/fsl_uart.o
                0x000070c4                UART2_DriverIRQHandler
 .text.UART3_DriverIRQHandler
                0x000070ec       0x28 ./drivers/fsl_uart.o
                0x000070ec                UART3_DriverIRQHandler
 .text.UART4_DriverIRQHandler
                0x00007114       0x28 ./drivers/fsl_uart.o
                0x00007114                UART4_DriverIRQHandler
 .text.SystemInit
                0x0000713c       0x3c ./device/system_MK66F18.o
                0x0000713c                SystemInit
 .text.HAL_UartInit
                0x00007178      0x128 ./component/uart/fsl_adapter_uart.o
                0x00007178                HAL_UartInit
 .text.HAL_UartSendBlocking
                0x000072a0       0x64 ./component/uart/fsl_adapter_uart.o
                0x000072a0                HAL_UartSendBlocking
 .text.CLOCK_SetSdhc0Clock
                0x00007304       0x38 ./board/clock_config.o
 .text.CLOCK_SetEnetTime0Clock
                0x0000733c       0x38 ./board/clock_config.o
 .text.CLOCK_SetRmii0Clock
                0x00007374       0x38 ./board/clock_config.o
 .text.CLOCK_SetLpuartClock
                0x000073ac       0x38 ./board/clock_config.o
 .text.CLOCK_SetTpmClock
                0x000073e4       0x38 ./board/clock_config.o
 .text.CLOCK_SetTraceClock
                0x0000741c       0x54 ./board/clock_config.o
 .text.CLOCK_SetClkOutClock
                0x00007470       0x34 ./board/clock_config.o
 .text.CLOCK_SetRtcClkOutClock
                0x000074a4       0x38 ./board/clock_config.o
 .text.CLOCK_SetSimSafeDivs
                0x000074dc       0x24 ./board/clock_config.o
 .text.CLOCK_SetXtal0Freq
                0x00007500       0x20 ./board/clock_config.o
 .text.CLOCK_SetXtal32Freq
                0x00007520       0x20 ./board/clock_config.o
 .text.CLOCK_CONFIG_SetRtcClock
                0x00007540       0x84 ./board/clock_config.o
 .text.CLOCK_CONFIG_EnableUsbhs0PhyPllClock
                0x000075c4       0xf4 ./board/clock_config.o
 .text.CLOCK_CONFIG_EnableUsbhs0PfdClock
                0x000076b8       0xb4 ./board/clock_config.o
 .text.CLOCK_CONFIG_SetUsbSlowClock
                0x0000776c       0x38 ./board/clock_config.o
 .text.CLOCK_CONFIG_SetFllExtRefDiv
                0x000077a4       0x3c ./board/clock_config.o
 .text.BOARD_BootClockHSRUN
                0x000077e0       0xe0 ./board/clock_config.o
                0x000077e0                BOARD_BootClockHSRUN
 .text.PORT_SetPinConfig
                0x000078c0       0x38 ./board/pin_mux.o
 .text.BOARD_InitPins
                0x000078f8       0x30 ./board/pin_mux.o
                0x000078f8                BOARD_InitPins
 .text.BOARD_InitDEBUG_UARTPins
                0x00007928       0x68 ./board/pin_mux.o
                0x00007928                BOARD_InitDEBUG_UARTPins
 .text.__assertion_failed
                0x00007990       0x4c C:/nxp/MCUXpressoIDE_25.6.136/ide/plugins/com.nxp.mcuxpresso.tools.win32_25.6.0.202501151204/tools/bin/../lib/gcc/arm-none-eabi/14.2.1/../../../../arm-none-eabi/lib/thumb/v7e-m+fp/hard\libcr_nohost_nf.a(_cr_assert.o)
                0x00007990                __assertion_failed
 .text._Cwritebuf
                0x000079dc       0x70 C:/nxp/MCUXpressoIDE_25.6.136/ide/plugins/com.nxp.mcuxpresso.tools.win32_25.6.0.202501151204/tools/bin/../lib/gcc/arm-none-eabi/14.2.1/../../../../arm-none-eabi/lib/thumb/v7e-m+fp/hard\libcr_c.a(_writebuf.o)
                0x000079dc                _Cwritebuf
 .text.malloc   0x00007a4c       0xc8 C:/nxp/MCUXpressoIDE_25.6.136/ide/plugins/com.nxp.mcuxpresso.tools.win32_25.6.0.202501151204/tools/bin/../lib/gcc/arm-none-eabi/14.2.1/../../../../arm-none-eabi/lib/thumb/v7e-m+fp/hard\libcr_c.a(alloc.o)
                0x00007a4c                malloc
 .text._Csys_alloc
                0x00007b14       0x20 C:/nxp/MCUXpressoIDE_25.6.136/ide/plugins/com.nxp.mcuxpresso.tools.win32_25.6.0.202501151204/tools/bin/../lib/gcc/arm-none-eabi/14.2.1/../../../../arm-none-eabi/lib/thumb/v7e-m+fp/hard\libcr_c.a(alloc.o)
                0x00007b14                _Csys_alloc
 .text.fseek    0x00007b34       0xf8 C:/nxp/MCUXpressoIDE_25.6.136/ide/plugins/com.nxp.mcuxpresso.tools.win32_25.6.0.202501151204/tools/bin/../lib/gcc/arm-none-eabi/14.2.1/../../../../arm-none-eabi/lib/thumb/v7e-m+fp/hard\libcr_c.a(fseek.o)
                0x00007b34                fseek
 .text.ftell    0x00007c2c       0x44 C:/nxp/MCUXpressoIDE_25.6.136/ide/plugins/com.nxp.mcuxpresso.tools.win32_25.6.0.202501151204/tools/bin/../lib/gcc/arm-none-eabi/14.2.1/../../../../arm-none-eabi/lib/thumb/v7e-m+fp/hard\libcr_c.a(ftell.o)
                0x00007c2c                ftell
 .text._initio  0x00007c70       0x78 C:/nxp/MCUXpressoIDE_25.6.136/ide/plugins/com.nxp.mcuxpresso.tools.win32_25.6.0.202501151204/tools/bin/../lib/gcc/arm-none-eabi/14.2.1/../../../../arm-none-eabi/lib/thumb/v7e-m+fp/hard\libcr_c.a(initio.o)
                0x00007c70                _initio
 .text.__vfprintf
                0x00007ce8      0xb6c C:/nxp/MCUXpressoIDE_25.6.136/ide/plugins/com.nxp.mcuxpresso.tools.win32_25.6.0.202501151204/tools/bin/../lib/gcc/arm-none-eabi/14.2.1/../../../../arm-none-eabi/lib/thumb/v7e-m+fp/hard\libcr_c.a(printf.o)
                0x00007ce8                __vfprintf
 .text._snprintf
                0x00008854       0x78 C:/nxp/MCUXpressoIDE_25.6.136/ide/plugins/com.nxp.mcuxpresso.tools.win32_25.6.0.202501151204/tools/bin/../lib/gcc/arm-none-eabi/14.2.1/../../../../arm-none-eabi/lib/thumb/v7e-m+fp/hard\libcr_c.a(printf.o)
                0x00008854                _snprintf
 .text.ch_val   0x000088cc       0x30 C:/nxp/MCUXpressoIDE_25.6.136/ide/plugins/com.nxp.mcuxpresso.tools.win32_25.6.0.202501151204/tools/bin/../lib/gcc/arm-none-eabi/14.2.1/../../../../arm-none-eabi/lib/thumb/v7e-m+fp/hard\libcr_c.a(scanf.o)
 .text._strtoul
                0x000088fc       0xbc C:/nxp/MCUXpressoIDE_25.6.136/ide/plugins/com.nxp.mcuxpresso.tools.win32_25.6.0.202501151204/tools/bin/../lib/gcc/arm-none-eabi/14.2.1/../../../../arm-none-eabi/lib/thumb/v7e-m+fp/hard\libcr_c.a(scanf.o)
 .text.strtol   0x000089b8       0x7c C:/nxp/MCUXpressoIDE_25.6.136/ide/plugins/com.nxp.mcuxpresso.tools.win32_25.6.0.202501151204/tools/bin/../lib/gcc/arm-none-eabi/14.2.1/../../../../arm-none-eabi/lib/thumb/v7e-m+fp/hard\libcr_c.a(scanf.o)
                0x000089b8                strtol
 .text.atoi     0x00008a34       0x18 C:/nxp/MCUXpressoIDE_25.6.136/ide/plugins/com.nxp.mcuxpresso.tools.win32_25.6.0.202501151204/tools/bin/../lib/gcc/arm-none-eabi/14.2.1/../../../../arm-none-eabi/lib/thumb/v7e-m+fp/hard\libcr_c.a(scanf.o)
                0x00008a34                atoi
 .text._sbrk    0x00008a4c       0x3c C:/nxp/MCUXpressoIDE_25.6.136/ide/plugins/com.nxp.mcuxpresso.tools.win32_25.6.0.202501151204/tools/bin/../lib/gcc/arm-none-eabi/14.2.1/../../../../arm-none-eabi/lib/thumb/v7e-m+fp/hard\libcr_c.a(_cr_sbrk.o)
                0x00008a4c                _sbrk
 .text.fflush   0x00008a88       0x3c C:/nxp/MCUXpressoIDE_25.6.136/ide/plugins/com.nxp.mcuxpresso.tools.win32_25.6.0.202501151204/tools/bin/../lib/gcc/arm-none-eabi/14.2.1/../../../../arm-none-eabi/lib/thumb/v7e-m+fp/hard\libcr_c.a(fflush.o)
                0x00008a88                fflush
 .text.__check_heap_overflow
                0x00008ac4       0x18 C:/nxp/MCUXpressoIDE_25.6.136/ide/plugins/com.nxp.mcuxpresso.tools.win32_25.6.0.202501151204/tools/bin/../lib/gcc/arm-none-eabi/14.2.1/../../../../arm-none-eabi/lib/thumb/v7e-m+fp/hard\libcr_c.a(_cr_check_heap.o)
                0x00008ac4                __check_heap_overflow
 .text.DbgConsole_PrintCallback
                0x00008adc       0x66 ./utilities/fsl_debug_console.o
 .text.DbgConsole_Printf
                0x00008b42       0x2c ./utilities/fsl_debug_console.o
                0x00008b42                DbgConsole_Printf
 .text.PrintGetWidth
                0x00008b6e       0x6a ./utilities/fsl_str.o
 .text.PrintGetPrecision
                0x00008bd8       0x8c ./utilities/fsl_str.o
 .text.PrintIsobpu
                0x00008c64       0x38 ./utilities/fsl_str.o
 .text.PrintIsdi
                0x00008c9c       0x2c ./utilities/fsl_str.o
 .text.PrintOutputdifFobpu
                0x00008cc8       0x44 ./utilities/fsl_str.o
 .text.PrintOutputxX
                0x00008d0c       0x44 ./utilities/fsl_str.o
 .text.PrintIsfF
                0x00008d50       0x2c ./utilities/fsl_str.o
 .text.PrintIsxX
                0x00008d7c       0x2c ./utilities/fsl_str.o
 .text.PrintFilterLengthFlag
                0x00008da8       0x3e ./utilities/fsl_str.o
 .text.PrintGetRadixFromobpu
                0x00008de6       0x40 ./utilities/fsl_str.o
 .text.ConvertRadixNumToString
                0x00008e26       0xc2 ./utilities/fsl_str.o
 .text.StrFormatPrintf
                0x00008ee8      0x2ac ./utilities/fsl_str.o
                0x00008ee8                StrFormatPrintf
 .text.DMA0_DMA16_IRQHandler
                0x00009194        0x8 ./startup/startup_mk66f18.o
                0x00009194                DMA0_DMA16_IRQHandler
 .text.DMA1_DMA17_IRQHandler
                0x0000919c        0x8 ./startup/startup_mk66f18.o
                0x0000919c                DMA1_DMA17_IRQHandler
 .text.DMA2_DMA18_IRQHandler
                0x000091a4        0x8 ./startup/startup_mk66f18.o
                0x000091a4                DMA2_DMA18_IRQHandler
 .text.DMA3_DMA19_IRQHandler
                0x000091ac        0x8 ./startup/startup_mk66f18.o
                0x000091ac                DMA3_DMA19_IRQHandler
 .text.DMA4_DMA20_IRQHandler
                0x000091b4        0x8 ./startup/startup_mk66f18.o
                0x000091b4                DMA4_DMA20_IRQHandler
 .text.DMA5_DMA21_IRQHandler
                0x000091bc        0x8 ./startup/startup_mk66f18.o
                0x000091bc                DMA5_DMA21_IRQHandler
 .text.DMA6_DMA22_IRQHandler
                0x000091c4        0x8 ./startup/startup_mk66f18.o
                0x000091c4                DMA6_DMA22_IRQHandler
 .text.DMA7_DMA23_IRQHandler
                0x000091cc        0x8 ./startup/startup_mk66f18.o
                0x000091cc                DMA7_DMA23_IRQHandler
 .text.DMA8_DMA24_IRQHandler
                0x000091d4        0x8 ./startup/startup_mk66f18.o
                0x000091d4                DMA8_DMA24_IRQHandler
 .text.DMA9_DMA25_IRQHandler
                0x000091dc        0x8 ./startup/startup_mk66f18.o
                0x000091dc                DMA9_DMA25_IRQHandler
 .text.DMA10_DMA26_IRQHandler
                0x000091e4        0x8 ./startup/startup_mk66f18.o
                0x000091e4                DMA10_DMA26_IRQHandler
 .text.DMA11_DMA27_IRQHandler
                0x000091ec        0x8 ./startup/startup_mk66f18.o
                0x000091ec                DMA11_DMA27_IRQHandler
 .text.DMA12_DMA28_IRQHandler
                0x000091f4        0x8 ./startup/startup_mk66f18.o
                0x000091f4                DMA12_DMA28_IRQHandler
 .text.DMA13_DMA29_IRQHandler
                0x000091fc        0x8 ./startup/startup_mk66f18.o
                0x000091fc                DMA13_DMA29_IRQHandler
 .text.DMA14_DMA30_IRQHandler
                0x00009204        0x8 ./startup/startup_mk66f18.o
                0x00009204                DMA14_DMA30_IRQHandler
 .text.DMA15_DMA31_IRQHandler
                0x0000920c        0x8 ./startup/startup_mk66f18.o
                0x0000920c                DMA15_DMA31_IRQHandler
 .text.DMA_Error_IRQHandler
                0x00009214        0x8 ./startup/startup_mk66f18.o
                0x00009214                DMA_Error_IRQHandler
 .text.MCM_IRQHandler
                0x0000921c        0x8 ./startup/startup_mk66f18.o
                0x0000921c                MCM_IRQHandler
 .text.FTFE_IRQHandler
                0x00009224        0x8 ./startup/startup_mk66f18.o
                0x00009224                FTFE_IRQHandler
 .text.Read_Collision_IRQHandler
                0x0000922c        0x8 ./startup/startup_mk66f18.o
                0x0000922c                Read_Collision_IRQHandler
 .text.LVD_LVW_IRQHandler
                0x00009234        0x8 ./startup/startup_mk66f18.o
                0x00009234                LVD_LVW_IRQHandler
 .text.LLWU_IRQHandler
                0x0000923c        0x8 ./startup/startup_mk66f18.o
                0x0000923c                LLWU_IRQHandler
 .text.WDOG_EWM_IRQHandler
                0x00009244        0x8 ./startup/startup_mk66f18.o
                0x00009244                WDOG_EWM_IRQHandler
 .text.RNG_IRQHandler
                0x0000924c        0x8 ./startup/startup_mk66f18.o
                0x0000924c                RNG_IRQHandler
 .text.I2C0_IRQHandler
                0x00009254        0x8 ./startup/startup_mk66f18.o
                0x00009254                I2C0_IRQHandler
 .text.I2C1_IRQHandler
                0x0000925c        0x8 ./startup/startup_mk66f18.o
                0x0000925c                I2C1_IRQHandler
 .text.SPI0_IRQHandler
                0x00009264        0x8 ./startup/startup_mk66f18.o
                0x00009264                SPI0_IRQHandler
 .text.SPI1_IRQHandler
                0x0000926c        0x8 ./startup/startup_mk66f18.o
                0x0000926c                SPI1_IRQHandler
 .text.I2S0_Tx_IRQHandler
                0x00009274        0x8 ./startup/startup_mk66f18.o
                0x00009274                I2S0_Tx_IRQHandler
 .text.I2S0_Rx_IRQHandler
                0x0000927c        0x8 ./startup/startup_mk66f18.o
                0x0000927c                I2S0_Rx_IRQHandler
 .text.Reserved46_IRQHandler
                0x00009284        0x8 ./startup/startup_mk66f18.o
                0x00009284                Reserved46_IRQHandler
 .text.UART0_RX_TX_IRQHandler
                0x0000928c        0x8 ./startup/startup_mk66f18.o
                0x0000928c                UART0_RX_TX_IRQHandler
 .text.UART0_ERR_IRQHandler
                0x00009294        0x8 ./startup/startup_mk66f18.o
                0x00009294                UART0_ERR_IRQHandler
 .text.UART1_RX_TX_IRQHandler
                0x0000929c        0x8 ./startup/startup_mk66f18.o
                0x0000929c                UART1_RX_TX_IRQHandler
 .text.UART1_ERR_IRQHandler
                0x000092a4        0x8 ./startup/startup_mk66f18.o
                0x000092a4                UART1_ERR_IRQHandler
 .text.UART2_RX_TX_IRQHandler
                0x000092ac        0x8 ./startup/startup_mk66f18.o
                0x000092ac                UART2_RX_TX_IRQHandler
 .text.UART2_ERR_IRQHandler
                0x000092b4        0x8 ./startup/startup_mk66f18.o
                0x000092b4                UART2_ERR_IRQHandler
 .text.UART3_RX_TX_IRQHandler
                0x000092bc        0x8 ./startup/startup_mk66f18.o
                0x000092bc                UART3_RX_TX_IRQHandler
 .text.UART3_ERR_IRQHandler
                0x000092c4        0x8 ./startup/startup_mk66f18.o
                0x000092c4                UART3_ERR_IRQHandler
 .text.ADC0_IRQHandler
                0x000092cc        0x8 ./startup/startup_mk66f18.o
                0x000092cc                ADC0_IRQHandler
 .text.CMP0_IRQHandler
                0x000092d4        0x8 ./startup/startup_mk66f18.o
                0x000092d4                CMP0_IRQHandler
 .text.CMP1_IRQHandler
                0x000092dc        0x8 ./startup/startup_mk66f18.o
                0x000092dc                CMP1_IRQHandler
 .text.FTM1_IRQHandler
                0x000092e4        0x8 ./startup/startup_mk66f18.o
                0x000092e4                FTM1_IRQHandler
 .text.FTM2_IRQHandler
                0x000092ec        0x8 ./startup/startup_mk66f18.o
                0x000092ec                FTM2_IRQHandler
 .text.CMT_IRQHandler
                0x000092f4        0x8 ./startup/startup_mk66f18.o
                0x000092f4                CMT_IRQHandler
 .text.RTC_IRQHandler
                0x000092fc        0x8 ./startup/startup_mk66f18.o
                0x000092fc                RTC_IRQHandler
 .text.RTC_Seconds_IRQHandler
                0x00009304        0x8 ./startup/startup_mk66f18.o
                0x00009304                RTC_Seconds_IRQHandler
 .text.PIT0_IRQHandler
                0x0000930c        0x8 ./startup/startup_mk66f18.o
                0x0000930c                PIT0_IRQHandler
 .text.PIT1_IRQHandler
                0x00009314        0x8 ./startup/startup_mk66f18.o
                0x00009314                PIT1_IRQHandler
 .text.PIT2_IRQHandler
                0x0000931c        0x8 ./startup/startup_mk66f18.o
                0x0000931c                PIT2_IRQHandler
 .text.PIT3_IRQHandler
                0x00009324        0x8 ./startup/startup_mk66f18.o
                0x00009324                PIT3_IRQHandler
 .text.PDB0_IRQHandler
                0x0000932c        0x8 ./startup/startup_mk66f18.o
                0x0000932c                PDB0_IRQHandler
 .text.USB0_IRQHandler
                0x00009334        0x8 ./startup/startup_mk66f18.o
                0x00009334                USB0_IRQHandler
 .text.USBDCD_IRQHandler
                0x0000933c        0x8 ./startup/startup_mk66f18.o
                0x0000933c                USBDCD_IRQHandler
 .text.Reserved71_IRQHandler
                0x00009344        0x8 ./startup/startup_mk66f18.o
                0x00009344                Reserved71_IRQHandler
 .text.DAC0_IRQHandler
                0x0000934c        0x8 ./startup/startup_mk66f18.o
                0x0000934c                DAC0_IRQHandler
 .text.MCG_IRQHandler
                0x00009354        0x8 ./startup/startup_mk66f18.o
                0x00009354                MCG_IRQHandler
 .text.LPTMR0_IRQHandler
                0x0000935c        0x8 ./startup/startup_mk66f18.o
                0x0000935c                LPTMR0_IRQHandler
 .text.PORTA_IRQHandler
                0x00009364        0x8 ./startup/startup_mk66f18.o
                0x00009364                PORTA_IRQHandler
 .text.PORTB_IRQHandler
                0x0000936c        0x8 ./startup/startup_mk66f18.o
                0x0000936c                PORTB_IRQHandler
 .text.PORTC_IRQHandler
                0x00009374        0x8 ./startup/startup_mk66f18.o
                0x00009374                PORTC_IRQHandler
 .text.PORTD_IRQHandler
                0x0000937c        0x8 ./startup/startup_mk66f18.o
                0x0000937c                PORTD_IRQHandler
 .text.PORTE_IRQHandler
                0x00009384        0x8 ./startup/startup_mk66f18.o
                0x00009384                PORTE_IRQHandler
 .text.SWI_IRQHandler
                0x0000938c        0x8 ./startup/startup_mk66f18.o
                0x0000938c                SWI_IRQHandler
 .text.SPI2_IRQHandler
                0x00009394        0x8 ./startup/startup_mk66f18.o
                0x00009394                SPI2_IRQHandler
 .text.UART4_RX_TX_IRQHandler
                0x0000939c        0x8 ./startup/startup_mk66f18.o
                0x0000939c                UART4_RX_TX_IRQHandler
 .text.UART4_ERR_IRQHandler
                0x000093a4        0x8 ./startup/startup_mk66f18.o
                0x000093a4                UART4_ERR_IRQHandler
 .text.Reserved84_IRQHandler
                0x000093ac        0x8 ./startup/startup_mk66f18.o
                0x000093ac                Reserved84_IRQHandler
 .text.Reserved85_IRQHandler
                0x000093b4        0x8 ./startup/startup_mk66f18.o
                0x000093b4                Reserved85_IRQHandler
 .text.CMP2_IRQHandler
                0x000093bc        0x8 ./startup/startup_mk66f18.o
                0x000093bc                CMP2_IRQHandler
 .text.FTM3_IRQHandler
                0x000093c4        0x8 ./startup/startup_mk66f18.o
                0x000093c4                FTM3_IRQHandler
 .text.DAC1_IRQHandler
                0x000093cc        0x8 ./startup/startup_mk66f18.o
                0x000093cc                DAC1_IRQHandler
 .text.ADC1_IRQHandler
                0x000093d4        0x8 ./startup/startup_mk66f18.o
                0x000093d4                ADC1_IRQHandler
 .text.I2C2_IRQHandler
                0x000093dc        0x8 ./startup/startup_mk66f18.o
                0x000093dc                I2C2_IRQHandler
 .text.CAN0_ORed_Message_buffer_IRQHandler
                0x000093e4        0x8 ./startup/startup_mk66f18.o
                0x000093e4                CAN0_ORed_Message_buffer_IRQHandler
 .text.CAN0_Bus_Off_IRQHandler
                0x000093ec        0x8 ./startup/startup_mk66f18.o
                0x000093ec                CAN0_Bus_Off_IRQHandler
 .text.CAN0_Error_IRQHandler
                0x000093f4        0x8 ./startup/startup_mk66f18.o
                0x000093f4                CAN0_Error_IRQHandler
 .text.CAN0_Tx_Warning_IRQHandler
                0x000093fc        0x8 ./startup/startup_mk66f18.o
                0x000093fc                CAN0_Tx_Warning_IRQHandler
 .text.CAN0_Rx_Warning_IRQHandler
                0x00009404        0x8 ./startup/startup_mk66f18.o
                0x00009404                CAN0_Rx_Warning_IRQHandler
 .text.CAN0_Wake_Up_IRQHandler
                0x0000940c        0x8 ./startup/startup_mk66f18.o
                0x0000940c                CAN0_Wake_Up_IRQHandler
 .text.SDHC_IRQHandler
                0x00009414        0x8 ./startup/startup_mk66f18.o
                0x00009414                SDHC_IRQHandler
 .text.ENET_1588_Timer_IRQHandler
                0x0000941c        0x8 ./startup/startup_mk66f18.o
                0x0000941c                ENET_1588_Timer_IRQHandler
 .text.ENET_Transmit_IRQHandler
                0x00009424        0x8 ./startup/startup_mk66f18.o
                0x00009424                ENET_Transmit_IRQHandler
 .text.ENET_Receive_IRQHandler
                0x0000942c        0x8 ./startup/startup_mk66f18.o
                0x0000942c                ENET_Receive_IRQHandler
 .text.ENET_Error_IRQHandler
                0x00009434        0x8 ./startup/startup_mk66f18.o
                0x00009434                ENET_Error_IRQHandler
 .text.LPUART0_IRQHandler
                0x0000943c        0x8 ./startup/startup_mk66f18.o
                0x0000943c                LPUART0_IRQHandler
 .text.TSI0_IRQHandler
                0x00009444        0x8 ./startup/startup_mk66f18.o
                0x00009444                TSI0_IRQHandler
 .text.TPM1_IRQHandler
                0x0000944c        0x8 ./startup/startup_mk66f18.o
                0x0000944c                TPM1_IRQHandler
 .text.TPM2_IRQHandler
                0x00009454        0x8 ./startup/startup_mk66f18.o
                0x00009454                TPM2_IRQHandler
 .text.USBHSDCD_IRQHandler
                0x0000945c        0x8 ./startup/startup_mk66f18.o
                0x0000945c                USBHSDCD_IRQHandler
 .text.I2C3_IRQHandler
                0x00009464        0x8 ./startup/startup_mk66f18.o
                0x00009464                I2C3_IRQHandler
 .text.CMP3_IRQHandler
                0x0000946c        0x8 ./startup/startup_mk66f18.o
                0x0000946c                CMP3_IRQHandler
 .text.USBHS_IRQHandler
                0x00009474        0x8 ./startup/startup_mk66f18.o
                0x00009474                USBHS_IRQHandler
 .text.CAN1_ORed_Message_buffer_IRQHandler
                0x0000947c        0x8 ./startup/startup_mk66f18.o
                0x0000947c                CAN1_ORed_Message_buffer_IRQHandler
 .text.CAN1_Bus_Off_IRQHandler
                0x00009484        0x8 ./startup/startup_mk66f18.o
                0x00009484                CAN1_Bus_Off_IRQHandler
 .text.CAN1_Error_IRQHandler
                0x0000948c        0x8 ./startup/startup_mk66f18.o
                0x0000948c                CAN1_Error_IRQHandler
 .text.CAN1_Tx_Warning_IRQHandler
                0x00009494        0x8 ./startup/startup_mk66f18.o
                0x00009494                CAN1_Tx_Warning_IRQHandler
 .text.CAN1_Rx_Warning_IRQHandler
                0x0000949c        0x8 ./startup/startup_mk66f18.o
                0x0000949c                CAN1_Rx_Warning_IRQHandler
 .text.CAN1_Wake_Up_IRQHandler
                0x000094a4        0x8 ./startup/startup_mk66f18.o
                0x000094a4                CAN1_Wake_Up_IRQHandler
 .text.EnableIRQ
                0x000094ac       0x32 ./source/audio_player.o
 .text.DAC_Enable
                0x000094de       0x48 ./source/audio_player.o
 .text.FTM_StartTimer
                0x00009526       0x3a ./source/audio_player.o
 .text.FTM_StopTimer
                0x00009560       0x20 ./source/audio_player.o
 .text.CLOCK_EnableClock
                0x00009580       0x34 ./source/display_manager.o
 .text.hw_delay_ms
                0x000095b4       0x38 ./source/display_manager.o
 .text.LCD_WriteNibble
                0x000095ec       0x52 ./source/display_manager.o
 .text.LCD_SendCommand
                0x0000963e       0x30 ./source/display_manager.o
 .text.LCD_SendData
                0x0000966e       0x30 ./source/display_manager.o
 .text.LCD_PrintString
                0x0000969e       0x2a ./source/display_manager.o
 .text.CLOCK_EnableClock
                0x000096c8       0x34 ./source/i2c_hal.o
 .text.CLOCK_EnableClock
                0x000096fc       0x34 ./source/main.o
 .text.PORT_SetPinMux
                0x00009730       0x3a ./source/main.o
 .text.HardFault_Handler
                0x0000976a       0x36 ./source/semihost_hardfault.o
                0x0000976a                HardFault_Handler
 .text.CLOCK_EnableClock
                0x000097a0       0x34 ./source/vibration_motor.o
 .text.FTM_StartTimer
                0x000097d4       0x3a ./source/vibration_motor.o
 .text.FTM_SetSoftwareTrigger
                0x0000980e       0x38 ./source/vibration_motor.o
 .text.PORT_SetPinMux
                0x00009846       0x3a ./source/vibration_motor.o
 .text.GPIO_PinRead
                0x00009880       0x24 ./source/vision_tof.o
 .text.Safe_Display_Update
                0x000098a4       0x22 ./source/vision_tof.o
 .text.UART_DrainRx
                0x000098c6       0x32 ./source/vision_tof.o
 .text.VL53L0X_GetOffsetCalibrationDataMicroMeter
                0x000098f8       0x26 ./source/vl53l0x_api.o
                0x000098f8                VL53L0X_GetOffsetCalibrationDataMicroMeter
 .text.VL53L0X_GetDeviceParameters
                0x0000991e      0x16a ./source/vl53l0x_api.o
                0x0000991e                VL53L0X_GetDeviceParameters
 .text.VL53L0X_GetDeviceMode
                0x00009a88       0x26 ./source/vl53l0x_api.o
                0x00009a88                VL53L0X_GetDeviceMode
 .text.VL53L0X_GetFractionEnable
                0x00009aae       0x3e ./source/vl53l0x_api.o
                0x00009aae                VL53L0X_GetFractionEnable
 .text.VL53L0X_SetMeasurementTimingBudgetMicroSeconds
                0x00009aec       0x26 ./source/vl53l0x_api.o
                0x00009aec                VL53L0X_SetMeasurementTimingBudgetMicroSeconds
 .text.VL53L0X_GetMeasurementTimingBudgetMicroSeconds
                0x00009b12       0x26 ./source/vl53l0x_api.o
                0x00009b12                VL53L0X_GetMeasurementTimingBudgetMicroSeconds
 .text.VL53L0X_GetVcselPulsePeriod
                0x00009b38       0x2e ./source/vl53l0x_api.o
                0x00009b38                VL53L0X_GetVcselPulsePeriod
 .text.VL53L0X_GetSequenceStepEnables
                0x00009b66       0xb0 ./source/vl53l0x_api.o
                0x00009b66                VL53L0X_GetSequenceStepEnables
 .text.VL53L0X_GetInterMeasurementPeriodMilliSeconds
                0x00009c16       0x68 ./source/vl53l0x_api.o
                0x00009c16                VL53L0X_GetInterMeasurementPeriodMilliSeconds
 .text.VL53L0X_GetXTalkCompensationEnable
                0x00009c7e       0x2a ./source/vl53l0x_api.o
                0x00009c7e                VL53L0X_GetXTalkCompensationEnable
 .text.VL53L0X_GetXTalkCompensationRateMegaCps
                0x00009ca8       0x66 ./source/vl53l0x_api.o
                0x00009ca8                VL53L0X_GetXTalkCompensationRateMegaCps
 .text.VL53L0X_GetLimitCheckEnable
                0x00009d0e       0x46 ./source/vl53l0x_api.o
                0x00009d0e                VL53L0X_GetLimitCheckEnable
 .text.VL53L0X_GetWrapAroundCheckEnable
                0x00009d54       0x64 ./source/vl53l0x_api.o
                0x00009d54                VL53L0X_GetWrapAroundCheckEnable
 .text.VL53L0X_PerformSingleMeasurement
                0x00009db8       0x68 ./source/vl53l0x_api.o
                0x00009db8                VL53L0X_PerformSingleMeasurement
 .text.VL53L0X_PerformRefCalibration
                0x00009e20       0x2c ./source/vl53l0x_api.o
                0x00009e20                VL53L0X_PerformRefCalibration
 .text.VL53L0X_StartMeasurement
                0x00009e4c      0x184 ./source/vl53l0x_api.o
                0x00009e4c                VL53L0X_StartMeasurement
 .text.VL53L0X_GetMeasurementDataReady
                0x00009fd0       0x80 ./source/vl53l0x_api.o
                0x00009fd0                VL53L0X_GetMeasurementDataReady
 .text.VL53L0X_PerformSingleRangingMeasurement
                0x0000a050       0x60 ./source/vl53l0x_api.o
                0x0000a050                VL53L0X_PerformSingleRangingMeasurement
 .text.VL53L0X_ClearInterruptMask
                0x0000a0b0       0x80 ./source/vl53l0x_api.o
                0x0000a0b0                VL53L0X_ClearInterruptMask
 .text.VL53L0X_GetInterruptMaskStatus
                0x0000a130       0x44 ./source/vl53l0x_api.o
                0x0000a130                VL53L0X_GetInterruptMaskStatus
 .text.VL53L0X_PerformRefSpadManagement
                0x0000a174       0x2a ./source/vl53l0x_api.o
                0x0000a174                VL53L0X_PerformRefSpadManagement
 .text.VL53L0X_get_offset_calibration_data_micro_meter
                0x0000a19e       0x7e ./source/vl53l0x_api_calibration.o
                0x0000a19e                VL53L0X_get_offset_calibration_data_micro_meter
 .text.get_next_good_spad
                0x0000a21c       0xbc ./source/vl53l0x_api_calibration.o
                0x0000a21c                get_next_good_spad
 .text.enable_spad_bit
                0x0000a2d8       0x70 ./source/vl53l0x_api_calibration.o
                0x0000a2d8                enable_spad_bit
 .text.set_ref_spad_map
                0x0000a348       0x26 ./source/vl53l0x_api_calibration.o
                0x0000a348                set_ref_spad_map
 .text.get_ref_spad_map
                0x0000a36e       0x26 ./source/vl53l0x_api_calibration.o
                0x0000a36e                get_ref_spad_map
 .text.enable_ref_spads
                0x0000a394       0xf8 ./source/vl53l0x_api_calibration.o
                0x0000a394                enable_ref_spads
 .text.perform_ref_signal_measurement
                0x0000a48c       0xd4 ./source/vl53l0x_api_calibration.o
                0x0000a48c                perform_ref_signal_measurement
 .text.VL53L0X_perform_ref_spad_management
                0x0000a560      0x41c ./source/vl53l0x_api_calibration.o
                0x0000a560                VL53L0X_perform_ref_spad_management
 .text.VL53L0X_set_reference_spads
                0x0000a97c      0x14a ./source/vl53l0x_api_calibration.o
                0x0000a97c                VL53L0X_set_reference_spads
 .text.VL53L0X_perform_single_ref_calibration
                0x0000aac6       0x76 ./source/vl53l0x_api_calibration.o
                0x0000aac6                VL53L0X_perform_single_ref_calibration
 .text.VL53L0X_ref_calibration_io
                0x0000ab3c      0x132 ./source/vl53l0x_api_calibration.o
                0x0000ab3c                VL53L0X_ref_calibration_io
 .text.VL53L0X_perform_vhv_calibration
                0x0000ac6e       0xce ./source/vl53l0x_api_calibration.o
                0x0000ac6e                VL53L0X_perform_vhv_calibration
 .text.VL53L0X_perform_phase_calibration
                0x0000ad3c       0xca ./source/vl53l0x_api_calibration.o
                0x0000ad3c                VL53L0X_perform_phase_calibration
 .text.VL53L0X_perform_ref_calibration
                0x0000ae06       0x7a ./source/vl53l0x_api_calibration.o
                0x0000ae06                VL53L0X_perform_ref_calibration
 .text.VL53L0X_measurement_poll_for_completion
                0x0000ae80       0x60 ./source/vl53l0x_api_core.o
                0x0000ae80                VL53L0X_measurement_poll_for_completion
 .text.VL53L0X_decode_vcsel_period
                0x0000aee0       0x26 ./source/vl53l0x_api_core.o
                0x0000aee0                VL53L0X_decode_vcsel_period
 .text.VL53L0X_isqrt
                0x0000af06       0x68 ./source/vl53l0x_api_core.o
                0x0000af06                VL53L0X_isqrt
 .text.VL53L0X_device_read_strobe
                0x0000af6e       0x86 ./source/vl53l0x_api_core.o
                0x0000af6e                VL53L0X_device_read_strobe
 .text.VL53L0X_get_info_from_device
                0x0000aff4      0x99c ./source/vl53l0x_api_core.o
                0x0000aff4                VL53L0X_get_info_from_device
 .text.VL53L0X_calc_macro_period_ps
                0x0000b990       0x3c ./source/vl53l0x_api_core.o
                0x0000b990                VL53L0X_calc_macro_period_ps
 .text.VL53L0X_encode_timeout
                0x0000b9cc       0x54 ./source/vl53l0x_api_core.o
                0x0000b9cc                VL53L0X_encode_timeout
 .text.VL53L0X_decode_timeout
                0x0000ba20       0x2c ./source/vl53l0x_api_core.o
                0x0000ba20                VL53L0X_decode_timeout
 .text.get_sequence_step_timeout
                0x0000ba4c      0x1c0 ./source/vl53l0x_api_core.o
                0x0000ba4c                get_sequence_step_timeout
 .text.set_sequence_step_timeout
                0x0000bc0c      0x1e4 ./source/vl53l0x_api_core.o
                0x0000bc0c                set_sequence_step_timeout
 .text.VL53L0X_get_vcsel_pulse_period
                0x0000bdf0       0x6e ./source/vl53l0x_api_core.o
                0x0000bdf0                VL53L0X_get_vcsel_pulse_period
 .text.VL53L0X_set_measurement_timing_budget_micro_seconds
                0x0000be5e      0x1a6 ./source/vl53l0x_api_core.o
                0x0000be5e                VL53L0X_set_measurement_timing_budget_micro_seconds
 .text.VL53L0X_get_measurement_timing_budget_micro_seconds
                0x0000c004      0x162 ./source/vl53l0x_api_core.o
                0x0000c004                VL53L0X_get_measurement_timing_budget_micro_seconds
 .text.VL53L0X_get_total_xtalk_rate
                0x0000c166       0x5e ./source/vl53l0x_api_core.o
                0x0000c166                VL53L0X_get_total_xtalk_rate
 .text.VL53L0X_get_total_signal_rate
                0x0000c1c4       0x4a ./source/vl53l0x_api_core.o
                0x0000c1c4                VL53L0X_get_total_signal_rate
 .text.get_dmax_lut_points
                0x0000c20e       0x8e ./source/vl53l0x_api_core.o
                0x0000c20e                get_dmax_lut_points
 .text.VL53L0X_calc_dmax
                0x0000c29c      0x14c ./source/vl53l0x_api_core.o
                0x0000c29c                VL53L0X_calc_dmax
 .text.VL53L0X_get_pal_range_status
                0x0000c3e8      0x3c4 ./source/vl53l0x_api_core.o
                0x0000c3e8                VL53L0X_get_pal_range_status
 .text.VL53L0X_WriteMulti
                0x0000c7ac       0x38 ./source/vl53l0x_platform.o
                0x0000c7ac                VL53L0X_WriteMulti
 .text.VL53L0X_ReadMulti
                0x0000c7e4       0x38 ./source/vl53l0x_platform.o
                0x0000c7e4                VL53L0X_ReadMulti
 .text.VL53L0X_WrByte
                0x0000c81c       0x26 ./source/vl53l0x_platform.o
                0x0000c81c                VL53L0X_WrByte
 .text.VL53L0X_WrWord
                0x0000c842       0x38 ./source/vl53l0x_platform.o
                0x0000c842                VL53L0X_WrWord
 .text.VL53L0X_RdByte
                0x0000c87a       0x24 ./source/vl53l0x_platform.o
                0x0000c87a                VL53L0X_RdByte
 .text.VL53L0X_RdWord
                0x0000c89e       0x4a ./source/vl53l0x_platform.o
                0x0000c89e                VL53L0X_RdWord
 .text.VL53L0X_RdDWord
                0x0000c8e8       0x4c ./source/vl53l0x_platform.o
                0x0000c8e8                VL53L0X_RdDWord
 .text.VL53L0X_UpdateByte
                0x0000c934       0x60 ./source/vl53l0x_platform.o
                0x0000c934                VL53L0X_UpdateByte
 .text.VL53L0X_PollingDelay
                0x0000c994       0x18 ./source/vl53l0x_platform.o
                0x0000c994                VL53L0X_PollingDelay
 .text.vListInitialise
                0x0000c9ac       0x40 ./freertos/freertos_kernel/list.o
                0x0000c9ac                vListInitialise
 .text.vListInitialiseItem
                0x0000c9ec       0x1a ./freertos/freertos_kernel/list.o
                0x0000c9ec                vListInitialiseItem
 .text.vListInsertEnd
                0x0000ca06       0x48 ./freertos/freertos_kernel/list.o
                0x0000ca06                vListInsertEnd
 .text.vListInsert
                0x0000ca4e       0x72 ./freertos/freertos_kernel/list.o
                0x0000ca4e                vListInsert
 .text.uxListRemove
                0x0000cac0       0x54 ./freertos/freertos_kernel/list.o
                0x0000cac0                uxListRemove
 .text.xQueueGenericCreate
                0x0000cb14       0xc4 ./freertos/freertos_kernel/queue.o
                0x0000cb14                xQueueGenericCreate
 .text.prvInitialiseNewQueue
                0x0000cbd8       0x46 ./freertos/freertos_kernel/queue.o
 .text.xQueueGenericSendFromISR
                0x0000cc1e      0x15c ./freertos/freertos_kernel/queue.o
                0x0000cc1e                xQueueGenericSendFromISR
 .text.prvCopyDataToQueue
                0x0000cd7a       0xd4 ./freertos/freertos_kernel/queue.o
 .text.prvCopyDataFromQueue
                0x0000ce4e       0x4c ./freertos/freertos_kernel/queue.o
 .text.prvUnlockQueue
                0x0000ce9a       0xa4 ./freertos/freertos_kernel/queue.o
 .text.prvIsQueueEmpty
                0x0000cf3e       0x2c ./freertos/freertos_kernel/queue.o
 .text.prvIsQueueFull
                0x0000cf6a       0x30 ./freertos/freertos_kernel/queue.o
 .text.vQueueWaitForMessageRestricted
                0x0000cf9a       0x68 ./freertos/freertos_kernel/queue.o
                0x0000cf9a                vQueueWaitForMessageRestricted
 .text.xTaskCreate
                0x0000d002       0x82 ./freertos/freertos_kernel/tasks.o
                0x0000d002                xTaskCreate
 .text.prvInitialiseNewTask
                0x0000d084      0x13c ./freertos/freertos_kernel/tasks.o
 .text.prvDeleteTCB
                0x0000d1c0       0x20 ./freertos/freertos_kernel/tasks.o
 .text.prvTimerTask
                0x0000d1e0       0x26 ./freertos/freertos_kernel/timers.o
 .text.CLOCK_EnableClock
                0x0000d206       0x34 ./drivers/fsl_clock.o
 .text.CLOCK_DisableClock
                0x0000d23a       0x38 ./drivers/fsl_clock.o
 .text.OSC_SetExtRefClkConfig
                0x0000d272       0x40 ./drivers/fsl_clock.o
 .text.OSC_SetCapLoad
                0x0000d2b2       0x34 ./drivers/fsl_clock.o
 .text.CLOCK_GetPll0RefFreq
                0x0000d2e6        0xe ./drivers/fsl_clock.o
 .text.CLOCK_GetFixedFreqClkFreq
                0x0000d2f4       0x34 ./drivers/fsl_clock.o
                0x0000d2f4                CLOCK_GetFixedFreqClkFreq
 .text.CLOCK_EnableClock
                0x0000d328       0x34 ./drivers/fsl_dac.o
 .text.CLOCK_EnableClock
                0x0000d35c       0x34 ./drivers/fsl_ftm.o
 .text.FTM_SetDeadTimeEnable
                0x0000d390       0x52 ./drivers/fsl_ftm.o
 .text.FTM_SetComplementaryEnable
                0x0000d3e2       0x52 ./drivers/fsl_ftm.o
 .text.FTM_EnableInterrupts
                0x0000d434       0x88 ./drivers/fsl_ftm.o
                0x0000d434                FTM_EnableInterrupts
 .text.FTM_DisableInterrupts
                0x0000d4bc       0x88 ./drivers/fsl_ftm.o
                0x0000d4bc                FTM_DisableInterrupts
 .text.FTM_ClearStatusFlags
                0x0000d544       0x68 ./drivers/fsl_ftm.o
                0x0000d544                FTM_ClearStatusFlags
 .text.GPIO_PinWrite
                0x0000d5ac       0x36 ./drivers/fsl_gpio.o
 .text.CLOCK_EnableClock
                0x0000d5e2       0x34 ./drivers/fsl_i2c.o
 .text.I2C_MasterClearStatusFlags
                0x0000d616       0x5a ./drivers/fsl_i2c.o
 .text.I2C_CheckAndClearError
                0x0000d670       0x44 ./drivers/fsl_i2c.o
 .text.I2C_MasterStart
                0x0000d6b4       0x62 ./drivers/fsl_i2c.o
                0x0000d6b4                I2C_MasterStart
 .text.I2C_MasterRepeatedStart
                0x0000d716       0x9a ./drivers/fsl_i2c.o
                0x0000d716                I2C_MasterRepeatedStart
 .text.I2C_MasterStop
                0x0000d7b0       0x3a ./drivers/fsl_i2c.o
                0x0000d7b0                I2C_MasterStop
 .text.I2C_MasterGetStatusFlags
                0x0000d7ea       0x4a ./drivers/fsl_i2c.o
                0x0000d7ea                I2C_MasterGetStatusFlags
 .text.I2C_MasterWriteBlocking
                0x0000d834       0xdc ./drivers/fsl_i2c.o
                0x0000d834                I2C_MasterWriteBlocking
 .text.I2C_MasterReadBlocking
                0x0000d910       0xca ./drivers/fsl_i2c.o
                0x0000d910                I2C_MasterReadBlocking
 .text.SMC_SetPowerModeHsrun
                0x0000d9da       0x32 ./drivers/fsl_smc.o
                0x0000d9da                SMC_SetPowerModeHsrun
 .text.CLOCK_EnableClock
                0x0000da0c       0x34 ./drivers/fsl_uart.o
 .text.UART_GetStatusFlags
                0x0000da40       0x48 ./drivers/fsl_uart.o
                0x0000da40                UART_GetStatusFlags
 .text.UART_ClearStatusFlags
                0x0000da88       0x80 ./drivers/fsl_uart.o
                0x0000da88                UART_ClearStatusFlags
 .text.UART_WriteBlocking
                0x0000db08       0x50 ./drivers/fsl_uart.o
                0x0000db08                UART_WriteBlocking
 .text.UART0_RX_TX_DriverIRQHandler
                0x0000db58       0x12 ./drivers/fsl_uart.o
                0x0000db58                UART0_RX_TX_DriverIRQHandler
 .text.UART1_RX_TX_DriverIRQHandler
                0x0000db6a       0x12 ./drivers/fsl_uart.o
                0x0000db6a                UART1_RX_TX_DriverIRQHandler
 .text.UART2_RX_TX_DriverIRQHandler
                0x0000db7c       0x12 ./drivers/fsl_uart.o
                0x0000db7c                UART2_RX_TX_DriverIRQHandler
 .text.UART3_RX_TX_DriverIRQHandler
                0x0000db8e       0x12 ./drivers/fsl_uart.o
                0x0000db8e                UART3_RX_TX_DriverIRQHandler
 .text.UART4_RX_TX_DriverIRQHandler
                0x0000dba0       0x12 ./drivers/fsl_uart.o
                0x0000dba0                UART4_RX_TX_DriverIRQHandler
 .text.SystemInitHook
                0x0000dbb2        0xe ./device/system_MK66F18.o
                0x0000dbb2                SystemInitHook
 .text.HAL_UartGetStatus
                0x0000dbc0       0x22 ./component/uart/fsl_adapter_uart.o
 .text.DisableGlobalIRQ
                0x0000dbe2       0x22 ./component/serial_manager/fsl_component_serial_manager.o
 .text.EnableGlobalIRQ
                0x0000dc04       0x20 ./component/serial_manager/fsl_component_serial_manager.o
 .text.SerialManager_StartWriting
                0x0000dc24       0x38 ./component/serial_manager/fsl_component_serial_manager.o
 .text.SerialManager_Write
                0x0000dc5c       0x44 ./component/serial_manager/fsl_component_serial_manager.o
 .text.SerialManager_Init
                0x0000dca0       0x60 ./component/serial_manager/fsl_component_serial_manager.o
                0x0000dca0                SerialManager_Init
 .text.SerialManager_OpenWriteHandle
                0x0000dd00       0x50 ./component/serial_manager/fsl_component_serial_manager.o
                0x0000dd00                SerialManager_OpenWriteHandle
 .text.SerialManager_OpenReadHandle
                0x0000dd50       0x60 ./component/serial_manager/fsl_component_serial_manager.o
                0x0000dd50                SerialManager_OpenReadHandle
 .text.SerialManager_WriteBlocking
                0x0000ddb0       0x20 ./component/serial_manager/fsl_component_serial_manager.o
                0x0000ddb0                SerialManager_WriteBlocking
 .text.Serial_UartInit
                0x0000ddd0       0x3e ./component/serial_manager/fsl_component_serial_port_uart.o
                0x0000ddd0                Serial_UartInit
 .text.Serial_UartWrite
                0x0000de0e       0x38 ./component/serial_manager/fsl_component_serial_port_uart.o
                0x0000de0e                Serial_UartWrite
 .text.BOARD_InitDebugConsole
                0x0000de46       0x22 ./board/board.o
                0x0000de46                BOARD_InitDebugConsole
 .text.CLOCK_EnableClock
                0x0000de68       0x34 ./board/clock_config.o
 .text.CLOCK_DisableClock
                0x0000de9c       0x38 ./board/clock_config.o
 .text.SMC_SetPowerModeProtection
                0x0000ded4       0x1e ./board/clock_config.o
 .text.SMC_GetPowerModeState
                0x0000def2       0x1a ./board/clock_config.o
 .text.RTC_SetOscCapLoad
                0x0000df0c       0x32 ./board/clock_config.o
 .text.BOARD_InitBootClocks
                0x0000df3e        0xc ./board/clock_config.o
                0x0000df3e                BOARD_InitBootClocks
 .text.CLOCK_EnableClock
                0x0000df4a       0x34 ./board/pin_mux.o
 .text.PORT_SetPinMux
                0x0000df7e       0x3a ./board/pin_mux.o
 .text.BOARD_InitBootPins
                0x0000dfb8       0x10 ./board/pin_mux.o
                0x0000dfb8                BOARD_InitBootPins
 .text.__main   0x0000dfc8        0xe C:/nxp/MCUXpressoIDE_25.6.136/ide/plugins/com.nxp.mcuxpresso.tools.win32_25.6.0.202501151204/tools/bin/../lib/gcc/arm-none-eabi/14.2.1/../../../../arm-none-eabi/lib/thumb/v7e-m+fp/hard\libcr_nohost_nf.a(_cr__main.o)
                0x0000dfc8                __main
 .text.__sys_appexit
                0x0000dfd6        0x2 C:/nxp/MCUXpressoIDE_25.6.136/ide/plugins/com.nxp.mcuxpresso.tools.win32_25.6.0.202501151204/tools/bin/../lib/gcc/arm-none-eabi/14.2.1/../../../../arm-none-eabi/lib/thumb/v7e-m+fp/hard\libcr_nohost_nf.a(__sys_appexit.o)
                0x0000dfd6                __sys_appexit
                0x0000dfd6                __exit
 .text.memcpy   0x0000dfd8        0x4 C:/nxp/MCUXpressoIDE_25.6.136/ide/plugins/com.nxp.mcuxpresso.tools.win32_25.6.0.202501151204/tools/bin/../lib/gcc/arm-none-eabi/14.2.1/../../../../arm-none-eabi/lib/thumb/v7e-m+fp/hard\libcr_c.a(memcpy.o)
                0x0000dfd8                memcpy
 .text.memset   0x0000dfdc        0x4 C:/nxp/MCUXpressoIDE_25.6.136/ide/plugins/com.nxp.mcuxpresso.tools.win32_25.6.0.202501151204/tools/bin/../lib/gcc/arm-none-eabi/14.2.1/../../../../arm-none-eabi/lib/thumb/v7e-m+fp/hard\libcr_c.a(memset.o)
                0x0000dfdc                memset
 .text._deferredlazyseek
                0x0000dfe0       0x40 C:/nxp/MCUXpressoIDE_25.6.136/ide/plugins/com.nxp.mcuxpresso.tools.win32_25.6.0.202501151204/tools/bin/../lib/gcc/arm-none-eabi/14.2.1/../../../../arm-none-eabi/lib/thumb/v7e-m+fp/hard\libcr_c.a(_deferredlazyseek.o)
                0x0000dfe0                _deferredlazyseek
 .text.__flsbuf
                0x0000e020      0x12a C:/nxp/MCUXpressoIDE_25.6.136/ide/plugins/com.nxp.mcuxpresso.tools.win32_25.6.0.202501151204/tools/bin/../lib/gcc/arm-none-eabi/14.2.1/../../../../arm-none-eabi/lib/thumb/v7e-m+fp/hard\libcr_c.a(_deferredlazyseek.o)
                0x0000e020                __flsbuf
 .text._fflush  0x0000e14a       0x52 C:/nxp/MCUXpressoIDE_25.6.136/ide/plugins/com.nxp.mcuxpresso.tools.win32_25.6.0.202501151204/tools/bin/../lib/gcc/arm-none-eabi/14.2.1/../../../../arm-none-eabi/lib/thumb/v7e-m+fp/hard\libcr_c.a(_fflush.o)
                0x0000e14a                _fflush
 .text.free     0x0000e19c       0x30 C:/nxp/MCUXpressoIDE_25.6.136/ide/plugins/com.nxp.mcuxpresso.tools.win32_25.6.0.202501151204/tools/bin/../lib/gcc/arm-none-eabi/14.2.1/../../../../arm-none-eabi/lib/thumb/v7e-m+fp/hard\libcr_c.a(alloc.o)
                0x0000e19c                free
 .text.fputs    0x0000e1cc       0x2c C:/nxp/MCUXpressoIDE_25.6.136/ide/plugins/com.nxp.mcuxpresso.tools.win32_25.6.0.202501151204/tools/bin/../lib/gcc/arm-none-eabi/14.2.1/../../../../arm-none-eabi/lib/thumb/v7e-m+fp/hard\libcr_c.a(fputs.o)
                0x0000e1cc                fputs
 .text.no_fp_display
                0x0000e1f8        0x4 C:/nxp/MCUXpressoIDE_25.6.136/ide/plugins/com.nxp.mcuxpresso.tools.win32_25.6.0.202501151204/tools/bin/../lib/gcc/arm-none-eabi/14.2.1/../../../../arm-none-eabi/lib/thumb/v7e-m+fp/hard\libcr_c.a(printf.o)
 .text.setvbuf  0x0000e1fc       0x3e C:/nxp/MCUXpressoIDE_25.6.136/ide/plugins/com.nxp.mcuxpresso.tools.win32_25.6.0.202501151204/tools/bin/../lib/gcc/arm-none-eabi/14.2.1/../../../../arm-none-eabi/lib/thumb/v7e-m+fp/hard\libcr_c.a(setvbuf.o)
                0x0000e1fc                setvbuf
 .text.abs      0x0000e23a        0x8 C:/nxp/MCUXpressoIDE_25.6.136/ide/plugins/com.nxp.mcuxpresso.tools.win32_25.6.0.202501151204/tools/bin/../lib/gcc/arm-none-eabi/14.2.1/../../../../arm-none-eabi/lib/thumb/v7e-m+fp/hard\libcr_c.a(stdlib.o)
                0x0000e23a                abs
 .text.strcpy   0x0000e242       0x42 C:/nxp/MCUXpressoIDE_25.6.136/ide/plugins/com.nxp.mcuxpresso.tools.win32_25.6.0.202501151204/tools/bin/../lib/gcc/arm-none-eabi/14.2.1/../../../../arm-none-eabi/lib/thumb/v7e-m+fp/hard\libcr_c.a(strcpy.o)
                0x0000e242                strcpy
 .text.strlen   0x0000e284       0x4e C:/nxp/MCUXpressoIDE_25.6.136/ide/plugins/com.nxp.mcuxpresso.tools.win32_25.6.0.202501151204/tools/bin/../lib/gcc/arm-none-eabi/14.2.1/../../../../arm-none-eabi/lib/thumb/v7e-m+fp/hard\libcr_c.a(strlen.o)
                0x0000e284                strlen
 .text.strncmp  0x0000e2d2       0x56 C:/nxp/MCUXpressoIDE_25.6.136/ide/plugins/com.nxp.mcuxpresso.tools.win32_25.6.0.202501151204/tools/bin/../lib/gcc/arm-none-eabi/14.2.1/../../../../arm-none-eabi/lib/thumb/v7e-m+fp/hard\libcr_c.a(strncmp.o)
                0x0000e2d2                strncmp
 .text.strstr   0x0000e328       0x20 C:/nxp/MCUXpressoIDE_25.6.136/ide/plugins/com.nxp.mcuxpresso.tools.win32_25.6.0.202501151204/tools/bin/../lib/gcc/arm-none-eabi/14.2.1/../../../../arm-none-eabi/lib/thumb/v7e-m+fp/hard\libcr_c.a(strstr.o)
                0x0000e328                strstr
 .text._fdopen  0x0000e348       0x68 C:/nxp/MCUXpressoIDE_25.6.136/ide/plugins/com.nxp.mcuxpresso.tools.win32_25.6.0.202501151204/tools/bin/../lib/gcc/arm-none-eabi/14.2.1/../../../../arm-none-eabi/lib/thumb/v7e-m+fp/hard\libcr_c.a(_fdopen.o)
                0x0000e348                _fdopen
 .text.fclose   0x0000e3b0       0x58 C:/nxp/MCUXpressoIDE_25.6.136/ide/plugins/com.nxp.mcuxpresso.tools.win32_25.6.0.202501151204/tools/bin/../lib/gcc/arm-none-eabi/14.2.1/../../../../arm-none-eabi/lib/thumb/v7e-m+fp/hard\libcr_c.a(fclose.o)
                0x0000e3b0                fclose
 .text.remove   0x0000e408       0x14 C:/nxp/MCUXpressoIDE_25.6.136/ide/plugins/com.nxp.mcuxpresso.tools.win32_25.6.0.202501151204/tools/bin/../lib/gcc/arm-none-eabi/14.2.1/../../../../arm-none-eabi/lib/thumb/v7e-m+fp/hard\libcr_c.a(remove.o)
                0x0000e408                remove
 .text._do_fflush
                0x0000e41c       0x40 C:/nxp/MCUXpressoIDE_25.6.136/ide/plugins/com.nxp.mcuxpresso.tools.win32_25.6.0.202501151204/tools/bin/../lib/gcc/arm-none-eabi/14.2.1/../../../../arm-none-eabi/lib/thumb/v7e-m+fp/hard\libcr_c.a(_do_fflush.o)
                0x0000e41c                _do_fflush
 .text.__aeabi_memcpy
                0x0000e45c       0x34 C:/nxp/MCUXpressoIDE_25.6.136/ide/plugins/com.nxp.mcuxpresso.tools.win32_25.6.0.202501151204/tools/bin/../lib/gcc/arm-none-eabi/14.2.1/thumb/v7e-m+fp/hard\libcr_eabihelpers.a(memcpy.o)
                0x0000e45c                __aeabi_memcpy
                0x0000e466                __aeabi_memcpy8
                0x0000e466                __aeabi_memcpy4
 .text.__aeabi_memset_lowlevel
                0x0000e490       0x32 C:/nxp/MCUXpressoIDE_25.6.136/ide/plugins/com.nxp.mcuxpresso.tools.win32_25.6.0.202501151204/tools/bin/../lib/gcc/arm-none-eabi/14.2.1/thumb/v7e-m+fp/hard\libcr_eabihelpers.a(memcpy.o)
                0x0000e490                __aeabi_lowlevel_memset
 .text.__sys_close
                0x0000e4c2        0x6 C:/nxp/MCUXpressoIDE_25.6.136/ide/plugins/com.nxp.mcuxpresso.tools.win32_25.6.0.202501151204/tools/bin/../lib/gcc/arm-none-eabi/14.2.1/../../../../arm-none-eabi/lib/thumb/v7e-m+fp/hard\libcr_nohost_nf.a(__sys_close.o)
                0x0000e4c2                __sys_close
 .text.__sys_flen
                0x0000e4c8        0x6 C:/nxp/MCUXpressoIDE_25.6.136/ide/plugins/com.nxp.mcuxpresso.tools.win32_25.6.0.202501151204/tools/bin/../lib/gcc/arm-none-eabi/14.2.1/../../../../arm-none-eabi/lib/thumb/v7e-m+fp/hard\libcr_nohost_nf.a(__sys_flen.o)
                0x0000e4c8                __sys_flen
 .text.__sys_istty
                0x0000e4ce        0x6 C:/nxp/MCUXpressoIDE_25.6.136/ide/plugins/com.nxp.mcuxpresso.tools.win32_25.6.0.202501151204/tools/bin/../lib/gcc/arm-none-eabi/14.2.1/../../../../arm-none-eabi/lib/thumb/v7e-m+fp/hard\libcr_nohost_nf.a(__sys_istty.o)
                0x0000e4ce                __sys_istty
 .text.__sys_remove
                0x0000e4d4        0x6 C:/nxp/MCUXpressoIDE_25.6.136/ide/plugins/com.nxp.mcuxpresso.tools.win32_25.6.0.202501151204/tools/bin/../lib/gcc/arm-none-eabi/14.2.1/../../../../arm-none-eabi/lib/thumb/v7e-m+fp/hard\libcr_nohost_nf.a(__sys_remove.o)
                0x0000e4d4                __sys_remove
 .text.__sys_seek
                0x0000e4da        0x6 C:/nxp/MCUXpressoIDE_25.6.136/ide/plugins/com.nxp.mcuxpresso.tools.win32_25.6.0.202501151204/tools/bin/../lib/gcc/arm-none-eabi/14.2.1/../../../../arm-none-eabi/lib/thumb/v7e-m+fp/hard\libcr_nohost_nf.a(__sys_seek.o)
                0x0000e4da                __sys_seek
 .text.__sys_tmpnam
                0x0000e4e0        0x6 C:/nxp/MCUXpressoIDE_25.6.136/ide/plugins/com.nxp.mcuxpresso.tools.win32_25.6.0.202501151204/tools/bin/../lib/gcc/arm-none-eabi/14.2.1/../../../../arm-none-eabi/lib/thumb/v7e-m+fp/hard\libcr_nohost_nf.a(__sys_tmpnam.o)
                0x0000e4e0                __sys_tmpnam
 .text.__sys_write
                0x0000e4e6        0x4 C:/nxp/MCUXpressoIDE_25.6.136/ide/plugins/com.nxp.mcuxpresso.tools.win32_25.6.0.202501151204/tools/bin/../lib/gcc/arm-none-eabi/14.2.1/../../../../arm-none-eabi/lib/thumb/v7e-m+fp/hard\libcr_nohost_nf.a(__sys_write.o)
                0x0000e4e6                __sys_write
 *freertos*/tasks.o(SORT_BY_ALIGNMENT(.rodata*))
 *fill*         0x0000e4ea        0x2 ff
 .rodata.uxTopUsedPriority
                0x0000e4ec        0x4 ./freertos/freertos_kernel/tasks.o
                0x0000e4ec                uxTopUsedPriority
 .rodata.vTaskStartScheduler.str1.4
                0x0000e4f0        0x5 ./freertos/freertos_kernel/tasks.o
 *(SORT_BY_ALIGNMENT(.rodata) SORT_BY_ALIGNMENT(.rodata.*) SORT_BY_ALIGNMENT(.constdata) SORT_BY_ALIGNMENT(.constdata.*))
 .rodata.Audio_Player_Init.str1.4
                0x0000e4f0      0xbac ./source/audio_player.o
                                 0x34 (size before relaxing)
 .rodata.Audio_Player_Play.str1.4
                0x0000f09c       0x60 ./source/audio_player.o
 .rodata.PORT_SetPinConfig.str1.4
                0x0000f09c       0x77 ./source/display_manager.o
 .rodata.Display_Init.str1.4
                0x0000f09c       0x3b ./source/display_manager.o
 .rodata.Display_UpdateScreen.str1.4
                0x0000f09c        0x6 ./source/display_manager.o
 .rodata.PORT_SetPinConfig.str1.4
                0x0000f09c       0x77 ./source/i2c_hal.o
 .rodata.PORT_SetPinConfig.str1.4
                0x0000f09c       0x77 ./source/main.o
 .rodata.main.str1.4
                0x0000f09c       0xb9 ./source/main.o
 .rodata.Vibration_Motor_Init.str1.4
                0x0000f09c       0x39 ./source/vibration_motor.o
 .rodata.ParseDetectionJSON.str1.4
                0x0000f09c       0x23 ./source/vision_tof.o
 .rodata.Motor_Task.str1.4
                0x0000f09c       0x50 ./source/vision_tof.o
 .rodata.Comm_Task.str1.4
                0x0000f09c      0x1cd ./source/vision_tof.o
 .rodata.Button_Task.str1.4
                0x0000f09c       0x85 ./source/vision_tof.o
 .rodata.Vision_ToF_Init.str1.4
                0x0000f09c       0x24 ./source/vision_tof.o
 .rodata.xTimerCreateTimerTask.str1.4
                0x0000f09c        0x8 ./freertos/freertos_kernel/timers.o
 .rodata.prvCheckForValidListAndQueue.str1.4
                0x0000f09c        0x5 ./freertos/freertos_kernel/timers.o
 .rodata.CLOCK_GetMcgExtClkFreq.str1.4
                0x0000f09c       0x49 ./drivers/fsl_clock.o
 .rodata.CLOCK_GetOsc0ErClkUndivFreq.str1.4
                0x0000f09c       0x1e ./drivers/fsl_clock.o
 .rodata.CLOCK_GetOsc0ErClkDivFreq.str1.4
                0x0000f09c       0x1e ./drivers/fsl_clock.o
 .rodata.CLOCK_GetEr32kClkFreq.str1.4
                0x0000f09c       0x1f ./drivers/fsl_clock.o
 .rodata.CLOCK_EnableUsbfs0Clock.str1.4
                0x0000f09c       0x2d ./drivers/fsl_clock.o
 .rodata.CLOCK_GetPll0Freq.str1.4
                0x0000f09c       0x1d ./drivers/fsl_clock.o
 .rodata.CLOCK_EnablePll0.str1.4
                0x0000f09c       0x1a ./drivers/fsl_clock.o
 .rodata.CLOCK_SetPbeMode.str1.4
                0x0000f09c       0x1a ./drivers/fsl_clock.o
 .rodata.CLOCK_BootToPeeMode.str1.4
                0x0000f09c       0x1a ./drivers/fsl_clock.o
 .rodata.fllFactorTable.1
                0x0000f09c       0x10 ./drivers/fsl_clock.o
 .rodata.s_dacBases
                0x0000f0ac        0x8 ./drivers/fsl_dac.o
 .rodata.s_dacClocks
                0x0000f0b4        0x8 ./drivers/fsl_dac.o
 .rodata.DAC_GetInstance.str1.4
                0x0000f0bc       0x31 ./drivers/fsl_dac.o
 .rodata.DAC_Init.str1.4
                0x0000f0bc       0x1e ./drivers/fsl_dac.o
 .rodata.DAC_GetDefaultConfig.str1.4
                0x0000f0bc       0x1f ./drivers/fsl_dac.o
 .rodata.DAC_SetBufferValue.str1.4
                0x0000f0bc       0x27 ./drivers/fsl_dac.o
 .rodata.s_ftmBases
                0x0000f0bc       0x10 ./drivers/fsl_ftm.o
 .rodata.s_ftmClocks