12:20:54 **** Clean-only build of configuration Debug for project Projectmain ****
make -r -j8 clean 
rm -rf ./utilities/fsl_debug_console.d ./utilities/fsl_debug_console.o ./utilities/fsl_str.d ./utilities/fsl_str.o
rm -rf ./startup/startup_mk66f18.d ./startup/startup_mk66f18.o
rm -rf ./source/i2c_hal.d ./source/i2c_hal.o ./source/lcd_driver.d ./source/lcd_driver.o ./source/main.d ./source/main.o ./source/semihost_hardfault.d ./source/semihost_hardfault.o ./source/uart_rx.d ./source/uart_rx.o ./source/vibration_motor.d ./source/vibration_motor.o ./source/vision_tof.d ./source/vision_tof.o ./source/vl53l0x_api.d ./source/vl53l0x_api.o ./source/vl53l0x_api_calibration.d ./source/vl53l0x_api_calibration.o ./source/vl53l0x_api_core.d ./source/vl53l0x_api_core.o ./source/vl53l0x_api_ranging.d ./source/vl53l0x_api_ranging.o ./source/vl53l0x_api_strings.d ./source/vl53l0x_api_strings.o ./source/vl53l0x_platform.d ./source/vl53l0x_platform.o
rm -rf ./freertos/freertos_kernel/portable/MemMang/heap_4.d ./freertos/freertos_kernel/portable/MemMang/heap_4.o
rm -rf ./freertos/freertos_kernel/portable/GCC/ARM_CM4F/port.d ./freertos/freertos_kernel/portable/GCC/ARM_CM4F/port.o
rm -rf ./freertos/freertos_kernel/croutine.d ./freertos/freertos_kernel/croutine.o ./freertos/freertos_kernel/event_groups.d ./freertos/freertos_kernel/event_groups.o ./freertos/freertos_kernel/list.d ./freertos/freertos_kernel/list.o ./freertos/freertos_kernel/queue.d ./freertos/freertos_kernel/queue.o ./freertos/freertos_kernel/stream_buffer.d ./freertos/freertos_kernel/stream_buffer.o ./freertos/freertos_kernel/tasks.d ./freertos/freertos_kernel/tasks.o ./freertos/freertos_kernel/timers.d ./freertos/freertos_kernel/timers.o
rm -rf ./drivers/fsl_clock.d ./drivers/fsl_clock.o ./drivers/fsl_common.d ./drivers/fsl_common.o ./drivers/fsl_common_arm.d ./drivers/fsl_common_arm.o ./drivers/fsl_dac.d ./drivers/fsl_dac.o ./drivers/fsl_ftm.d ./drivers/fsl_ftm.o ./drivers/fsl_gpio.d ./drivers/fsl_gpio.o ./drivers/fsl_i2c.d ./drivers/fsl_i2c.o ./drivers/fsl_rtc.d ./drivers/fsl_rtc.o ./drivers/fsl_smc.d ./drivers/fsl_smc.o ./drivers/fsl_uart.d ./drivers/fsl_uart.o
rm -rf ./device/system_MK66F18.d ./device/system_MK66F18.o
rm -rf ./component/uart/fsl_adapter_uart.d ./component/uart/fsl_adapter_uart.o
rm -rf ./component/serial_manager/fsl_component_serial_manager.d ./component/serial_manager/fsl_component_serial_manager.o ./component/serial_manager/fsl_component_serial_port_uart.d ./component/serial_manager/fsl_component_serial_port_uart.o
rm -rf ./component/lists/fsl_component_generic_list.d ./component/lists/fsl_component_generic_list.o
rm -rf ./board/board.d ./board/board.o ./board/clock_config.d ./board/clock_config.o ./board/peripherals.d ./board/peripherals.o ./board/pin_mux.d ./board/pin_mux.o
rm -rf Projectmain.axf
 
12:20:56 **** Build of configuration Debug for project Projectmain ****
make -r -j8 all 
Building file: ../utilities/fsl_debug_console.c
Building file: ../utilities/fsl_str.c
Building file: ../startup/startup_mk66f18.c
Invoking: MCU C Compiler
arm-none-eabi-gcc -D__REDLIB__ -DCPU_MK66FN2M0VMD18 -DCPU_MK66FN2M0VMD18_cm4 -DSDK_OS_BAREMETAL -DSERIAL_PORT_TYPE_UART=1 -DSDK_DEBUGCONSOLE=1 -DCR_INTEGER_PRINTF -DPRINTF_FLOAT_ENABLE=0 -D__MCUXPRESSO -D__USE_CMSIS -DDEBUG -DSDK_OS_FREE_RTOS -I"C:\Users\dhruv\OneDrive\Documents\Main two resumes\Projectmain fuul work condition\board" -I"C:\Users\dhruv\OneDrive\Documents\Main two resumes\Projectmain fuul work condition\drivers" -I"C:\Users\dhruv\OneDrive\Documents\Main two resumes\Projectmain fuul work condition\component\uart" -I"C:\Users\dhruv\OneDrive\Documents\Main two resumes\Projectmain fuul work condition\device" -I"C:\Users\dhruv\OneDrive\Documents\Main two resumes\Projectmain fuul work condition\CMSIS" -I"C:\Users\dhruv\OneDrive\Documents\Main two resumes\Projectmain fuul work condition\component\serial_manager" -I"C:\Users\dhruv\OneDrive\Documents\Main two resumes\Projectmain fuul work condition\component\lists" -I"C:\Users\dhruv\OneDrive\Documents\Main two resumes\Projectmain fuul work condition\utilities" -I"C:\Users\dhruv\OneDrive\Documents\Main two resumes\Projectmain fuul work condition\freertos\freertos_kernel\include" -I"C:\Users\dhruv\OneDrive\Documents\Main two resumes\Projectmain fuul work condition\freertos\freertos_kernel\portable\GCC\ARM_CM4F" -I"C:\Users\dhruv\OneDrive\Documents\Main two resumes\Projectmain fuul work condition\source" -O0 -fno-common -g3 -gdwarf-4 -Wall -c -ffunction-sections -fdata-sections -fno-builtin -fmerge-constants -fmacro-prefix-map="../utilities/"= -mcpu=cortex-m4 -mfpu=fpv4-sp-d16 -mfloat-abi=hard -mthumb -D__REDLIB__ -fstack-usage -specs=redlib.specs -MMD -MP -MF"utilities/fsl_debug_console.d" -MT"utilities/fsl_debug_console.o" -MT"utilities/fsl_debug_console.d" -o "utilities/fsl_debug_console.o" "../utilities/fsl_debug_console.c"
Invoking: MCU C Compiler
arm-none-eabi-gcc -D__REDLIB__ -DCPU_MK66FN2M0VMD18 -DCPU_MK66FN2M0VMD18_cm4 -DSDK_OS_BAREMETAL -DSERIAL_PORT_TYPE_UART=1 -DSDK_DEBUGCONSOLE=1 -DCR_INTEGER_PRINTF -DPRINTF_FLOAT_ENABLE=0 -D__MCUXPRESSO -D__USE_CMSIS -DDEBUG -DSDK_OS_FREE_RTOS -I"C:\Users\dhruv\OneDrive\Documents\Main two resumes\Projectmain fuul work condition\board" -I"C:\Users\dhruv\OneDrive\Documents\Main two resumes\Projectmain fuul work condition\drivers" -I"C:\Users\dhruv\OneDrive\Documents\Main two resumes\Projectmain fuul work condition\component\uart" -I"C:\Users\dhruv\OneDrive\Documents\Main two resumes\Projectmain fuul work condition\device" -I"C:\Users\dhruv\OneDrive\Documents\Main two resumes\Projectmain fuul work condition\CMSIS" -I"C:\Users\dhruv\OneDrive\Documents\Main two resumes\Projectmain fuul work condition\component\serial_manager" -I"C:\Users\dhruv\OneDrive\Documents\Main two resumes\Projectmain fuul work condition\component\lists" -I"C:\Users\dhruv\OneDrive\Documents\Main two resumes\Projectmain fuul work condition\utilities" -I"C:\Users\dhruv\OneDrive\Documents\Main two resumes\Projectmain fuul work condition\freertos\freertos_kernel\include" -I"C:\Users\dhruv\OneDrive\Documents\Main two resumes\Projectmain fuul work condition\freertos\freertos_kernel\portable\GCC\ARM_CM4F" -I"C:\Users\dhruv\OneDrive\Documents\Main two resumes\Projectmain fuul work condition\source" -O0 -fno-common -g3 -gdwarf-4 -Wall -c -ffunction-sections -fdata-sections -fno-builtin -fmerge-constants -fmacro-prefix-map="../utilities/"= -mcpu=cortex-mInvoking: MCU C Compiler
4 -mfpu=fpv4-sp-d16 -mfloat-abi=hard -mthumb -D__REDLIB__ -fstack-usage -specs=redlib.specs -MMD -MP -MF"utilities/fsl_str.d" -MT"utilities/fsl_str.o" -MT"utilities/fsl_str.d" -o "utilities/fsl_str.o" "../utilities/fsl_str.c"
arm-none-eabi-gcc -D__REDLIB__ -DCPU_MK66FN2M0VMD18 -DCPU_MK66FN2M0VMD18_cm4 -DSDK_OS_BAREMETAL -DSERIAL_PORT_TYPE_UART=1 -DSDK_DEBUGCONSOLE=1 -DCR_INTEGER_PRINTF -DPRINTF_FLOAT_ENABLE=0 -D__MCUXPRESSO -D__USE_CMSIS -DDEBUG -DSDK_OS_FREE_RTOS -I"C:\Users\dhruv\OneDrive\Documents\Main two resumes\Projectmain fuul work condition\board" -I"C:\Users\dhruv\OneDrive\Documents\Main two resumes\Projectmain fuul work condition\drivers" -I"C:\Users\dhruv\OneDrive\Documents\Main two resumes\Projectmain fuul work condition\component\uart" -I"C:\Users\dhruv\OneDrive\Documents\Main two resumes\Projectmain fuul work condition\device" -I"C:\Users\dhruv\OneDrive\Documents\Main two resumes\Projectmain fuul work condition\CMSIS" -I"C:\Users\dhruv\OneDrive\Documents\Main two resumes\Projectmain fuul work condition\component\serial_manager" -I"C:\Users\dhruv\OneDrive\Documents\Main two resumes\Projectmain fuul work condition\component\lists" -I"C:\Users\dhruv\OneDrive\Documents\Main two resumes\Projectmain fuul work condition\utilities" -I"C:\Users\dhruv\OneDrive\Documents\Main two resumes\Projectmain fuul work condition\freertos\freertos_kernel\include" -I"C:\Users\dhruv\OneDrive\Documents\Main two resumes\Projectmain fuul work condition\freertos\freertos_kernel\portable\GCC\ARM_CM4F" -I"C:\Users\dhruv\OneDrive\Documents\Main two resumes\Projectmain fuul work condition\source" -O0 -fno-common -g3 -gdwarf-4 -Wall -c -ffunction-sections -fdata-sections -fno-builtin -fmerge-constants -fmacro-prefix-map="../startup/"= -mcpu=cortex-m4 -mfpu=fpv4-sp-d16 -mfloat-abi=hard -mthumb -D__REDLIB__ -fstack-usage -specs=redlib.specs -MMD -MP -MF"startup/startup_mk66f18.d" -MT"startup/startup_mk66f18.o" -MT"startup/startup_mk66f18.d" -o "startup/startup_mk66f18.o" "../startup/startup_mk66f18.c"
Building file: ../source/i2c_hal.c
Building file: ../source/lcd_driver.c
Building file: ../source/main.c
Building file: ../source/semihost_hardfault.c
Invoking: MCU C Compiler
Invoking: MCU C Compiler
Invoking: MCU C Compiler
arm-none-eabi-gcc -D__REDLIB__ -DCPU_MK66FN2M0VMD18 -DCPU_MK66FN2M0VMD18_cm4 -DSDK_OS_BAREMETAL -DSERIAL_PORT_TYPE_UART=1 -DSDK_DEBUGCONSOLE=1 -DCR_INTEGER_PRINTF -DPRINTF_FLOAT_ENABLE=0 -D__MCUXPRESSO -D__USE_CMSIS -DDEBUG -DSDK_OS_FREE_RTOS -I"C:\Users\dhruv\OneDrive\Documents\Main two resumes\Projectmain fuul work condition\board" -I"C:\Users\dhruv\OneDrive\Documents\Main two resumes\Projectmain fuul work condition\drivers" -I"C:\Users\dhruv\OneDrive\Documents\Main two resumes\Projectmain fuul work condition\component\uart" -I"C:\Users\dhruv\OneDrive\Documents\Main two resumes\Projectmain fuul work condition\device" -I"C:\Users\dhruv\OneDrive\Documents\Main two resumes\Projectmain fuul work condition\CMSIS" -I"C:\Users\dhruv\OneDrive\Documents\Main two resumes\Projectmain fuul work condition\component\serial_manager" -I"C:\Users\dhruv\OneDrive\Documents\Main two resumes\Projectmain fuul work condition\component\lists" -I"C:\Users\dhruv\OneDrive\Documents\Main two resumes\Projectmain fuul work condition\utilities" -I"C:\Users\dhruv\OneDrive\Documents\Main two resumes\Projectmain fuul work condition\freertos\freertos_kernel\include" -I"C:\Users\dhruv\OneDrive\Documents\Main two resumes\Projectmain fuul work condition\freertos\freertos_kernel\portable\GCC\ARM_CM4F" -I"C:\Users\dhruv\OneDrive\Documents\Main two resumes\Projectmain fuul work condition\source" -O0 -fno-common -g3 -gdwarf-4 -Wall -c -ffunction-sections -fdata-sections -fno-builtin -fmerge-constants -fmacro-prefix-map="../source/"= -mcpu=cortex-m4 -mfpu=fpv4-sp-d16 -mfloat-abi=hard -mthumb -D__REDLIB__ -fstack-usage -specs=redlib.specs -MMD -MP -MF"source/i2c_hal.d" -MT"source/i2c_hal.o" -MT"source/i2c_hal.d" -o "source/i2c_hal.o" "../source/i2c_hal.c"
Building file: ../source/uart_rx.c
Invoking: MCU C Compiler
arm-none-eabi-gcc -D__REDLIB__ -DCPU_MK66FN2M0VMD18 -DCPU_MK66FN2M0VMD18_cm4 -DSDK_OS_BAREMETAL -DSERIAL_PORT_TYPE_UART=1 -DSDK_DEBUGCONSOLE=1 -DCR_INTEGER_PRINTF -DPRINTF_FLOAT_ENABLE=0 -D__MCUXPRESSO -D__USE_CMSIS -DDEBUG -DSDK_OS_FREE_RTOS -I"C:\Users\dhruv\OneDrive\Documents\Main two resumes\Projectmain fuul work condition\board" -I"C:\Users\dhruv\OneDrive\Documents\Main two resumes\Projectmain fuul work condition\drivers" -I"C:\Users\dhruv\OneDrive\Documents\Main two resumes\Projectmain fuul work condition\component\uart" -I"C:\Users\dhruv\OneDrive\Documents\Main two resumes\Projectmain fuul work condition\device" -I"C:\Users\dhruv\OneDrive\Documents\Main two resumes\Projectmain fuul work condition\CMSIS" -I"C:\Users\dhruv\OneDrive\Documents\Main two resumes\Projectmain fuul work condition\component\serial_manager" -I"C:\Users\dhruv\OneDrive\Documents\Main two resumes\Projectmain fuul work condition\component\lists" -I"C:\Users\dhruv\OneDrive\Documents\Main two resumes\Projectmain fuul work condition\utilities" -I"C:\Users\dhruv\OneDrive\Documents\Main two resumes\Projectmain fuul work condition\freertos\freertos_kernel\include" -I"C:\Users\dhruv\OneDrive\Documents\Main two resumes\Projectmain fuul work condition\freertos\freertos_kernel\portable\GCC\ARM_CM4F" -I"C:\Users\dhruv\OneDrive\Documents\Main two resumes\Projectmain fuul work condition\source" -O0 -fno-common -g3 -gdwarf-4 -Wall -c -ffunction-sections -fdata-sections -fno-builtin -fmerge-constants -fmacro-prefix-map="../source/"= -mcpu=cortex-m4 -mfpu=fpv4-sp-d16 -mfloat-abi=hard -mthumb -D__REDLIB__ -fstack-usage -specs=redlib.specs -MMD -MP -MF"source/lcd_driver.d" -MT"source/lcd_driver.o" -MT"source/lcd_driver.d" -o "source/lcd_driver.o" "../source/lcd_driver.c"
arm-none-eabi-gcc -D__REDLIB__ -DCPU_MK66FN2M0VMD18 -DCPU_MK66FN2M0VMD18_cm4 -DSDK_OS_BAREMETAL -DSERIAL_PORT_TYPE_UART=1 -DSDK_DEBUGCONSOLE=1 -DCR_INTEGER_PRINTF -DPRINTF_FLOAT_ENABLE=0 -D__MCUXPRESSO -D__USE_CMSIS -DDEBUG -DSDK_OS_FREE_RTOS -I"C:\Users\dhruv\OneDrive\Documents\Main two resumes\Projectmain fuul work condition\board" -I"C:\Users\dhruv\OneDrive\Documents\Main two resumes\Projectmain fuul work condition\drivers" -I"C:\Users\dhruv\OneDrive\Documents\Main two resumes\Projectmain fuul work condition\component\uart" -I"C:\Users\dhruv\OneDrive\Documents\Main two resumes\Projectmain fuul work condition\device" -I"C:\Users\dhruv\OneDrive\Documents\Main two resumes\Projectmain fuul work condition\CMSIS" -I"C:\Users\dhruv\OneDrive\Documents\Main two resumes\Projectmain fuul work condition\component\serial_manager" -I"C:\Users\dhruv\OneDrive\Documents\Main two resumes\Projectmain fuul work condition\component\lists" -I"C:\Users\dhruv\OneDrive\Documents\Main two resumes\Projectmain fuul work condition\utilities" -I"C:\Users\dhruv\OneDrive\Documents\Main two resumes\Projectmain fuul work condition\freertos\freertos_kernel\include" -I"C:\Users\dhruv\OneDrive\Documents\Main two resumes\Projectmain fuul work condition\freertos\freertos_kernel\portable\GCC\ARM_CM4F" -I"C:\Users\dhruv\OneDrive\Documents\Main two resumes\Projectmain fuul work condition\source" -O0 -fno-common -g3 -gdwarf-4 -Wall -c -ffunction-sections -fdata-sections -fno-builtin -fmerge-constants -fmacro-prefix-map="../source/"= -mcpu=cortex-m4 -mfpu=fpv4-sp-d16 -mfloat-abi=hard -mthumb -D__REDLIB__ -fstack-usage -specs=redlib.specs -MMD -MP -MF"source/main.d" -MT"source/main.o" -MT"source/main.d" -o "source/main.o" "../source/main.c"
arm-none-eabi-gcc -D__REDLIB__ -DCPU_MK66FN2M0VMD18 -DCPU_MK66FN2M0VMD18_cm4 -DSDK_OS_BAREMETAL -DSERIAL_PORT_TYPE_UART=1 -DSDK_DEBUGCONSOLE=1 -DCR_INTEGER_PRINTF -DPRINTF_FLOAT_ENABLE=0 -D__MCUXPRESSO -D__USE_CMSIS -DDEBUG -DSDK_OS_FREE_RTOS -I"C:\Users\dhruv\OneDrive\Documents\Main two resumes\Projectmain fuul work condition\board" -I"C:\Users\dhruv\OneDrive\Documents\Main two resumes\Projectmain fuul work condition\drivers" -I"C:\Users\dhruv\OneDrive\Documents\Main two resumes\Projectmain fuul work condition\component\uart" -I"C:\Users\dhruv\OneDrive\Documents\Main two resumes\Projectmain fuul work condition\device" -I"C:\Users\dhruv\OneDrive\Documents\Main two resumes\Projectmain fuul work condition\CMSIS" -I"C:\Users\dhruv\OneDrive\Documents\Main two resumes\Projectmain fuul work condition\component\serial_manager" -I"C:\Users\dhruv\OneDrive\Documents\Main two resumes\Projectmain fuul work condition\component\lists" -I"C:\Users\dhruv\OneDrive\Documents\Main two resumes\Projectmain fuul work condition\utilities" -I"C:\Users\dhruv\OneDrive\Documents\Main two resumes\Projectmain fuul work condition\freertos\freertos_kernel\include" -I"C:\Users\dhruv\OneDrive\Documents\Main two resumes\Projectmain fuul work condition\freertos\freertos_kernel\portable\GCC\ARM_CM4F" -I"C:\Users\dhruv\OneDrive\Documents\Main two resumes\Projectmain fuul work condition\source" -O0 -fno-common -g3 -gdwarf-4 -Wall -c -ffunction-sections -fdata-sections -fno-builtin -fmerge-constants -fmacro-prefix-map="../source/"= -mcpu=cortex-m4 -mfpu=fpv4-sp-d16 -mfloat-abi=hard -mthumb -D__REDLIB__ -fstack-usage -specs=redlib.specs -MMD -MP -MF"source/semihost_hardfault.d" -MT"source/semihost_hardfault.o" -MT"source/semihost_hardfault.d" -o "source/semihost_hardfault.o" "../source/semihost_hardfault.c"
Invoking: MCU C Compiler
arm-none-eabi-gcc -D__REDLIB__ -DCPU_MK66FN2M0VMD18 -DCPU_MK66FN2M0VMD18_cm4 -DSDK_OS_BAREMETAL -DSERIAL_PORT_TYPE_UART=1 -DSDK_DEBUGCONSOLE=1 -DCR_INTEGER_PRINTF -DPRINTF_FLOAT_ENABLE=0 -D__MCUXPRESSO -D__USE_CMSIS -DDEBUG -DSDK_OS_FREE_RTOS -I"C:\Users\dhruv\OneDrive\Documents\Main two resumes\Projectmain fuul work condition\board" -I"C:\Users\dhruv\OneDrive\Documents\Main two resumes\Projectmain fuul work condition\drivers" -I"C:\Users\dhruv\OneDrive\Documents\Main two resumes\Projectmain fuul work condition\component\uart" -I"C:\Users\dhruv\OneDrive\Documents\Main two resumes\Projectmain fuul work condition\device" -I"C:\Users\dhruv\OneDrive\Documents\Main two resumes\Projectmain fuul work condition\CMSIS" -I"C:\Users\dhruv\OneDrive\Documents\Main two resumes\Projectmain fuul work condition\component\serial_manager" -I"C:\Users\dhruv\OneDrive\Documents\Main two resumes\Projectmain fuul work condition\component\lists" -I"C:\Users\dhruv\OneDrive\Documents\Main two resumes\Projectmain fuul work condition\utilities" -I"C:\Users\dhruv\OneDrive\Documents\Main two resumes\Projectmain fuul work condition\freertos\freertos_kernel\include" -I"C:\Users\dhruv\OneDrive\Documents\Main two resumes\Projectmain fuul work condition\freertos\freertos_kernel\portable\GCC\ARM_CM4F" -I"C:\Users\dhruv\OneDrive\Documents\Main two resumes\Projectmain fuul work condition\source" -O0 -fno-common -g3 -gdwarf-4 -Wall -c -ffunction-sections -fdata-sections -fno-builtin -fmerge-constants -fmacro-prefix-map="../source/"= -mcpu=cortex-m4 -mfpu=fpv4-sp-d16 -mfloat-abi=hard -mthumb -D__REDLIB__ -fstack-usage -specs=redlib.specs -MMD -MP -MF"source/uart_rx.d" -MT"source/uart_rx.o" -MT"source/uart_rx.d" -o "source/uart_rx.o" "../source/uart_rx.c"
Finished building: ../source/semihost_hardfault.c
Finished building: ../utilities/fsl_debug_console.c
Finished building: ../utilities/fsl_str.c
Finished building: ../startup/startup_mk66f18.c
Finished building: ../source/i2c_hal.c
Finished building: ../source/lcd_driver.c
Finished building: ../source/main.c
Finished building: ../source/uart_rx.c
 
 
 
 
 
 
 
 
Building file: ../source/vibration_motor.c
Building file: ../source/vision_tof.c
Invoking: MCU C Compiler
arm-none-eabi-gcc -D__REDLIB__ -DCPU_MK66FN2M0VMD18 -DCPU_MK66FN2M0VMD18_cm4 -DSDK_OS_BAREMETAL -DSERIAL_PORT_TYPE_UART=1 -DSDK_DEBUGCONSOLE=1 -DCR_INTEGER_PRINTF -DPRINTF_FLOAT_ENABLE=0 -D__MCUXPRESSO -D__USE_CMSIS -DDEBUG -DSDK_OS_FREE_RTOS -I"C:\Users\dhruv\OneDrive\Documents\Main two resumes\Projectmain fuul work condition\board" -I"C:\Users\dhruv\OneDrive\Documents\Main two resumes\Projectmain fuul work condition\drivers" -I"C:\Users\dhruv\OneDrive\Documents\Main two resumes\Projectmain fuul work condition\component\uart" -I"C:\Users\dhruv\OneDrive\Documents\Main two resumes\Projectmain fuul work condition\device" -I"C:\Users\dhruv\OneDrive\Documents\Main two resumes\Projectmain fuul work condition\CMSIS" -I"C:\Users\dhruv\OneDrive\Documents\Main two resumes\Projectmain fuul work condition\component\serial_manager" -I"C:\Users\dhruv\OneDrive\Documents\Main two resumes\Projectmain fuul work condition\component\lists" -I"C:\Users\dhruv\OneDrive\Documents\Main two resumes\Projectmain fuul work condition\utilities" -I"C:\Users\dhruv\OneDrive\Documents\Main two resumes\Projectmain fuul work condition\freertos\freertos_kernel\include" -I"C:\Users\dhruv\OneDrive\Documents\Main two resumes\Projectmain fuul work condition\freertos\freertos_kernel\portable\GCC\ARM_CM4F" -I"C:\Users\dhruv\OneDrive\Documents\Main two resumes\Projectmain fuul work condition\source" -O0 -fno-common -g3 -gdwarf-4 -Wall -c -ffunction-sections -fdata-sections -fno-builtin -fmerge-constants -fmacro-prefix-map="../source/"= -mcpu=cortex-m4 -mfpu=fpv4-sp-d16 -mfloat-abi=hard -mthumb -D__REDLIB__ -fstack-usage -specs=redlib.specs -MMD -MP -MF"source/vibration_motor.d" -MT"source/vibration_motor.o" -MT"source/vibration_motor.d" -o "source/vibration_motor.o" "../source/vibration_motor.c"
Building file: ../source/vl53l0x_api.c
Invoking: MCU C Compiler
arm-none-eabi-gcc -D__REDLIB__ -DCPU_MK66FN2M0VMD18 -DCPU_MK66FN2M0VMD18_cm4 -DSDK_OS_BAREMETAL -DSERIAL_PORT_TYPE_UART=1 -DSDK_DEBUGCONSOLE=1 -DCR_INTEGER_PRINTF -DPRINTF_FLOAT_ENABLE=0 -D__MCUXPRESSO -D__USE_CMSIS -DDEBUG -DSDK_OS_FREE_RTOS -I"C:\Users\dhruv\OneDrive\Documents\Main two resumes\Projectmain fuul work condition\board" -I"C:\Users\dhruv\OneDrive\Documents\Main two resumes\Projectmain fuul work condition\drivers" -I"C:\Users\dhruv\OneDrive\Documents\Main two resumes\Projectmain fuul work condition\component\uart" -I"C:\Users\dhruv\OneDrive\Documents\Main two resumes\Projectmain fuul work condition\device" -I"C:\Users\dhruv\OneDrive\Documents\Main two resumes\Projectmain fuul work condition\CMSIS" -I"C:\Users\dhruv\OneDrive\Documents\Main two resumes\Projectmain fuul work condition\component\serial_manager" -I"C:\Users\dhruv\OneDrive\Documents\Main two resumes\Projectmain fuul work condition\component\lists" -I"C:\Users\dhruv\OneDrive\Documents\Main two resumes\Projectmain fuul work condition\utilities" -I"C:\Users\dhruv\OneDrive\Documents\Main two resumes\Projectmain fuul work condition\freertos\freertos_kernel\include" -I"C:\Users\dhruv\OneDrive\Documents\Main two resumes\Projectmain fuul work condition\freertos\freertos_kernel\portable\GCC\ARM_CM4F" -I"C:\Users\dhruv\OneDrive\Documents\Main two resumes\Projectmain fuul work condition\source" -O0 -fno-common -g3 -gdwarf-4 -Wall -c -ffunction-sections -fdata-sections -fno-builtin -fmerge-constants -fmacro-prefix-map="../source/"= -mcpu=cortex-m4 -mfpu=fpv4-sp-d16 -mfloat-abi=hard -mthumb -D__REDLIB__ -fstack-usage -specs=redlib.specs -MMD -MP -MF"source/vision_tof.d" -MT"source/vision_tof.o" -MT"source/vision_tof.d" -o "source/vision_tof.o" "../source/vision_tof.c"
Building file: ../source/vl53l0x_api_calibration.c
Invoking: MCU C Compiler
arm-none-eabi-gcc -D__REDLIB__ -DCPU_MK66FN2M0VMD18 -DCPU_MK66FN2M0VMD18_cm4 -DSDK_OS_BAREMETAL -DSERIAL_PORT_TYPE_UART=1 -DSDK_DEBUGCONSOLE=1 -DCR_INTEGER_PRINTF -DPRINTF_FLOAT_ENABLE=0 -D__MCUXPRESSO -D__USE_CMSIS -DDEBUG -DSDK_OS_FREE_RTOS -I"C:\Users\dhruv\OneDrive\Documents\Main two resumes\Projectmain fuul work condition\board" -I"C:\Users\dhruv\OneDrive\Documents\Main two resumes\Projectmain fuul work condition\drivers" -I"C:\Users\dhruv\OneDrive\Documents\Main two resumes\Projectmain fuul work condition\component\uart" -I"C:\Users\dhruv\OneDrive\Documents\Main two resumes\Projectmain fuul work condition\device" -I"C:\Users\dhruv\OneDrive\Documents\Main two resumes\Projectmain fuul work condition\CMSIS" -I"C:\Users\dhruv\OneDrive\Documents\Main two resumes\Projectmain fuul work condition\component\serial_manager" -I"C:\Users\dhruv\OneDrive\Documents\Main two resumes\Projectmain fuul work condition\component\lists" -I"C:\Users\dhruv\OneDrive\Documents\Main two resumes\Projectmain fuul work condition\utilities" -I"C:\Users\dhruv\OneDrive\Documents\Main two resumes\Projectmain fuul work condition\freertos\freertos_kernel\include" -I"C:\Users\dhruv\OneDrive\Documents\Main two resumes\Projectmain fuul work condition\freertos\freertos_kernel\portable\GCC\ARM_CM4F" -I"C:\Users\dhruv\OneDrive\Documents\Main two resumes\Projectmain fuul work condition\source" -O0 -fno-common -g3 -gdwarf-4 -Wall -c -ffunction-sections -fdata-sections -fno-builtin -fmerge-constants -fmacro-prefix-map="../source/"= -mcpu=cortex-m4 -mfpu=fpv4-sp-d16 -mfloat-abi=hard -mthumb -D__REDLIB__ -fstack-usage -specs=redlib.specs -MMD -MP -MF"source/vl53l0x_api.d" -MT"source/vl53l0x_api.o" -MT"source/vl53l0x_api.d" -o "source/vl53l0x_api.o" "../source/vl53l0x_api.c"
Building file: ../source/vl53l0x_api_core.c
Invoking: MCU C Compiler
arm-none-eabi-gcc -D__REDLIB__ -DCPU_MK66FN2M0VMD18 -DCPU_MK66FN2M0VMD18_cm4 -DSDK_OS_BAREMETAL -DSERIAL_PORT_TYPE_UART=1 -DSDK_DEBUGCONSOLE=1 -DCR_INTEGER_PRINTF -DPRINTF_FLOAT_ENABLE=0 -D__MCUXPRESSO -D__USE_CMSIS -DDEBUG -DSDK_OS_FREE_RTOS -I"C:\Users\dhruv\OneDrive\Documents\Main two resumes\Projectmain fuul work condition\board" -I"C:\Users\dhruv\OneDrive\Documents\Main two resumes\Projectmain fuul work condition\drivers" -I"C:\Users\dhruv\OneDrive\Documents\Main two resumes\Projectmain fuul work condition\component\uart" -I"C:\Users\dhruv\OneDrive\Documents\Main two resumes\Projectmain fuul work condition\device" -I"C:\Users\dhruv\OneDrive\Documents\Main two resumes\Projectmain fuul work condition\CMSIS" -I"C:\Users\dhruv\OneDrive\Documents\Main two resumes\Projectmain fuul work condition\component\serial_manager" -I"C:\Users\dhruv\OneDrive\Documents\Main two resumes\Projectmain fuul work condition\component\lists" -I"C:\Users\dhruv\OneDrive\Documents\Main two resumes\Projectmain fuul work condition\utilities" -I"C:\Users\dhruv\OneDrive\Documents\Main two resumes\Projectmain fuul work condition\freertos\freertos_kernel\include" -I"C:\Users\dhruv\OneDrive\Documents\Main two resumes\Projectmain fuul work condition\freertos\freertos_kernel\portable\GCC\ARM_CM4F" -I"C:\Users\dhruv\OneDrive\Documents\Main two resumes\Projectmain fuul work condition\source" -O0 -fno-common -g3 -gdwarf-4 -Wall -c -ffunction-sections -fdata-sections -fno-builtin -fmerge-constants -fmacro-prefix-map="../source/"= -mcpu=cortex-m4 -mfpu=fpv4-sp-d16 -mfloat-abi=hard -mthumb -D__REDLIB__ -fstack-usage -specs=redlib.specs -MMD -MP -MF"source/vl53l0x_api_calibration.d" -MT"source/vl53l0x_api_calibration.o" -MT"source/vl53l0x_api_calibration.d" -o "source/vl53l0x_api_calibration.o" "../source/vl53l0x_api_calibration.c"
Invoking: MCU C Compiler
arm-none-eabi-gcc -D__REDLIB__ -DCPU_MK66FN2M0VMD18 -DCPU_MK66FN2M0VMD18_cm4 -DSDK_OS_BAREMETAL -DSERIAL_PORT_TYPE_UART=1 -DSDK_DEBUGCONSOLE=1 -DCR_INTEGER_PRINTF -DPRINTF_FLOAT_ENABLE=0 -D__MCUXPRESSO -D__USE_CMSIS -DDEBUG -DSDK_OS_FREE_RTOS -I"C:\Users\dhruv\OneDrive\Documents\Main two resumes\Projectmain fuul work condition\board" -I"C:\Users\dhruv\OneDrive\Documents\Main two resumes\Projectmain fuul work condition\drivers" -I"C:\Users\dhruv\OneDrive\Documents\Main two resumes\Projectmain fuul work condition\component\uart" -I"C:\Users\dhruv\OneDrive\Documents\Main two resumes\Projectmain fuul work condition\device" -I"C:\Users\dhruv\OneDrive\Documents\Main two resumes\Projectmain fuul work condition\CMSIS" -I"C:\Users\dhruv\OneDrive\Documents\Main two resumes\Projectmain fuul work condition\component\serial_manager" -I"C:\Users\dhruv\OneDrive\Documents\Main two resumes\Projectmain fuul work condition\component\lists" -I"C:\Users\dhruv\OneDrive\Documents\Main two resumes\Projectmain fuul work condition\utilities" -I"C:\Users\dhruv\OneDrive\Documents\Main two resumes\Projectmain fuul work condition\freertos\freertos_kernel\include" -I"C:\Users\dhruv\OneDrive\Documents\Main two resumes\Projectmain fuul work condition\freertos\freertos_kernel\portable\GCC\ARM_CM4F" -I"C:\Users\dhruv\OneDrive\Documents\Main two resumes\Projectmain fuul work condition\source" -O0 -fno-common -g3 -gdwarf-4 -Wall -c -ffunction-sections -fdata-sections -fno-builtin -fmerge-constants -fmacro-prefix-map="../source/"= -mcpu=cortex-m4 -mfpu=fpv4-sp-d16 -mfloat-abi=hard -mthumb -D__REDLIB__ -fstack-usage -specs=redlib.specs -MMD -MP -MF"source/vl53l0x_api_core.d" -MT"source/vl53l0x_api_core.o" -MT"source/vl53l0x_api_core.d" -o "source/vl53l0x_api_core.o" "../source/vl53l0x_api_core.c"
Building file: ../source/vl53l0x_api_ranging.c
Building file: ../source/vl53l0x_api_strings.c
Invoking: MCU C Compiler
In file included from ../source/vl53l0x_device.h:37,
                 from ../source/vl53l0x_def.h:90,
                 from ../source/vl53l0x_api_strings.h:32,
                 from ../source/vl53l0x_api.h:32,
                 from ../source/vl53l0x_api.c:29:
../source/vl53l0x_types.h:56:10: note: '#pragma message: Please review  type definition of STDINT define for your platform and add to list above '
Building file: ../source/vl53l0x_platform.c
   56 |  #pragma message("Please review  type definition of STDINT define for your platform and add to list above ")
      |          ^~~~~~~
arm-none-eabi-gcc -D__REDLIB__ -DCPU_MK66FN2M0VMD18 -DCPU_MK66FN2M0VMD18_cm4 -DSDK_OS_BAREMETAL -DSERIAL_PORT_TYPE_UART=1 -DSDK_DEBUGCONSOLE=1 -DCR_INTEGER_PRINTF -DPRINTF_FLOAT_ENABLE=0 -D__MCUXPRESSO -D__USE_CMSIS -DDEBUG -DSDK_OS_FREE_RTOS -I"C:\Users\dhruv\OneDrive\Documents\Main two resumes\Projectmain fuul work condition\board" -I"C:\Users\dhruv\OneDrive\Documents\Main two resumes\Projectmain fuul work condition\drivers" -I"C:\Users\dhruv\OneDrive\Documents\Main two resumes\Projectmain fuul work condition\component\uart" -I"C:\Users\dhruv\OneDrive\Documents\Main two resumes\Projectmain fuul work condition\device" -I"C:\Users\dhruv\OneDrive\Documents\Main two resumes\Projectmain fuul work condition\CMSIS" -I"C:\Users\dhruv\OneDrive\Documents\Main two resumes\Projectmain fuul work condition\component\serial_manager" -I"C:\Users\dhruv\OneDrive\Documents\Main two resumes\Projectmain fuul work condition\component\lists" -I"C:\Users\dhruv\OneDrive\Documents\Main two resumes\Projectmain fuul work condition\utilities" -I"C:\Users\dhruv\OneDrive\Documents\Main two resumes\Projectmain fuul work condition\freertos\freertos_kernel\include" -I"C:\Users\dhruv\OneDrive\Documents\Main two resumes\Projectmain fuul work condition\freertos\freertos_kernel\portable\GCC\ARM_CM4F" -I"C:\Users\dhruv\OneDrive\Documents\Main two resumes\Projectmain fuul work condition\source" -O0 -fno-common -g3 -gdwarf-4 -Wall -c -ffunction-sections -fdata-sections -fno-builtin -fmerge-constants -fmacro-prefix-map="../source/"= -mcpu=cortex-m4 -mfpu=fpv4-sp-d16 -mfloat-abi=hard -mthumb -D__REDLIB__ -fstack-usage -specs=redlib.specs -MMD -MP -MF"source/vl53l0x_api_ranging.d" -MT"source/vl53l0x_api_ranging.o" -MT"source/vl53l0x_api_ranging.d" -o "source/vl53l0x_api_ranging.o" "../source/vl53l0x_api_ranging.c"
Invoking: MCU C Compiler
In file included from ../source/vl53l0x_device.h:37,
                 from ../source/vl53l0x_def.h:90,
                 from ../source/vl53l0x_api_strings.h:32,
                 from ../source/vl53l0x_api.h:32,
                 from ../source/vision_tof.c:7:
../source/vl53l0x_types.h:56:10: note: '#pragma message: Please review  type definition of STDINT define for your platform and add to list above '
   56 |  #pragma message("Please review  type definition of STDINT define for your platform and add to list above ")
      |          ^~~~~~~
arm-none-eabi-gcc -D__REDLIB__ -DCPU_MK66FN2M0VMD18 -DCPU_MK66FN2M0VMD18_cm4 -DSDK_OS_BAREMETAL -DSERIAL_PORT_TYPE_UART=1 -DSDK_DEBUGCONSOLE=1 -DCR_INTEGER_PRINTF -DPRINTF_FLOAT_ENABLE=0 -D__MCUXPRESSO -D__USE_CMSIS -DDEBUG -DSDK_OS_FREE_RTOS -I"C:\Users\dhruv\OneDrive\Documents\Main two resumes\Projectmain fuul work condition\board" -I"C:\Users\dhruv\OneDrive\Documents\Main two resumes\Projectmain fuul work condition\drivers" -I"C:\Users\dhruv\OneDrive\Documents\Main two resumes\Projectmain fuul work condition\component\uart" -I"C:\Users\dhruv\OneDrive\Documents\Main two resumes\Projectmain fuul work condition\device" -I"C:\Users\dhruv\OneDrive\Documents\Main two resumes\Projectmain fuul work condition\CMSIS" -I"C:\Users\dhruv\OneDrive\Documents\Main two resumes\Projectmain fuul work condition\component\serial_manager" -I"C:\Users\dhruv\OneDrive\Documents\Main two resumes\Projectmain fuul work condition\component\lists" -I"C:\Users\dhruv\OneDrive\Documents\Main two resumes\Projectmain fuul work condition\utilities" -I"C:\Users\dhruv\OneDrive\Documents\Main two resumes\Projectmain fuul work condition\freertos\freertos_kernel\include" -I"C:\Users\dhruv\OneDrive\Documents\Main two resumes\Projectmain fuul work condition\freertos\freertos_kernel\portable\GCC\ARM_CM4F" -I"C:\Users\dhruv\OneDrive\Documents\Main two resumes\Projectmain fuul work condition\source" -O0 -fno-common -g3 -gdwarf-4 -Wall -c -ffunction-sections -fdata-sections -fno-builtin -fmerge-constants -fmacro-prefix-map="../source/"= -mcpu=cortex-m4 -mfpu=fpv4-sp-d16 -mfloat-abi=hard -mthumb -D__REDLIB__ -fstack-usage -specs=redlib.specs -MMD -MP -MF"source/vl53l0x_api_strings.d" -MT"source/vl53l0x_api_strings.o" -MT"source/vl53l0x_api_strings.d" -o "source/vl53l0x_api_strings.o" "../source/vl53l0x_api_strings.c"
In file included from ../source/vl53l0x_device.h:37,
                 from ../source/vl53l0x_def.h:90,
                 from ../source/vl53l0x_api_strings.h:32,
                 from ../source/vl53l0x_api.h:32,
                 from ../source/vl53l0x_api_core.c:29:
../source/vl53l0x_types.h:56:10: note: '#pragma message: Please review  type definition of STDINT define for your platform and add to list above '
   56 |  #pragma message("Please review  type definition of STDINT define for your platform and add to list above ")
      |          ^~~~~~~
In file included from ../source/vl53l0x_device.h:37,
                 from ../source/vl53l0x_def.h:90,
                 from ../source/vl53l0x_api_strings.h:32,
                 from ../source/vl53l0x_api.h:32,
                 from ../source/vl53l0x_api_calibration.c:29:
../source/vl53l0x_types.h:56:10: note: '#pragma message: Please review  type definition of STDINT define for your platform and add to list above '
   56 |  #pragma message("Please review  type definition of STDINT define for your platform and add to list above ")
      |          ^~~~~~~
Invoking: MCU C Compiler
arm-none-eabi-gcc -D__REDLIB__ -DCPU_MK66FN2M0VMD18 -DCPU_MK66FN2M0VMD18_cm4 -DSDK_OS_BAREMETAL -DSERIAL_PORT_TYPE_UART=1 -DSDK_DEBUGCONSOLE=1 -DCR_INTEGER_PRINTF -DPRINTF_FLOAT_ENABLE=0 -D__MCUXPRESSO -D__USE_CMSIS -DDEBUG -DSDK_OS_FREE_RTOS -I"C:\Users\dhruv\OneDrive\Documents\Main two resumes\Projectmain fuul work condition\board" -I"C:\Users\dhruv\OneDrive\Documents\Main two resumes\Projectmain fuul work condition\drivers" -I"C:\Users\dhruv\OneDrive\Documents\Main two resumes\Projectmain fuul work condition\component\uart" -I"C:\Users\dhruv\OneDrive\Documents\Main two resumes\Projectmain fuul work condition\device" -I"C:\Users\dhruv\OneDrive\Documents\Main two resumes\Projectmain fuul work condition\CMSIS" -I"C:\Users\dhruv\OneDrive\Documents\Main two resumes\Projectmain fuul work condition\component\serial_manager" -I"C:\Users\dhruv\OneDrive\Documents\Main two resumes\Projectmain fuul work condition\component\lists" -I"C:\Users\dhruv\OneDrive\Documents\Main two resumes\Projectmain fuul work condition\utilities" -I"C:\Users\dhruv\OneDrive\Documents\Main two resumes\Projectmain fuul work condition\freertos\freertos_kernel\include" -I"C:\Users\dhruv\OneDrive\Documents\Main two resumes\Projectmain fuul work condition\freertos\freertos_kernel\portable\GCC\ARM_CM4F" -I"C:\Users\dhruv\OneDrive\Documents\Main two resumes\Projectmain fuul work condition\source" -O0 -fno-common -g3 -gdwarf-4 -Wall -c -ffunction-sections -fdata-sections -fno-builtin -fmerge-constants -fmacro-prefix-map="../source/"= -mcpu=cortex-m4 -mfpu=fpv4-sp-d16 -mfloat-abi=hard -mthumb -D__REDLIB__ -fstack-usage -specs=redlib.specs -MMD -MP -MF"source/vl53l0x_platform.d" -MT"source/vl53l0x_platform.o" -MT"source/vl53l0x_platform.d" -o "source/vl53l0x_platform.o" "../source/vl53l0x_platform.c"
In file included from ../source/vl53l0x_device.h:37,
                 from ../source/vl53l0x_def.h:90,
                 from ../source/vl53l0x_api_strings.h:32,
                 from ../source/vl53l0x_api.h:32,
                 from ../source/vl53l0x_api_ranging.c:29:
../source/vl53l0x_types.h:56:10: note: '#pragma message: Please review  type definition of STDINT define for your platform and add to list above '
   56 |  #pragma message("Please review  type definition of STDINT define for your platform and add to list above ")
      |          ^~~~~~~
In file included from ../source/vl53l0x_device.h:37,
                 from ../source/vl53l0x_def.h:90,
                 from ../source/vl53l0x_api_strings.h:32,
                 from ../source/vl53l0x_api.h:32,
                 from ../source/vl53l0x_api_strings.c:29:
../source/vl53l0x_types.h:56:10: note: '#pragma message: Please review  type definition of STDINT define for your platform and add to list above '
   56 |  #pragma message("Please review  type definition of STDINT define for your platform and add to list above ")
      |          ^~~~~~~
In file included from ../source/vl53l0x_device.h:37,
                 from ../source/vl53l0x_def.h:90,
                 from ../source/vl53l0x_platform.h:33,
                 from ../source/vl53l0x_platform.c:1:
../source/vl53l0x_types.h:56:10: note: '#pragma message: Please review  type definition of STDINT define for your platform and add to list above '
   56 |  #pragma message("Please review  type definition of STDINT define for your platform and add to list above ")
      |          ^~~~~~~
Finished building: ../source/vl53l0x_api_calibration.c
Finished building: ../source/vibration_motor.c
Finished building: ../source/vision_tof.c
Finished building: ../source/vl53l0x_api.c
Finished building: ../source/vl53l0x_api_core.c
Finished building: ../source/vl53l0x_api_ranging.c
Finished building: ../source/vl53l0x_api_strings.c
 
 
 
 
 
Finished building: ../source/vl53l0x_platform.c
 
 
 
Building file: ../freertos/freertos_kernel/portable/MemMang/heap_4.c
Building file: ../freertos/freertos_kernel/portable/GCC/ARM_CM4F/port.c
Invoking: MCU C Compiler
Building file: ../freertos/freertos_kernel/croutine.c
arm-none-eabi-gcc -D__REDLIB__ -DCPU_MK66FN2M0VMD18 -DCPU_MK66FN2M0VMD18_cm4 -DSDK_OS_BAREMETAL -DSERIAL_PORT_TYPE_UART=1 -DSDK_DEBUGCONSOLE=1 -DCR_INTEGER_PRINTF -DPRINTF_FLOAT_ENABLE=0 -D__MCUXPRESSO -D__USE_CMSIS -DDEBUG -DSDK_OS_FREE_RTOS -I"C:\Users\dhruv\OneDrive\Documents\Main two resumes\Projectmain fuul work condition\board" -I"C:\Users\dhruv\OneDrive\Documents\Main two resumes\Projectmain fuul work condition\drivers" -I"C:\Users\dhruv\OneDrive\Documents\Main two resumes\Projectmain fuul work condition\component\uart" -I"C:\Users\dhruv\OneDrive\Documents\Main two resumes\Projectmain fuul work condition\device" -I"C:\Users\dhruv\OneDrive\Documents\Main two resumes\Projectmain fuul work condition\CMSIS" -I"C:\Users\dhruv\OneDrive\Documents\Main two resumes\Projectmain fuul work condition\component\serial_manager" -I"C:\Users\dhruv\OneDrive\Documents\Main two resumes\Projectmain fuul work condition\component\lists" -I"C:\Users\dhruv\OneDrive\Documents\Main two resumes\Projectmain fuul work condition\utilities" -I"C:\Users\dhruv\OneDrive\Documents\Main two resumes\Projectmain fuul work condition\freertos\freertos_kernel\include" -I"C:\Users\dhruv\OneDrive\Documents\Main two resumes\Projectmain fuul work condition\freertos\freertos_kernel\portable\GCC\ARM_CM4F" -I"C:\Users\dhruv\OneDrive\Documents\Main two resumes\Projectmain fuul work condition\source" -O0 -fno-common -g3 -gdwarf-4 -Wall -c -ffunction-sections -fdata-sections -fno-builtin -fmerge-constants -fmacro-prefix-map="../freertos/freertos_kernel/portable/MemMang/"= -mcpu=cortex-m4 -mfpu=fpv4-sp-d16 -mfloat-abi=hard -mthumb -D__REDLIB__ -fstack-usage -specs=redlib.specs -MMD -MP -MF"freertos/freertos_kernel/portable/MemMang/heap_4.d" -MT"freertos/freertos_kernel/portable/MemMang/heap_4.o" -MT"freertos/freertos_kernel/portable/MemMang/heap_4.d" -o "freertos/freertos_kernel/portable/MemMang/heap_4.o" "../freertos/freertos_kernel/portable/MemMang/heap_4.c"
Invoking: MCU C Compiler
Building file: ../freertos/freertos_kernel/event_groups.c
arm-none-eabi-gcc -D__REDLIB__ -DCPU_MK66FN2M0VMD18 -DCPU_MK66FN2M0VMD18_cm4 -DSDK_OS_BAREMETAL -DSERIAL_PORT_TYPE_UART=1 -DSDK_DEBUGCONSOLE=1 -DCR_INTEGER_PRINTF -DPRINTF_FLOAT_ENABLE=0 -D__MCUXPRESSO -D__USE_CMSIS -DDEBUG -DSDK_OS_FREE_RTOS -I"C:\Users\dhruv\OneDrive\Documents\Main two resumes\Projectmain fuul work condition\board" -I"C:\Users\dhruv\OneDrive\Documents\Main two resumes\Projectmain fuul work condition\drivers" -I"C:\Users\dhruv\OneDrive\Documents\Main two resumes\Projectmain fuul work condition\component\uart" -I"C:\Users\dhruv\OneDrive\Documents\Main two resumes\Projectmain fuul work condition\device" -I"C:\Users\dhruv\OneDrive\Documents\Main two resumes\Projectmain fuul work condition\CMSIS" -I"C:\Users\dhruv\OneDrive\Documents\Main two resumes\Projectmain fuul work condition\component\serial_manager" -I"C:\Users\dhruv\OneDrive\Documents\Main two resumes\Projectmain fuul work condition\component\lists" -I"C:\Users\dhruv\OneDrive\Documents\Main two resumes\Projectmain fuul work condition\utilities" -I"C:\Users\dhruv\OneDrive\Documents\Main two resumes\Projectmain fuul work condition\freertos\freertos_kernel\include" -I"C:\Users\dhruv\OneDrive\Documents\Main two resumes\Projectmain fuul work condition\freertos\freertos_kernel\portable\GCC\ARM_CM4F" -I"C:\Users\dhruv\OneDrive\Documents\Main two resumes\Projectmain fuul work condition\source" -O0 -fno-common -g3 -gdwarf-4 -Wall -c -ffunction-sections -fdata-sections -fno-builtin -fmerge-constants -fmacro-prefix-map="../freertos/freertos_kernel/portable/GCC/ARM_CM4F/"= -mcpu=cortex-m4 -mfpu=fpv4-sp-d16 -mfloat-abi=hard -mthumb -D__REDLIB__ -fstack-usage -specs=redlib.specs -MMD -MP -MF"freertos/freertos_kernel/portable/GCC/ARM_CM4F/port.d" -MT"freertos/freertos_kernel/portable/GCC/ARM_CM4F/port.o" -MT"freertos/freertos_kernel/portable/GCC/ARM_CM4F/port.d" -o "freertos/freertos_kernel/portable/GCC/ARM_CM4F/port.o" "../freertos/freertos_kernel/portable/GCC/ARM_CM4F/port.c"
Invoking: MCU C Compiler
arm-none-eabi-gcc -D__REDLIB__ -DCPU_MK66FN2M0VMD18 -DCPU_MK66FN2M0VMD18_cm4 -DSDK_OS_BAREMETAL -DSERIAL_PORT_TYPE_UART=1 -DSDK_DEBUGCONSOLE=1 -DCR_INTEGER_PRINTF -DPRINTF_FLOAT_ENABLE=0 -D__MCUXPRESSO -D__USE_CMSIS -DDEBUG -DSDK_OS_FREE_RTOS -I"C:\Users\dhruv\OneDrive\Documents\Main two resumes\Projectmain fuul work condition\board" -I"C:\Users\dhruv\OneDrive\Documents\Main two resumes\Projectmain fuul work condition\drivers" -I"C:\Users\dhruv\OneDrive\Documents\Main two resumes\Projectmain fuul work condition\component\uart" -I"C:\Users\dhruv\OneDrive\Documents\Main two resumes\Projectmain fuul work condition\device" -I"C:\Users\dhruv\OneDrive\Documents\Main two resumes\Projectmain fuul work condition\CMSIS" -I"C:\Users\dhruv\OneDrive\Documents\Main two resumes\Projectmain fuul work condition\component\serial_manager" -I"C:\Users\dhruv\OneDrive\Documents\Main two resumes\Projectmain fuul work condition\component\lists" -I"C:\Users\dhruv\OneDrive\Documents\Main two resumes\Projectmain fuul work condition\utilities" -I"C:\Users\dhruv\OneDrive\Documents\Main two resumes\Projectmain fuul work condition\freertos\freertos_kernel\include" -I"C:\Users\dhruv\OneDrive\Documents\Main two resumes\Projectmain fuul work condition\freertos\freertos_kernel\portable\GCC\ARM_CM4F" -I"C:\Users\dhruv\OneDrive\Documents\Main two resumes\Projectmain fuul work condition\source" -O0 -fno-common -g3 -gdwarf-4 -Wall -c -ffunction-sections -fdata-sections -fno-builtin -fmerge-constants -fmacro-prefix-map="../freertos/freertos_kernel/"= -mcpu=cortex-m4 -mfpu=fpv4-sp-d16 -mfloat-abi=hard -mthumb -D__REDLIB__ -fstack-usage -specs=redlib.specs -MMD -MP -MF"freertos/freertos_kernel/croutine.d" -MT"freertos/freertos_kernel/croutine.o" -MT"freertos/freertos_kernel/croutine.d" -o "freertos/freertos_kernel/croutine.o" "../freertos/freertos_kernel/croutine.c"
Invoking: MCU C Compiler
Building file: ../freertos/freertos_kernel/list.c
arm-none-eabi-gcc -D__REDLIB__ -DCPU_MK66FN2M0VMD18 -DCPU_MK66FN2M0VMD18_cm4 -DSDK_OS_BAREMETAL -DSERIAL_PORT_TYPE_UART=1 -DSDK_DEBUGCONSOLE=1 -DCR_INTEGER_PRINTF -DPRINTF_FLOAT_ENABLE=0 -D__MCUXPRESSO -D__USE_CMSIS -DDEBUG -DSDK_OS_FREE_RTOS -I"C:\Users\dhruv\OneDrive\Documents\Main two resumes\Projectmain fuul work condition\board" -I"C:\Users\dhruv\OneDrive\Documents\Main two resumes\Projectmain fuul work condition\drivers" -I"C:\Users\dhruv\OneDrive\Documents\Main two resumes\Projectmain fuul work condition\component\uart" -I"C:\Users\dhruv\OneDrive\Documents\Main two resumes\Projectmain fuul work condition\device" -I"C:\Users\dhruv\OneDrive\Documents\Main two resumes\Projectmain fuul work condition\CMSIS" -I"C:\Users\dhruv\OneDrive\Documents\Main two resumes\Projectmain fuul work condition\component\serial_manager" -I"C:\Users\dhruv\OneDrive\Documents\Main two resumes\Projectmain fuul work condition\component\lists" -I"C:\Users\dhruv\OneDrive\Documents\Main two resumes\Projectmain fuul work condition\utilities" -I"C:\Users\dhruv\OneDrive\Documents\Main two resumes\Projectmain fuul work condition\freertos\freertos_kernel\include" -I"C:\Users\dhruv\OneDrive\Documents\Main two resumes\Projectmain fuul work condition\freertos\freertos_kernel\portable\GCC\ARM_CM4F" -I"C:\Users\dhruv\OneDrive\Documents\Main two resumes\Projectmain fuul work condition\source" -O0 -fno-common -g3 -gdwarf-4 -Wall -c -ffunction-sections -fdata-sections -fno-builtin -fmerge-constants -fmacro-prefix-map="../freertos/freertos_kernel/"= -mcpu=cortex-m4 -mfpu=fpv4-sp-d16 -mfloat-abi=hard -mthumb -D__REDLIB__ -fstack-usage -specs=redlib.specs -MMD -MP -MF"freertos/freertos_kernel/event_groups.d" -MT"freertos/freertos_kernel/event_groups.o" -MT"freertos/freertos_kernel/event_groups.d" -o "freertos/freertos_kernel/event_groups.o" "../freertos/freertos_kernel/event_groups.c"
Building file: ../freertos/freertos_kernel/queue.c
Invoking: MCU C Compiler
Building file: ../freertos/freertos_kernel/stream_buffer.c
Invoking: MCU C Compiler
arm-none-eabi-gcc -D__REDLIB__ -DCPU_MK66FN2M0VMD18 -DCPU_MK66FN2M0VMD18_cm4 -DSDK_OS_BAREMETAL -DSERIAL_PORT_TYPE_UART=1 -DSDK_DEBUGCONSOLE=1 -DCR_INTEGER_PRINTF -DPRINTF_FLOAT_ENABLE=0 -D__MCUXPRESSO -D__USE_CMSIS -DDEBUG -DSDK_OS_FREE_RTOS -I"C:\Users\dhruv\OneDrive\Documents\Main two resumes\Projectmain fuul work condition\board" -I"C:\Users\dhruv\OneDrive\Documents\Main two resumes\Projectmain fuul work condition\drivers" -I"C:\Users\dhruv\OneDrive\Documents\Main two resumes\Projectmain fuul work condition\component\uart" -I"C:\Users\dhruv\OneDrive\Documents\Main two resumes\Projectmain fuul work condition\device" -I"C:\Users\dhruv\OneDrive\Documents\Main two resumes\Projectmain fuul work condition\CMSIS" -I"C:\Users\dhruv\OneDrive\Documents\Main two resumes\Projectmain fuul work condition\component\serial_manager" -I"C:\Users\dhruv\OneDrive\Documents\Main two resumes\Projectmain fuul work condition\component\lists" -I"C:\Users\dhruv\OneDrive\Documents\Main two resumes\Projectmain fuul work condition\utilities" -I"C:\Users\dhruv\OneDrive\Documents\Main two resumes\Projectmain fuul work condition\freertos\freertos_kernel\include" -I"C:\Users\dhruv\OneDrive\Documents\Main two resumes\Projectmain fuul work condition\freertos\freertos_kernel\portable\GCC\ARM_CM4F" -I"C:\Users\dhruv\OneDrive\Documents\Main two resumes\Projectmain fuul work condition\source" -O0 -fno-common -g3 -gdwarf-4 -Wall -c -ffunction-sections -fdata-sections -fno-builtin -fmerge-constants -fmacro-prefix-map="../freertos/freertos_kernel/"= -mcpu=cortex-m4 -mfpu=fpv4-sp-d16 -mfloat-abi=hard -mthumb -D__REDLIB__ -fstack-usage -specs=redlib.specs -MMD -MP -MF"freertos/freertos_kernel/list.d" -MT"freertos/freertos_kernel/list.o" -MT"freertos/freertos_kernel/list.d" -o "freertos/freertos_kernel/list.o" "../freertos/freertos_kernel/list.c"
Building file: ../freertos/freertos_kernel/tasks.c
arm-none-eabi-gcc -D__REDLIB__ -DCPU_MK66FN2M0VMD18 -DCPU_MK66FN2M0VMD18_cm4 -DSDK_OS_BAREMETAL -DSERIAL_PORT_TYPE_UART=1 -DSDK_DEBUGCONSOLE=1 -DCR_INTEGER_PRINTF -DPRINTF_FLOAT_ENABLE=0 -D__MCUXPRESSO -D__USE_CMSIS -DDEBUG -DSDK_OS_FREE_RTOS -I"C:\Users\dhruv\OneDrive\Documents\Main two resumes\Projectmain fuul work condition\board" -I"C:\Users\dhruv\OneDrive\Documents\Main two resumes\Projectmain fuul work condition\drivers" -I"C:\Users\dhruv\OneDrive\Documents\Main two resumes\Projectmain fuul work condition\component\uart" -I"C:\Users\dhruv\OneDrive\Documents\Main two resumes\Projectmain fuul work condition\device" -I"C:\Users\dhruv\OneDrive\Documents\Main two resumes\Projectmain fuul work condition\CMSIS" -I"C:\Users\dhruv\OneDrive\Documents\Main two resumes\Projectmain fuul work condition\component\serial_manager" -I"C:\Users\dhruv\OneDrive\Documents\Main two resumes\Projectmain fuul work condition\component\lists" -I"C:\Users\dhruv\OneDrive\Documents\Main two resumes\Projectmain fuul work condition\utilities" -I"C:\Users\dhruv\OneDrive\Documents\Main two resumes\Projectmain fuul work condition\freertos\freertos_kernel\include" -I"C:\Users\dhruv\OneDrive\Documents\Main two resumes\Projectmain fuul work condition\freertos\freertos_kernel\portable\GCC\ARM_CM4F" -I"C:\Users\dhruv\OneDrive\Documents\Main two resumes\Projectmain fuul work condition\source" -O0 -fno-common -g3 -gdwarf-4 -Wall -c -ffunction-sections -fdata-sections -fno-builtin -fmerge-constants -fmacro-prefix-map="../freertos/freertos_kernel/"= -mcpu=cortex-m4 -mfpu=fpv4-sp-d16 -mfloat-abi=hard -mthumb -D__REDLIB__ -fstack-usage -specs=redlib.specs -MMD -MP -MF"freertos/freertos_kernel/queue.d" -MT"freertos/freertos_kernel/queue.o" -MT"freertos/freertos_kernel/queue.d" -o "freertos/freertos_kernel/queue.o" "../freertos/freertos_kernel/queue.c"
Invoking: MCU C Compiler
Invoking: MCU C Compiler
arm-none-eabi-gcc -D__REDLIB__ -DCPU_MK66FN2M0VMD18 -DCPU_MK66FN2M0VMD18_cm4 -DSDK_OS_BAREMETAL -DSERIAL_PORT_TYPE_UART=1 -DSDK_DEBUGCONSOLE=1 -DCR_INTEGER_PRINTF -DPRINTF_FLOAT_ENABLE=0 -D__MCUXPRESSO -D__USE_CMSIS -DDEBUG -DSDK_OS_FREE_RTOS -I"C:\Users\dhruv\OneDrive\Documents\Main two resumes\Projectmain fuul work condition\board" -I"C:\Users\dhruv\OneDrive\Documents\Main two resumes\Projectmain fuul work condition\drivers" -I"C:\Users\dhruv\OneDrive\Documents\Main two resumes\Projectmain fuul work condition\component\uart" -I"C:\Users\dhruv\OneDrive\Documents\Main two resumes\Projectmain fuul work condition\device" -I"C:\Users\dhruv\OneDrive\Documents\Main two resumes\Projectmain fuul work condition\CMSIS" -I"C:\Users\dhruv\OneDrive\Documents\Main two resumes\Projectmain fuul work condition\component\serial_manager" -I"C:\Users\dhruv\OneDrive\Documents\Main two resumes\Projectmain fuul work condition\component\lists" -I"C:\Users\dhruv\OneDrive\Documents\Main two resumes\Projectmain fuul work condition\utilities" -I"C:\Users\dhruv\OneDrive\Documents\Main two resumes\Projectmain fuul work condition\freertos\freertos_kernel\include" -I"C:\Users\dhruv\OneDrive\Documents\Main two resumes\Projectmain fuul work condition\freertos\freertos_kernel\portable\GCC\ARM_CM4F" -I"C:\Users\dhruv\OneDrive\Documents\Main two resumes\Projectmain fuul work condition\source" -O0 -fno-common -g3 -gdwarf-4 -Wall -c -ffunction-sections -fdata-sections -fno-builtin -fmerge-constants -fmacro-prefix-map="../freertos/freertos_kernel/"= -mcpu=cortex-m4 -mfpu=fpv4-sp-d16 -mfloat-abi=hard -mthumb -D__REDLIB__ -fstack-usage -specs=redlib.specs -MMD -MP -MF"freertos/freertos_kernel/stream_buffer.d" -MT"freertos/freertos_kernel/stream_buffer.o" -MT"freertos/freertos_kernel/stream_buffer.d" -o "freertos/freertos_kernel/stream_buffer.o" "../freertos/freertos_kernel/stream_buffer.c"
arm-none-eabi-gcc -D__REDLIB__ -DCPU_MK66FN2M0VMD18 -DCPU_MK66FN2M0VMD18_cm4 -DSDK_OS_BAREMETAL -DSERIAL_PORT_TYPE_UART=1 -DSDK_DEBUGCONSOLE=1 -DCR_INTEGER_PRINTF -DPRINTF_FLOAT_ENABLE=0 -D__MCUXPRESSO -D__USE_CMSIS -DDEBUG -DSDK_OS_FREE_RTOS -I"C:\Users\dhruv\OneDrive\Documents\Main two resumes\Projectmain fuul work condition\board" -I"C:\Users\dhruv\OneDrive\Documents\Main two resumes\Projectmain fuul work condition\drivers" -I"C:\Users\dhruv\OneDrive\Documents\Main two resumes\Projectmain fuul work condition\component\uart" -I"C:\Users\dhruv\OneDrive\Documents\Main two resumes\Projectmain fuul work condition\device" -I"C:\Users\dhruv\OneDrive\Documents\Main two resumes\Projectmain fuul work condition\CMSIS" -I"C:\Users\dhruv\OneDrive\Documents\Main two resumes\Projectmain fuul work condition\component\serial_manager" -I"C:\Users\dhruv\OneDrive\Documents\Main two resumes\Projectmain fuul work condition\component\lists" -I"C:\Users\dhruv\OneDrive\Documents\Main two resumes\Projectmain fuul work condition\utilities" -I"C:\Users\dhruv\OneDrive\Documents\Main two resumes\Projectmain fuul work condition\freertos\freertos_kernel\include" -I"C:\Users\dhruv\OneDrive\Documents\Main two resumes\Projectmain fuul work condition\freertos\freertos_kernel\portable\GCC\ARM_CM4F" -I"C:\Users\dhruv\OneDrive\Documents\Main two resumes\Projectmain fuul work condition\source" -O0 -fno-common -g3 -gdwarf-4 -Wall -c -ffunction-sections -fdata-sections -fno-builtin -fmerge-constants -fmacro-prefix-map="../freertos/freertos_kernel/"= -mcpu=cortex-m4 -mfpu=fpv4-sp-d16 -mfloat-abi=hard -mthumb -D__REDLIB__ -fstack-usage -specs=redlib.specs -MMD -MP -MF"freertos/freertos_kernel/tasks.d" -MT"freertos/freertos_kernel/tasks.o" -MT"freertos/freertos_kernel/tasks.d" -o "freertos/freertos_kernel/tasks.o" "../freertos/freertos_kernel/tasks.c"
Finished building: ../freertos/freertos_kernel/croutine.c
Finished building: ../freertos/freertos_kernel/portable/GCC/ARM_CM4F/port.c
Finished building: ../freertos/freertos_kernel/portable/MemMang/heap_4.c
 
Finished building: ../freertos/freertos_kernel/event_groups.c
 
Finished building: ../freertos/freertos_kernel/list.c
 
 
 
Finished building: ../freertos/freertos_kernel/queue.c
Finished building: ../freertos/freertos_kernel/stream_buffer.c
Building file: ../freertos/freertos_kernel/timers.c
 
 
Invoking: MCU C Compiler
arm-none-eabi-gcc -D__REDLIB__ -DCPU_MK66FN2M0VMD18 -DCPU_MK66FN2M0VMD18_cm4 -DSDK_OS_BAREMETAL -DSERIAL_PORT_TYPE_UART=1 -DSDK_DEBUGCONSOLE=1 -DCR_INTEGER_PRINTF -DPRINTF_FLOAT_ENABLE=0 -D__MCUXPRESSO -D__USE_CMSIS -DDEBUG -DSDK_OS_FREE_RTOS -I"C:\Users\dhruv\OneDrive\Documents\Main two resumes\Projectmain fuul work condition\board" -I"C:\Users\dhruv\OneDrive\Documents\Main two resumes\Projectmain fuul work condition\drivers" -I"C:\Users\dhruv\OneDrive\Documents\Main two resumes\Projectmain fuul work condition\component\uart" -I"C:\Users\dhruv\OneDrive\Documents\Main two resumes\Projectmain fuul work condition\device" -I"C:\Users\dhruv\OneDrive\Documents\Main two resumes\Projectmain fuul work condition\CMSIS" -I"C:\Users\dhruv\OneDrive\Documents\Main two resumes\Projectmain fuul work condition\component\serial_manager" -I"C:\Users\dhruv\OneDrive\Documents\Main two resumes\Projectmain fuul work condition\component\lists" -I"C:\Users\dhruv\OneDrive\Documents\Main two resumes\Projectmain fuul work condition\utilities" -I"C:\Users\dhruv\OneDrive\Documents\Main two resumes\Projectmain fuul work condition\freertos\freertos_kernel\include" -I"C:\Users\dhruv\OneDrive\Documents\Main two resumes\Projectmain fuul work condition\freertos\freertos_kernel\portable\GCC\ARM_CM4F" -I"C:\Users\dhruv\OneDrive\Documents\Main two resumes\Projectmain fuul work condition\source" -O0 -fno-common -g3 -gdwarf-4 -Wall -c -ffunction-sections -fdata-sections -fno-builtin -fmerge-constants -fmacro-prefix-map="../freertos/freertos_kernel/"= -mcpu=cortex-m4 -mfpu=fpv4-sp-d16 -mfloat-abi=hard -mthumb -D__REDLIB__ -fstack-usage -specs=redlib.specs -MMD -MP -MF"freertos/freertos_kernel/timers.d" -MT"freertos/freertos_kernel/timers.o" -MT"freertos/freertos_kernel/timers.d" -o "freertos/freertos_kernel/timers.o" "../freertos/freertos_kernel/timers.c"
Building file: ../drivers/fsl_clock.c
Building file: ../drivers/fsl_common.c
Building file: ../drivers/fsl_common_arm.c
Invoking: MCU C Compiler
Finished building: ../freertos/freertos_kernel/tasks.c
arm-none-eabi-gcc -D__REDLIB__ -DCPU_MK66FN2M0VMD18 -DCPU_MK66FN2M0VMD18_cm4 -DSDK_OS_BAREMETAL -DSERIAL_PORT_TYPE_UART=1 -DSDK_DEBUGCONSOLE=1 -DCR_INTEGER_PRINTF -DPRINTF_FLOAT_ENABLE=0 -D__MCUXPRESSO -D__USE_CMSIS -DDEBUG -DSDK_OS_FREE_RTOS -I"C:\Users\dhruv\OneDrive\Documents\Main two resumes\Projectmain fuul work condition\board" -I"C:\Users\dhruv\OneDrive\Documents\Main two resumes\Projectmain fuul work condition\drivers" -I"C:\Users\dhruv\OneDrive\Documents\Main two resumes\Projectmain fuul work condition\component\uart" -I"C:\Users\dhruv\OneDrive\Documents\Main two resumes\Projectmain fuul work condition\device" -I"C:\Users\dhruv\OneDrive\Documents\Main two resumes\Projectmain fuul work condition\CMSIS" -I"C:\Users\dhruv\OneDrive\Documents\Main two resumes\Projectmain fuul work condition\component\serial_manager" -I"C:\Users\dhruv\OneDrive\Documents\Main two resumes\Projectmain fuul work condition\component\lists" -I"C:\Users\dhruv\OneDrive\Documents\Main two resumes\Projectmain fuul work condition\utilities" -I"C:\Users\dhruv\OneDrive\Documents\Main two resumes\Projectmain fuul work condition\freertos\freertos_kernel\include" -I"C:\Users\dhruv\OneDrive\Documents\Main two resumes\Projectmain fuul work condition\freertos\freertos_kernel\portable\GCC\ARM_CM4F" -I"C:\Users\dhruv\OneDrive\Documents\Main two resumes\Projectmain fuul work condition\source" -O0 -fno-common -g3 -gdwarf-4 -Wall -c -ffunction-sections -fdata-sections -fno-builtin -fmerge-constants -fmacro-prefix-map="../drivers/"= -mcpu=cortex-m4 -mfpu=fpv4-sp-d16 -mfloat-abi=hard -mthumb -D__REDLIB__ -fstack-usage -specs=redlib.specs -MMD -MP -MF"drivers/fsl_clock.d" -MT"drivers/fsl_clock.o" -MT"drivers/fsl_clock.d" -o "drivers/fsl_clock.o" "../drivers/fsl_clock.c"
Invoking: MCU C Compiler
Invoking: MCU C Compiler
arm-none-eabi-gcc -D__REDLIB__ -DCPU_MK66FN2M0VMD18 -DCPU_MK66FN2M0VMD18_cm4 -DSDK_OS_BAREMETAL -DSERIAL_PORT_TYPE_UART=1 -DSDK_DEBUGCONSOLE=1 -DCR_INTEGER_PRINTF -DPRINTF_FLOAT_ENABLE=0 -D__MCUXPRESSO -D__USE_CMSIS -DDEBUG -DSDK_OS_FREE_RTOS -I"C:\Users\dhruv\OneDrive\Documents\Main two resumes\Projectmain fuul work condition\board" -I"C:\Users\dhruv\OneDrive\Documents\Main two resumes\Projectmain fuul work condition\drivers" -I"C:\Users\dhruv\OneDrive\Documents\Main two resumes\Projectmain fuul work condition\component\uart" -I"C:\Users\dhruv\OneDrive\Documents\Main two resumes\Projectmain fuul work condition\device" -I"C:\Users\dhruv\OneDrive\Documents\Main two resumes\Projectmain fuul work condition\CMSIS" -I"C:\Users\dhruv\OneDrive\Documents\Main two resumes\Projectmain fuul work condition\component\serial_manager" -I"C:\Users\dhruv\OneDrive\Documents\Main two resumes\Projectmain fuul work condition\component\lists" -I"C:\Users\dhruv\OneDrive\Documents\Main two resumes\Projectmain fuul work condition\utilities" -I"C:\Users\dhruv\OneDrive\Documents\Main two resumes\Projectmain fuul work condition\freertos\freertos_kernel\include" -I"C:\Users\dhruv\OneDrive\Documents\Main two resumes\Projectmain fuul work condition\freertos\freertos_kernel\portable\GCC\ARM_CM4F" -I"C:\Users\dhruv\OneDrive\Documents\Main two resumes\Projectmain fuul work condition\source" -O0 -fno-common -g3 -gdwarf-4 -Wall -c -ffunction-sections -fdata-sections -fno-builtin -fmerge-constants -fmacro-prefix-map="../drivers/"= -mcpu=cortex-m4 -mfpu=fpv4-sp-d16 -mfloat-abi=hard -mthumb -D__REDLIB__ -fstack-usage -specs=redlib.specs -MMD -MP -MF"drivers/fsl_common.d" -MT"drivers/fsl_common.o" -MT"drivers/fsl_common.d" -o "drivers/fsl_common.o" "../drivers/fsl_common.c"
arm-none-eabi-gcc -D__REDLIB__ -DCPU_MK66FN2M0VMD18 -DCPU_MK66FN2M0VMD18_cm4 -DSDK_OS_BAREMETAL -DSERIAL_PORT_TYPE_UART=1 -DSDK_DEBUGCONSOLE=1 -DCR_INTEGER_PRINTF -DPRINTF_FLOAT_ENABLE=0 -D__MCUXPRESSO -D__USE_CMSIS -DDEBUG -DSDK_OS_FREE_RTOS -I"C:\Users\dhruv\OneDrive\Documents\Main two resumes\Projectmain fuul work condition\board" -I"C:\Users\dhruv\OneDrive\Documents\Main two resumes\Projectmain fuul work condition\drivers" -I"C:\Users\dhruv\OneDrive\Documents\Main two resumes\Projectmain fuul work condition\component\uart" -I"C:\Users\dhruv\OneDrive\Documents\Main two resumes\Projectmain fuul work condition\device" -I"C:\Users\dhruv\OneDrive\Documents\Main two resumes\Projectmain fuul work condition\CMSIS" -I"C:\Users\dhruv\OneDrive\Documents\Main two resumes\Projectmain fuul work condition\component\serial_manager" -I"C:\Users\dhruv\OneDrive\Documents\Main two resumes\Projectmain fuul work condition\component\lists" -I"C:\Users\dhruv\OneDrive\Documents\Main two resumes\Projectmain fuul work condition\utilities" -I"C:\Users\dhruv\OneDrive\Documents\Main two resumes\Projectmain fuul work condition\freertos\freertos_kernel\include" -I"C:\Users\dhruv\OneDrive\Documents\Main two resumes\Projectmain fuul work condition\freertos\freertos_kernel\portable\GCC\ARM_CM4F" -I"C:\Users\dhruv\OneDrive\Documents\Main two resumes\Projectmain fuul work condition\source" -O0 -fno-common -g3 -gdwarf-4 -Wall -c -ffunction-sections -fdata-sections -fno-builtin -fmerge-constants -fmacro-prefix-map="../drivers/"= -mcpu=cortex-m4 -mfpu=fpv4-sp-d16 -mfloat-abi=hard -mthumb -D__REDLIB__ -fstack-usage -specs=redlib.specs -MMD -MP -MF"drivers/fsl_common_arm.d" -MT"drivers/fsl_common_arm.o" -MT"drivers/fsl_common_arm.d" -o "drivers/fsl_common_arm.o" "../drivers/fsl_common_arm.c"
 
Building file: ../drivers/fsl_dac.c
Building file: ../drivers/fsl_ftm.c
Building file: ../drivers/fsl_gpio.c
Invoking: MCU C Compiler
Invoking: MCU C Compiler
Invoking: MCU C Compiler
arm-none-eabi-gcc -D__REDLIB__ -DCPU_MK66FN2M0VMD18 -DCPU_MK66FN2M0VMD18_cm4 -DSDK_OS_BAREMETAL -DSERIAL_PORT_TYPE_UART=1 -DSDK_DEBUGCONSOLE=1 -DCR_INTEGER_PRINTF -DPRINTF_FLOAT_ENABLE=0 -D__MCUXPRESSO -D__USE_CMSIS -DDEBUG -DSDK_OS_FREE_RTOS -I"C:\Users\dhruv\OneDrive\Documents\Main two resumes\Projectmain fuul work condition\board" -I"C:\Users\dhruv\OneDrive\Documents\Main two resumes\Projectmain fuul work condition\drivers" -I"C:\Users\dhruv\OneDrive\Documents\Main two resumes\Projectmain fuul work condition\component\uart" -I"C:\Users\dhruv\OneDrive\Documents\Main two resumes\Projectmain fuul work condition\device" -I"C:\Users\dhruv\OneDrive\Documents\Main two resumes\Projectmain fuul work condition\CMSIS" -I"C:\Users\dhruv\OneDrive\Documents\Main two resumes\Projectmain fuul work condition\component\serial_manager" -I"C:\Users\dhruv\OneDrive\Documents\Main two resumes\Projectmain fuul work condition\component\lists" -I"C:\Users\dhruv\OneDrive\Documents\Main two resumes\Projectmain fuul work condition\utilities" -I"C:\Users\dhruv\OneDrive\Documents\Main two resumes\Projectmain fuul work condition\freertos\freertos_kernel\include" -I"C:\Users\dhruv\OneDrive\Documents\Main two resumes\Projectmain fuul work condition\freertos\freertos_kernel\portable\GCC\ARM_CM4F" -I"C:\Users\dhruv\OneDrive\Documents\Main two resumes\Projectmain fuul work condition\source" -O0 -fno-common -g3 -gdwarf-4 -Wall -c -ffunction-sections -fdata-sections -fno-builtin -fmerge-constants -fmacro-prefix-map="../drivers/"= -mcpu=cortex-m4 -mfpu=fpv4-sp-d16 -mfloat-abi=hard -mthumb -D__REDLIB__ -fstack-usage -specs=redlib.specs -MMD -MP -MF"drivers/fsl_dac.d" -MT"drivers/fsl_dac.o" -MT"drivers/fsl_dac.d" -o "drivers/fsl_dac.o" "../drivers/fsl_dac.c"
arm-none-eabi-gcc -D__REDLIB__ -DCPU_MK66FN2M0VMD18 -DCPU_MK66FN2M0VMD18_cm4 -DSDK_OS_BAREMETAL -DSERIAL_PORT_TYPE_UART=1 -DSDK_DEBUGCONSOLE=1 -DCR_INTEGER_PRINTF -DPRINTF_FLOAT_ENABLE=0 -D__MCUXPRESSO -D__USE_CMSIS -DDEBUG -DSDK_OS_FREE_RTOS -I"C:\Users\dhruv\OneDrive\Documents\Main two resumes\Projectmain fuul work condition\board" -I"C:\Users\dhruv\OneDrive\Documents\Main two resumes\Projectmain fuul work condition\drivers" -I"C:\Users\dhruv\OneDrive\Documents\Main two resumes\Projectmain fuul work condition\component\uart" -I"C:\Users\dhruv\OneDrive\Documents\Main two resumes\Projectmain fuul work condition\device" -I"C:\Users\dhruv\OneDrive\Documents\Main two resumes\Projectmain fuul work condition\CMSIS" -I"C:\Users\dhruv\OneDrive\Documents\Main two resumes\Projectmain fuul work condition\component\serial_manager" -I"C:\Users\dhruv\OneDrive\Documents\Main two resumes\Projectmain fuul work condition\component\lists" -I"C:\Users\dhruv\OneDrive\Documents\Main two resumes\Projectmain fuul work condition\utilities" -I"C:\Users\dhruv\OneDrive\Documents\Main two resumes\Projectmain fuul work condition\freertos\freertos_kernel\include" -I"C:\Users\dhruv\OneDrive\Documents\Main two resumes\Projectmain fuul work condition\freertos\freertos_kernel\portable\GCC\ARM_CM4F" -I"C:\Users\dhruv\OneDrive\Documents\Main two resumes\Projectmain fuul work condition\source" -O0 -fno-common -g3 -gdwarf-4 -Wall -c -ffunction-sections -fdata-sections -fno-builtin -fmerge-constants -fmacro-prefix-map="../drivers/"= -mcpu=cortex-m4 -mfpu=fpv4-sp-d16 -mfloat-abi=hard -mthumb -D__REDLIB__ -fstack-usage -specs=redlib.specs -MMD -MP -MF"drivers/fsl_ftm.d" -MT"drivers/fsl_ftm.o" -MT"drivers/fsl_ftm.d" -o "drivers/fsl_ftm.o" "../drivers/fsl_ftm.c"
arm-none-eabi-gcc -D__REDLIB__ -DCPU_MK66FN2M0VMD18 -DCPU_MK66FN2M0VMD18_cm4 -DSDK_OS_BAREMETAL -DSERIAL_PORT_TYPE_UART=1 -DSDK_DEBUGCONSOLE=1 -DCR_INTEGER_PRINTF -DPRINTF_FLOAT_ENABLE=0 -D__MCUXPRESSO -D__USE_CMSIS -DDEBUG -DSDK_OS_FREE_RTOS -I"C:\Users\dhruv\OneDrive\Documents\Main two resumes\Projectmain fuul work condition\board" -I"C:\Users\dhruv\OneDrive\Documents\Main two resumes\Projectmain fuul work condition\drivers" -I"C:\Users\dhruv\OneDrive\Documents\Main two resumes\Projectmain fuul work condition\component\uart" -I"C:\Users\dhruv\OneDrive\Documents\Main two resumes\Projectmain fuul work condition\device" -I"C:\Users\dhruv\OneDrive\Documents\Main two resumes\Projectmain fuul work condition\CMSIS" -I"C:\Users\dhruv\OneDrive\Documents\Main two resumes\Projectmain fuul work condition\component\serial_manager" -I"C:\Users\dhruv\OneDrive\Documents\Main two resumes\Projectmain fuul work condition\component\lists" -I"C:\Users\dhruv\OneDrive\Documents\Main two resumes\Projectmain fuul work condition\utilities" -I"C:\Users\dhruv\OneDrive\Documents\Main two resumes\Projectmain fuul work condition\freertos\freertos_kernel\include" -I"C:\Users\dhruv\OneDrive\Documents\Main two resumes\Projectmain fuul work condition\freertos\freertos_kernel\portable\GCC\ARM_CM4F" -I"C:\Users\dhruv\OneDrive\Documents\Main two resumes\Projectmain fuul work condition\source" -O0 -fno-common -g3 -gdwarf-4 -Wall -c -ffunction-sections -fdata-sections -fno-builtin -fmerge-constants -fmacro-prefix-map="../drivers/"= -mcpu=cortex-m4 -mfpu=fpv4-sp-d16 -mfloat-abi=hard -mthumb -D__REDLIB__ -fstack-usage -specs=redlib.specs -MMD -MP -MF"drivers/fsl_gpio.d" -MT"drivers/fsl_gpio.o" -MT"drivers/fsl_gpio.d" -o "drivers/fsl_gpio.o" "../drivers/fsl_gpio.c"
Building file: ../drivers/fsl_i2c.c
Finished building: ../freertos/freertos_kernel/timers.c
Invoking: MCU C Compiler
arm-none-eabi-gcc -D__REDLIB__ -DCPU_MK66FN2M0VMD18 -DCPU_MK66FN2M0VMD18_cm4 -DSDK_OS_BAREMETAL -DSERIAL_PORT_TYPE_UART=1 -DSDK_DEBUGCONSOLE=1 -DCR_INTEGER_PRINTF -DPRINTF_FLOAT_ENABLE=0 -D__MCUXPRESSO -D__USE_CMSIS -DDEBUG -DSDK_OS_FREE_RTOS -I"C:\Users\dhruv\OneDrive\Documents\Main two resumes\Projectmain fuul work condition\board" -I"C:\Users\dhruv\OneDrive\Documents\Main two resumes\Projectmain fuul work condition\drivers" -I"C:\Users\dhruv\OneDrive\Documents\Main two resumes\Projectmain fuul work condition\component\uart" -I"C:\Users\dhruv\OneDrive\Documents\Main two resumes\Projectmain fuul work condition\device" -I"C:\Users\dhruv\OneDrive\Documents\Main two resumes\Projectmain fuul work condition\CMSIS" -I"C:\Users\dhruv\OneDrive\Documents\Main two resumes\Projectmain fuul work condition\component\serial_manager" -I"C:\Users\dhruv\OneDrive\Documents\Main two resumes\Projectmain fuul work condition\component\lists" -I"C:\Users\dhruv\OneDrive\Documents\Main two resumes\Projectmain fuul work condition\utilities" -I"C:\Users\dhruv\OneDrive\Documents\Main two resumes\Projectmain fuul work condition\freertos\freertos_kernel\include" -I"C:\Users\dhruv\OneDrive\Documents\Main two resumes\Projectmain fuul work condition\freertos\freertos_kernel\portable\GCC\ARM_CM4F" -I"C:\Users\dhruv\OneDrive\Documents\Main two resumes\Projectmain fuul work condition\source" -O0 -fno-common -g3 -gdwarf-4 -Wall -c -ffunction-sections -fdata-sections -fno-builtin -fmerge-constants -fmacro-prefix-map="../drivers/"= -mcpu=cortex-m4 -mfpu=fpv4-sp-d16 -mfloat-abi=hard -mthumb -D__REDLIB__ -fstack-usage -specs=redlib.specs -MMD -MP -MF"drivers/fsl_i2c.d" -MT"drivers/fsl_i2c.o" -MT"drivers/fsl_i2c.d" -o "drivers/fsl_i2c.o" "../drivers/fsl_i2c.c"
 
Building file: ../drivers/fsl_rtc.c
Finished building: ../drivers/fsl_common.c
Finished building: ../drivers/fsl_common_arm.c
Invoking: MCU C Compiler
Finished building: ../drivers/fsl_clock.c
 
arm-none-eabi-gcc -D__REDLIB__ -DCPU_MK66FN2M0VMD18 -DCPU_MK66FN2M0VMD18_cm4 -DSDK_OS_BAREMETAL -DSERIAL_PORT_TYPE_UART=1 -DSDK_DEBUGCONSOLE=1 -DCR_INTEGER_PRINTF -DPRINTF_FLOAT_ENABLE=0 -D__MCUXPRESSO -D__USE_CMSIS -DDEBUG -DSDK_OS_FREE_RTOS -I"C:\Users\dhruv\OneDrive\Documents\Main two resumes\Projectmain fuul work condition\board" -I"C:\Users\dhruv\OneDrive\Documents\Main two resumes\Projectmain fuul work condition\drivers" -I"C:\Users\dhruv\OneDrive\Documents\Main two resumes\Projectmain fuul work condition\component\uart" -I"C:\Users\dhruv\OneDrive\Documents\Main two resumes\Projectmain fuul work condition\device" -I"C:\Users\dhruv\OneDrive\Documents\Main two resumes\Projectmain fuul work condition\CMSIS" -I"C:\Users\dhruv\OneDrive\Documents\Main two resumes\Projectmain fuul work condition\component\serial_manager" -I"C:\Users\dhruv\OneDrive\Documents\Main two resumes\Projectmain fuul work condition\component\lists" -I"C:\Users\dhruv\OneDrive\Documents\Main two resumes\Projectmain fuul work condition\utilities" -I"C:\Users\dhruv\OneDrive\Documents\Main two resumes\Projectmain fuul work condition\freertos\freertos_kernel\include" -I"C:\Users\dhruv\OneDrive\Documents\Main two resumes\Projectmain fuul work condition\freertos\freertos_kernel\portable\GCC\ARM_CM4F" -I"C:\Users\dhruv\OneDrive\Documents\Main two resumes\Projectmain fuul work condition\source" -O0 -fno-common -g3 -gdwarf-4 -Wall -c -ffunction-sections -fdata-sections -fno-builtin -fmerge-constants -fmacro-prefix-map="../drivers/"= -mcpu=cortex-m4 -mfpu=fpv4-sp-d16 -mfloat-abi=hard -mthumb -D__REDLIB__ -fstack-usage -specs=redlib.specs -MMD -MP -MF"drivers/fsl_rtc.d" -MT"drivers/fsl_rtc.o" -MT"drivers/fsl_rtc.d" -o "drivers/fsl_rtc.o" "../drivers/fsl_rtc.c"
 
 
Building file: ../drivers/fsl_smc.c
Finished building: ../drivers/fsl_dac.c
Building file: ../drivers/fsl_uart.c
Finished building: ../drivers/fsl_ftm.c
Finished building: ../drivers/fsl_gpio.c
Invoking: MCU C Compiler
 
Invoking: MCU C Compiler
arm-none-eabi-gcc -D__REDLIB__ -DCPU_MK66FN2M0VMD18 -DCPU_MK66FN2M0VMD18_cm4 -DSDK_OS_BAREMETAL -DSERIAL_PORT_TYPE_UART=1 -DSDK_DEBUGCONSOLE=1 -DCR_INTEGER_PRINTF -DPRINTF_FLOAT_ENABLE=0 -D__MCUXPRESSO -D__USE_CMSIS -DDEBUG -DSDK_OS_FREE_RTOS -I"C:\Users\dhruv\OneDrive\Documents\Main two resumes\Projectmain fuul work condition\board" -I"C:\Users\dhruv\OneDrive\Documents\Main two resumes\Projectmain fuul work condition\drivers" -I"C:\Users\dhruv\OneDrive\Documents\Main two resumes\Projectmain fuul work condition\component\uart" -I"C:\Users\dhruv\OneDrive\Documents\Main two resumes\Projectmain fuul work condition\device" -I"C:\Users\dhruv\OneDrive\Documents\Main two resumes\Projectmain fuul work condition\CMSIS" -I"C:\Users\dhruv\OneDrive\Documents\Main two resumes\Projectmain fuul work condition\component\serial_manager" -I"C:\Users\dhruv\OneDrive\Documents\Main two resumes\Projectmain fuul work condition\component\lists" -I"C:\Users\dhruv\OneDrive\Documents\Main two resumes\Projectmain fuul work condition\utilities" -I"C:\Users\dhruv\OneDrive\Documents\Main two resumes\Projectmain fuul work condition\freertos\freertos_kernel\include" -I"C:\Users\dhruv\OneDrive\Documents\Main two resumes\Projectmain fuul work condition\freertos\freertos_kernel\portable\GCC\ARM_CM4F" -I"C:\Users\dhruv\OneDrive\Documents\Main two resumes\Projectmain fuul work condition\source" -O0 -fno-common -g3 -gdwarf-4 -Wall -c -ffunction-sections -fdata-sections -fno-builtin -fmerge-constants -fmacro-prefix-map="../drivers/"= -mcpu=cortex-m4 -mfpu=fpv4-sp-d16 -mfloat-abi=hard -mthumb -D__REDLIB__ -fstack-usage -specs=redlib.specs -MMD -MP -MF"drivers/fsl_smc.d" -MT"drivers/fsl_smc.o" -MT"drivers/fsl_smc.d" -o "drivers/fsl_smc.o" "../drivers/fsl_smc.c"
 
arm-none-eabi-gcc -D__REDLIB__ -DCPU_MK66FN2M0VMD18 -DCPU_MK66FN2M0VMD18_cm4 -DSDK_OS_BAREMETAL -DSERIAL_PORT_TYPE_UART=1 -DSDK_DEBUGCONSOLE=1 -DCR_INTEGER_PRINTF -DPRINTF_FLOAT_ENABLE=0 -D__MCUXPRESSO -D__USE_CMSIS -DDEBUG -DSDK_OS_FREE_RTOS -I"C:\Users\dhruv\OneDrive\Documents\Main two resumes\Projectmain fuul work condition\board" -I"C:\Users\dhruv\OneDrive\Documents\Main two resumes\Projectmain fuul work condition\drivers" -I"C:\Users\dhruv\OneDrive\Documents\Main two resumes\Projectmain fuul work condition\component\uart" -I"C:\Users\dhruv\OneDrive\Documents\Main two resumes\Projectmain fuul work condition\device" -I"C:\Users\dhruv\OneDrive\Documents\Main two resumes\Projectmain fuul work condition\CMSIS" -I"C:\Users\dhruv\OneDrive\Documents\Main two resumes\Projectmain fuul work condition\component\serial_manager" -I"C:\Users\dhruv\OneDrive\Documents\Main two resumes\Projectmain fuul work condition\component\lists" -I"C:\Users\dhruv\OneDrive\Documents\Main two resumes\Projectmain fuul work condition\utilities" -I"C:\Users\dhruv\OneDrive\Documents\Main two resumes\Projectmain fuul work condition\freertos\freertos_kernel\include" -I"C:\Users\dhruv\OneDrive\Documents\Main two resumes\Projectmain fuul work condition\freertos\freertos_kernel\portable\GCC\ARM_CM4F" -I"C:\Users\dhruv\OneDrive\Documents\Main two resumes\Projectmain fuul work condition\source" -O0 -fno-common -g3 -gdwarf-4 -Wall -c -ffunction-sections -fdata-sections -fno-builtin -fmerge-constants -fmacro-prefix-map="../drivers/"= -mcpu=cortex-m4 -mfpu=fpv4-sp-d16 -mfloat-abi=hard -mthumb -D__REDLIB__ -fstack-usage -specs=redlib.specs -MMD -MP -MF"drivers/fsl_uart.d" -MT"drivers/fsl_uart.o" -MT"drivers/fsl_uart.d" -o "drivers/fsl_uart.o" "../drivers/fsl_uart.c"
 
Building file: ../device/system_MK66F18.c
Building file: ../component/uart/fsl_adapter_uart.c
Finished building: ../drivers/fsl_i2c.c
Invoking: MCU C Compiler
Invoking: MCU C Compiler
Building file: ../component/serial_manager/fsl_component_serial_manager.c
arm-none-eabi-gcc -D__REDLIB__ -DCPU_MK66FN2M0VMD18 -DCPU_MK66FN2M0VMD18_cm4 -DSDK_OS_BAREMETAL -DSERIAL_PORT_TYPE_UART=1 -DSDK_DEBUGCONSOLE=1 -DCR_INTEGER_PRINTF -DPRINTF_FLOAT_ENABLE=0 -D__MCUXPRESSO -D__USE_CMSIS -DDEBUG -DSDK_OS_FREE_RTOS -I"C:\Users\dhruv\OneDrive\Documents\Main two resumes\Projectmain fuul work condition\board" -I"C:\Users\dhruv\OneDrive\Documents\Main two resumes\Projectmain fuul work condition\drivers" -I"C:\Users\dhruv\OneDrive\Documents\Main two resumes\Projectmain fuul work condition\component\uart" -I"C:\Users\dhruv\OneDrive\Documents\Main two resumes\Projectmain fuul work condition\device" -I"C:\Users\dhruv\OneDrive\Documents\Main two resumes\Projectmain fuul work condition\CMSIS" -I"C:\Users\dhruv\OneDrive\Documents\Main two resumes\Projectmain fuul work condition\component\serial_manager" -I"C:\Users\dhruv\OneDrive\Documents\Main two resumes\Projectmain fuul work condition\component\lists" -I"C:\Users\dhruv\OneDrive\Documents\Main two resumes\Projectmain fuul work condition\utilities" -I"C:\Users\dhruv\OneDrive\Documents\Main two resumes\Projectmain fuul work condition\freertos\freertos_kernel\include" -I"C:\Users\dhruv\OneDrive\Documents\Main two resumes\Projectmain fuul work condition\freertos\freertos_kernel\portable\GCC\ARM_CM4F" -I"C:\Users\dhruv\OneDrive\Documents\Main two resumes\Projectmain fuul work condition\source" -O0 -fno-common -g3 -gdwarf-4 -Wall -c -ffunction-sections -fdata-sections -fno-builtin -fmerge-constants -fmacro-prefix-map="../device/"= -mcpu=cortex-m4 -mfpu=fpv4-sp-d16 -mfloat-abi=hard -mthumb -D__REDLIB__ -fstack-usage -specs=redlib.specs -MMD -MP -MF"device/system_MK66F18.d" -MT"device/system_MK66F18.o" -MT"device/system_MK66F18.d" -o "device/system_MK66F18.o" "../device/system_MK66F18.c"
 
arm-none-eabi-gcc -D__REDLIB__ -DCPU_MK66FN2M0VMD18 -DCPU_MK66FN2M0VMD18_cm4 -DSDK_OS_BAREMETAL -DSERIAL_PORT_TYPE_UART=1 -DSDK_DEBUGCONSOLE=1 -DCR_INTEGER_PRINTF -DPRINTF_FLOAT_ENABLE=0 -D__MCUXPRESSO -D__USE_CMSIS -DDEBUG -DSDK_OS_FREE_RTOS -I"C:\Users\dhruv\OneDrive\Documents\Main two resumes\Projectmain fuul work condition\board" -I"C:\Users\dhruv\OneDrive\Documents\Main two resumes\Projectmain fuul work condition\drivers" -I"C:\Users\dhruv\OneDrive\Documents\Main two resumes\Projectmain fuul work condition\component\uart" -I"C:\Users\dhruv\OneDrive\Documents\Main two resumes\Projectmain fuul work condition\device" -I"C:\Users\dhruv\OneDrive\Documents\Main two resumes\Projectmain fuul work condition\CMSIS" -I"C:\Users\dhruv\OneDrive\Documents\Main two resumes\Projectmain fuul work condition\component\serial_manager" -I"C:\Users\dhruv\OneDrive\Documents\Main two resumes\Projectmain fuul work condition\component\lists" -I"C:\Users\dhruv\OneDrive\Documents\Main two resumes\Projectmain fuul work condition\utilities" -I"C:\Users\dhruv\OneDrive\Documents\Main two resumes\Projectmain fuul work condition\freertos\freertos_kernel\include" -I"C:\Users\dhruv\OneDrive\Documents\Main two resumes\Projectmain fuul work condition\freertos\freertos_kernel\portable\GCC\ARM_CM4F" -I"C:\Users\dhruv\OneDrive\Documents\Main two resumes\Projectmain fuul work condition\source" -O0 -fno-common -g3 -gdwarf-4 -Wall -c -ffunction-sections -fdata-sections -fno-builtin -fmerge-constants -fmacro-prefix-map="../component/uart/"= -mcpu=cortex-m4 -mfpu=fpv4-sp-d16 -mfloat-abi=hard -mthumb -D__REDLIB__ -fstack-usage -specs=redlib.specs -MMD -MP -MF"component/uart/fsl_adapter_uart.d" -MT"component/uart/fsl_adapter_uart.o" -MT"component/uart/fsl_adapter_uart.d" -o "component/uart/fsl_adapter_uart.o" "../component/uart/fsl_adapter_uart.c"
Invoking: MCU C Compiler
arm-none-eabi-gcc -D__REDLIB__ -DCPU_MK66FN2M0VMD18 -DCPU_MK66FN2M0VMD18_cm4 -DSDK_OS_BAREMETAL -DSERIAL_PORT_TYPE_UART=1 -DSDK_DEBUGCONSOLE=1 -DCR_INTEGER_PRINTF -DPRINTF_FLOAT_ENABLE=0 -D__MCUXPRESSO -D__USE_CMSIS -DDEBUG -DSDK_OS_FREE_RTOS -I"C:\Users\dhruv\OneDrive\Documents\Main two resumes\Projectmain fuul work condition\board" -I"C:\Users\dhruv\OneDrive\Documents\Main two resumes\Projectmain fuul work condition\drivers" -I"C:\Users\dhruv\OneDrive\Documents\Main two resumes\Projectmain fuul work condition\component\uart" -I"C:\Users\dhruv\OneDrive\Documents\Main two resumes\Projectmain fuul work condition\device" -I"C:\Users\dhruv\OneDrive\Documents\Main two resumes\Projectmain fuul work condition\CMSIS" -I"C:\Users\dhruv\OneDrive\Documents\Main two resumes\Projectmain fuul work condition\component\serial_manager" -I"C:\Users\dhruv\OneDrive\Documents\Main two resumes\Projectmain fuul work condition\component\lists" -I"C:\Users\dhruv\OneDrive\Documents\Main two resumes\Projectmain fuul work condition\utilities" -I"C:\Users\dhruv\OneDrive\Documents\Main two resumes\Projectmain fuul work condition\freertos\freertos_kernel\include" -I"C:\Users\dhruv\OneDrive\Documents\Main two resumes\Projectmain fuul work condition\freertos\freertos_kernel\portable\GCC\ARM_CM4F" -I"C:\Users\dhruv\OneDrive\Documents\Main two resumes\Projectmain fuul work condition\source" -O0 -fno-common -g3 -gdwarf-4 -Wall -c -ffunction-sections -fdata-sections -fno-builtin -fmerge-constants -fmacro-prefix-map="../component/serial_manager/"= -mcpu=cortex-m4 -mfpu=fpv4-sp-d16 -mfloat-abi=hard -mthumb -D__REDLIB__ -fstack-usage -specs=redlib.specs -MMD -MP -MF"component/serial_manager/fsl_component_serial_manager.d" -MT"component/serial_manager/fsl_component_serial_manager.o" -MT"component/serial_manager/fsl_component_serial_manager.d" -o "component/serial_manager/fsl_component_serial_manager.o" "../component/serial_manager/fsl_component_serial_manager.c"
Building file: ../component/serial_manager/fsl_component_serial_port_uart.c
Building file: ../component/lists/fsl_component_generic_list.c
Invoking: MCU C Compiler
[...]
Invoking: MCU C Compiler
Building file: ../component/serial_manager/fsl_component_serial_manager.c
arm-none-eabi-gcc -D__REDLIB__ -DCPU_MK66FN2M0VMD18 -DCPU_MK66FN2M0VMD18_cm4 -DSDK_OS_BAREMETAL -DSERIAL_PORT_TYPE_UART=1 -DSDK_DEBUGCONSOLE=1 -DCR_INTEGER_PRINTF -DPRINTF_FLOAT_ENABLE=0 -D__MCUXPRESSO -D__USE_CMSIS -DDEBUG -DSDK_OS_FREE_RTOS -I"C:\Users\dhruv\OneDrive\Documents\Main two resumes\Projectmain fuul work condition\board" -I"C:\Users\dhruv\OneDrive\Documents\Main two resumes\Projectmain fuul work condition\drivers" -I"C:\Users\dhruv\OneDrive\Documents\Main two resumes\Projectmain fuul work condition\component\uart" -I"C:\Users\dhruv\OneDrive\Documents\Main two resumes\Projectmain fuul work condition\device" -I"C:\Users\dhruv\OneDrive\Documents\Main two resumes\Projectmain fuul work condition\CMSIS" -I"C:\Users\dhruv\OneDrive\Documents\Main two resumes\Projectmain fuul work condition\component\serial_manager" -I"C:\Users\dhruv\OneDrive\Documents\Main two resumes\Projectmain fuul work condition\component\lists" -I"C:\Users\dhruv\OneDrive\Documents\Main two resumes\Projectmain fuul work condition\utilities" -I"C:\Users\dhruv\OneDrive\Documents\Main two resumes\Projectmain fuul work condition\freertos\freertos_kernel\include" -I"C:\Users\dhruv\OneDrive\Documents\Main two resumes\Projectmain fuul work condition\freertos\freertos_kernel\portable\GCC\ARM_CM4F" -I"C:\Users\dhruv\OneDrive\Documents\Main two resumes\Projectmain fuul work condition\source" -O0 -fno-common -g3 -gdwarf-4 -Wall -c -ffunction-sections -fdata-sections -fno-builtin -fmerge-constants -fmacro-prefix-map="../component/uart/"= -mcpu=cortex-m4 -mfpu=fpv4-sp-d16 -mfloat-abi=hard -mthumb -D__REDLIB__ -fstack-usage -specs=redlib.specs -MMD -MP -MF"component/uart/fsl_adapter_uart.d" -MT"component/uart/fsl_adapter_uart.o" -MT"component/uart/fsl_adapter_uart.d" -o "component/uart/fsl_adapter_uart.o" "../component/uart/fsl_adapter_uart.c"
Building file: ../component/serial_manager/fsl_component_serial_port_uart.c
Invoking: MCU C Compiler
Invoking: MCU C Compiler
arm-none-eabi-gcc -D__REDLIB__ -DCPU_MK66FN2M0VMD18 -DCPU_MK66FN2M0VMD18_cm4 -DSDK_OS_BAREMETAL -DSERIAL_PORT_TYPE_UART=1 -DSDK_DEBUGCONSOLE=1 -DCR_INTEGER_PRINTF -DPRINTF_FLOAT_ENABLE=0 -D__MCUXPRESSO -D__USE_CMSIS -DDEBUG -DSDK_OS_FREE_RTOS -I"C:\Users\dhruv\OneDrive\Documents\Main two resumes\Projectmain fuul work condition\board" -I"C:\Users\dhruv\OneDrive\Documents\Main two resumes\Projectmain fuul work condition\drivers" -I"C:\Users\dhruv\OneDrive\Documents\Main two resumes\Projectmain fuul work condition\component\uart" -I"C:\Users\dhruv\OneDrive\Documents\Main two resumes\Projectmain fuul work condition\device" -I"C:\Users\dhruv\OneDrive\Documents\Main two resumes\Projectmain fuul work condition\CMSIS" -I"C:\Users\dhruv\OneDrive\Documents\Main two resumes\Projectmain fuul work condition\component\serial_manager" -I"C:\Users\dhruv\OneDrive\Documents\Main two resumes\Projectmain fuul work condition\component\lists" -I"C:\Users\dhruv\OneDrive\Documents\Main two resumes\Projectmain fuul work condition\utilities" -I"C:\Users\dhruv\OneDrive\Documents\Main two resumes\Projectmain fuul work condition\freertos\freertos_kernel\include" -I"C:\Users\dhruv\OneDrive\Documents\Main two resumes\Projectmain fuul work condition\freertos\freertos_kernel\portable\GCC\ARM_CM4F" -I"C:\Users\dhruv\OneDrive\Documents\Main two resumes\Projectmain fuul work condition\source" -O0 -fno-common -g3 -gdwarf-4 -Wall -c -ffunction-sections -fdata-sections -fno-builtin -fmerge-constants -fmacro-prefix-map="../component/serial_manager/"= -mcpu=cortex-m4 -mfpu=fpv4-sp-d16 -mfloat-abi=hard -mthumb -D__REDLIB__ -fstack-usage -specs=redlib.specs -MMD -MP -MF"component/serial_manager/fsl_component_serial_manager.d" -MT"component/serial_manager/fsl_component_serial_manager.o" -MT"component/serial_manager/fsl_component_serial_manager.d" -o "component/serial_manager/fsl_component_serial_manager.o" "../component/serial_manager/fsl_component_serial_manager.c"
Building file: ../component/lists/fsl_component_generic_list.c
arm-none-eabi-gcc -D__REDLIB__ -DCPU_MK66FN2M0VMD18 -DCPU_MK66FN2M0VMD18_cm4 -DSDK_OS_BAREMETAL -DSERIAL_PORT_TYPE_UART=1 -DSDK_DEBUGCONSOLE=1 -DCR_INTEGER_PRINTF -DPRINTF_FLOAT_ENABLE=0 -D__MCUXPRESSO -D__USE_CMSIS -DDEBUG -DSDK_OS_FREE_RTOS -I"C:\Users\dhruv\OneDrive\Documents\Main two resumes\Projectmain fuul work condition\board" -I"C:\Users\dhruv\OneDrive\Documents\Main two resumes\Projectmain fuul work condition\drivers" -I"C:\Users\dhruv\OneDrive\Documents\Main two resumes\Projectmain fuul work condition\component\uart" -I"C:\Users\dhruv\OneDrive\Documents\Main two resumes\Projectmain fuul work condition\device" -I"C:\Users\dhruv\OneDrive\Documents\Main two resumes\Projectmain fuul work condition\CMSIS" -I"C:\Users\dhruv\OneDrive\Documents\Main two resumes\Projectmain fuul work condition\component\serial_manager" -I"C:\Users\dhruv\OneDrive\Documents\Main two resumes\Projectmain fuul work condition\component\lists" -I"C:\Users\dhruv\OneDrive\Documents\Main two resumes\Projectmain fuul work condition\utilities" -I"C:\Users\dhruv\OneDrive\Documents\Main two resumes\Projectmain fuul work condition\freertos\freertos_kernel\include" -I"C:\Users\dhruv\OneDrive\Documents\Main two resumes\Projectmain fuul work condition\freertos\freertos_kernel\portable\GCC\ARM_CM4F" -I"C:\Users\dhruv\OneDrive\Documents\Main two resumes\Projectmain fuul work condition\source" -O0 -fno-common -g3 -gdwarf-4 -Wall -c -ffunction-sections -fdata-sections -fno-builtin -fmerge-constants -fmacro-prefix-map="../component/serial_manager/"= -mcpu=cortex-m4 -mfpu=fpv4-sp-d16 -mfloat-abi=hard -mthumb -D__REDLIB__ -fstack-usage -specs=redlib.specs -MMD -MP -MF"component/serial_manager/fsl_component_serial_port_uart.d" -MT"component/serial_manager/fsl_component_serial_port_uart.o" -MT"component/serial_manager/fsl_component_serial_port_uart.d" -o "component/serial_manager/fsl_component_serial_port_uart.o" "../component/serial_manager/fsl_component_serial_port_uart.c"
Invoking: MCU C Compiler
arm-none-eabi-gcc -D__REDLIB__ -DCPU_MK66FN2M0VMD18 -DCPU_MK66FN2M0VMD18_cm4 -DSDK_OS_BAREMETAL -DSERIAL_PORT_TYPE_UART=1 -DSDK_DEBUGCONSOLE=1 -DCR_INTEGER_PRINTF -DPRINTF_FLOAT_ENABLE=0 -D__MCUXPRESSO -D__USE_CMSIS -DDEBUG -DSDK_OS_FREE_RTOS -I"C:\Users\dhruv\OneDrive\Documents\Main two resumes\Projectmain fuul work condition\board" -I"C:\Users\dhruv\OneDrive\Documents\Main two resumes\Projectmain fuul work condition\drivers" -I"C:\Users\dhruv\OneDrive\Documents\Main two resumes\Projectmain fuul work condition\component\uart" -I"C:\Users\dhruv\OneDrive\Documents\Main two resumes\Projectmain fuul work condition\device" -I"C:\Users\dhruv\OneDrive\Documents\Main two resumes\Projectmain fuul work condition\CMSIS" -I"C:\Users\dhruv\OneDrive\Documents\Main two resumes\Projectmain fuul work condition\component\serial_manager" -I"C:\Users\dhruv\OneDrive\Documents\Main two resumes\Projectmain fuul work condition\component\lists" -I"C:\Users\dhruv\OneDrive\Documents\Main two resumes\Projectmain fuul work condition\utilities" -I"C:\Users\dhruv\OneDrive\Documents\Main two resumes\Projectmain fuul work condition\freertos\freertos_kernel\include" -I"C:\Users\dhruv\OneDrive\Documents\Main two resumes\Projectmain fuul work condition\freertos\freertos_kernel\portable\GCC\ARM_CM4F" -I"C:\Users\dhruv\OneDrive\Documents\Main two resumes\Projectmain fuul work condition\source" -O0 -fno-common -g3 -gdwarf-4 -Wall -c -ffunction-sections -fdata-sections -fno-builtin -fmerge-constants -fmacro-prefix-map="../component/lists/"= -mcpu=cortex-m4 -mfpu=fpv4-sp-d16 -mfloat-abi=hard -mthumb -D__REDLIB__ -fstack-usage -specs=redlib.specs -MMD -MP -MF"component/lists/fsl_component_generic_list.d" -MT"component/lists/fsl_component_generic_list.o" -MT"component/lists/fsl_component_generic_list.d" -o "component/lists/fsl_component_generic_list.o" "../component/lists/fsl_component_generic_list.c"
Finished building: ../drivers/fsl_rtc.c
Finished building: ../device/system_MK66F18.c
Finished building: ../drivers/fsl_smc.c
 
 
Finished building: ../drivers/fsl_uart.c
 
Finished building: ../component/uart/fsl_adapter_uart.c
 
Building file: ../board/board.c
 
Building file: ../board/clock_config.c
Invoking: MCU C Compiler
Finished building: ../component/serial_manager/fsl_component_serial_manager.c
arm-none-eabi-gcc -D__REDLIB__ -DCPU_MK66FN2M0VMD18 -DCPU_MK66FN2M0VMD18_cm4 -DSDK_OS_BAREMETAL -DSERIAL_PORT_TYPE_UART=1 -DSDK_DEBUGCONSOLE=1 -DCR_INTEGER_PRINTF -DPRINTF_FLOAT_ENABLE=0 -D__MCUXPRESSO -D__USE_CMSIS -DDEBUG -DSDK_OS_FREE_RTOS -I"C:\Users\dhruv\OneDrive\Documents\Main two resumes\Projectmain fuul work condition\board" -I"C:\Users\dhruv\OneDrive\Documents\Main two resumes\Projectmain fuul work condition\drivers" -I"C:\Users\dhruv\OneDrive\Documents\Main two resumes\Projectmain fuul work condition\component\uart" -I"C:\Users\dhruv\OneDrive\Documents\Main two resumes\Projectmain fuul work condition\device" -I"C:\Users\dhruv\OneDrive\Documents\Main two resumes\Projectmain fuul work condition\CMSIS" -I"C:\Users\dhruv\OneDrive\Documents\Main two resumes\Projectmain fuul work condition\component\serial_manager" -I"C:\Users\dhruv\OneDrive\Documents\Main two resumes\Projectmain fuul work condition\component\lists" -I"C:\Users\dhruv\OneDrive\Documents\Main two resumes\Projectmain fuul work condition\utilities" -I"C:\Users\dhruv\OneDrive\Documents\Main two resumes\Projectmain fuul work condition\freertos\freertos_kernel\include" -I"C:\Users\dhruv\OneDrive\Documents\Main two resumes\Projectmain fuul work condition\freertos\freertos_kernel\portable\GCC\ARM_CM4F" -I"C:\Users\dhruv\OneDrive\Documents\Main two resumes\Projectmain fuul work condition\source" -O0 -fno-common -g3 -gdwarf-4 -Wall -c -ffunction-sections -fdata-sections -fno-builtin -fmerge-constants -fmacro-prefix-map="../board/"= -mcpu=cortex-m4 -mfpu=fpv4-sp-d16 -mfloat-abi=hard -mthumb -D__REDLIB__ -fstack-usage -specs=redlib.specs -MMD -MP -MF"board/board.d" -MT"board/board.o" -MT"board/board.d" -o "board/board.o" "../board/board.c"
Finished building: ../component/serial_manager/fsl_component_serial_port_uart.c
Invoking: MCU C Compiler
 
 
arm-none-eabi-gcc -D__REDLIB__ -DCPU_MK66FN2M0VMD18 -DCPU_MK66FN2M0VMD18_cm4 -DSDK_OS_BAREMETAL -DSERIAL_PORT_TYPE_UART=1 -DSDK_DEBUGCONSOLE=1 -DCR_INTEGER_PRINTF -DPRINTF_FLOAT_ENABLE=0 -D__MCUXPRESSO -D__USE_CMSIS -DDEBUG -DSDK_OS_FREE_RTOS -I"C:\Users\dhruv\OneDrive\Documents\Main two resumes\Projectmain fuul work condition\board" -I"C:\Users\dhruv\OneDrive\Documents\Main two resumes\Projectmain fuul work condition\drivers" -I"C:\Users\dhruv\OneDrive\Documents\Main two resumes\Projectmain fuul work condition\component\uart" -I"C:\Users\dhruv\OneDrive\Documents\Main two resumes\Projectmain fuul work condition\device" -I"C:\Users\dhruv\OneDrive\Documents\Main two resumes\Projectmain fuul work condition\CMSIS" -I"C:\Users\dhruv\OneDrive\Documents\Main two resumes\Projectmain fuul work condition\component\serial_manager" -I"C:\Users\dhruv\OneDrive\Documents\Main two resumes\Projectmain fuul work condition\component\lists" -I"C:\Users\dhruv\OneDrive\Documents\Main two resumes\Projectmain fuul work condition\utilities" -I"C:\Users\dhruv\OneDrive\Documents\Main two resumes\Projectmain fuul work condition\freertos\freertos_kernel\include" -I"C:\Users\dhruv\OneDrive\Documents\Main two resumes\Projectmain fuul work condition\freertos\freertos_kernel\portable\GCC\ARM_CM4F" -I"C:\Users\dhruv\OneDrive\Documents\Main two resumes\Projectmain fuul work condition\source" -O0 -fno-common -g3 -gdwarf-4 -Wall -c -ffunction-sections -fdata-sections -fno-builtin -fmerge-constants -fmacro-prefix-map="../board/"= -mcpu=cortex-m4 -mfpu=fpv4-sp-d16 -mfloat-abi=hard -mthumb -D__REDLIB__ -fstack-usage -specs=redlib.specs -MMD -MP -MF"board/clock_config.d" -MT"board/clock_config.o" -MT"board/clock_config.d" -o "board/clock_config.o" "../board/clock_config.c"
Building file: ../board/peripherals.c
Finished building: ../component/lists/fsl_component_generic_list.c
Invoking: MCU C Compiler
arm-none-eabi-gcc -D__REDLIB__ -DCPU_MK66FN2M0VMD18 -DCPU_MK66FN2M0VMD18_cm4 -DSDK_OS_BAREMETAL -DSERIAL_PORT_TYPE_UART=1 -DSDK_DEBUGCONSOLE=1 -DCR_INTEGER_PRINTF -DPRINTF_FLOAT_ENABLE=0 -D__MCUXPRESSO -D__USE_CMSIS -DDEBUG -DSDK_OS_FREE_RTOS -I"C:\Users\dhruv\OneDrive\Documents\Main two resumes\Projectmain fuul work condition\board" -I"C:\Users\dhruv\OneDrive\Documents\Main two resumes\Projectmain fuul work condition\drivers" -I"C:\Users\dhruv\OneDrive\Documents\Main two resumes\Projectmain fuul work condition\component\uart" -I"C:\Users\dhruv\OneDrive\Documents\Main two resumes\Projectmain fuul work condition\device" -I"C:\Users\dhruv\OneDrive\Documents\Main two resumes\Projectmain fuul work condition\CMSIS" -I"C:\Users\dhruv\OneDrive\Documents\Main two resumes\Projectmain fuul work condition\component\serial_manager" -I"C:\Users\dhruv\OneDrive\Documents\Main two resumes\Projectmain fuul work condition\component\lists" -I"C:\Users\dhruv\OneDrive\Documents\Main two resumes\Projectmain fuul work condition\utilities" -I"C:\Users\dhruv\OneDrive\Documents\Main two resumes\Projectmain fuul work condition\freertos\freertos_kernel\include" -I"C:\Users\dhruv\OneDrive\Documents\Main two resumes\Projectmain fuul work condition\freertos\freertos_kernel\portable\GCC\ARM_CM4F" -I"C:\Users\dhruv\OneDrive\Documents\Main two resumes\Projectmain fuul work condition\source" -O0 -fno-common -g3 -gdwarf-4 -Wall -c -ffunction-sections -fdata-sections -fno-builtin -fmerge-constants -fmacro-prefix-map="../board/"= -mcpu=cortex-m4 -mfpu=fpv4-sp-d16 -mfloat-abi=hard -mthumb -D__REDLIB__ -fstack-usage -specs=redlib.specs -MMD -MP -MF"board/peripherals.d" -MT"board/peripherals.o" -MT"board/peripherals.d" -o "board/peripherals.o" "../board/peripherals.c"
Building file: ../board/pin_mux.c
 
Invoking: MCU C Compiler
arm-none-eabi-gcc -D__REDLIB__ -DCPU_MK66FN2M0VMD18 -DCPU_MK66FN2M0VMD18_cm4 -DSDK_OS_BAREMETAL -DSERIAL_PORT_TYPE_UART=1 -DSDK_DEBUGCONSOLE=1 -DCR_INTEGER_PRINTF -DPRINTF_FLOAT_ENABLE=0 -D__MCUXPRESSO -D__USE_CMSIS -DDEBUG -DSDK_OS_FREE_RTOS -I"C:\Users\dhruv\OneDrive\Documents\Main two resumes\Projectmain fuul work condition\board" -I"C:\Users\dhruv\OneDrive\Documents\Main two resumes\Projectmain fuul work condition\drivers" -I"C:\Users\dhruv\OneDrive\Documents\Main two resumes\Projectmain fuul work condition\component\uart" -I"C:\Users\dhruv\OneDrive\Documents\Main two resumes\Projectmain fuul work condition\device" -I"C:\Users\dhruv\OneDrive\Documents\Main two resumes\Projectmain fuul work condition\CMSIS" -I"C:\Users\dhruv\OneDrive\Documents\Main two resumes\Projectmain fuul work condition\component\serial_manager" -I"C:\Users\dhruv\OneDrive\Documents\Main two resumes\Projectmain fuul work condition\component\lists" -I"C:\Users\dhruv\OneDrive\Documents\Main two resumes\Projectmain fuul work condition\utilities" -I"C:\Users\dhruv\OneDrive\Documents\Main two resumes\Projectmain fuul work condition\freertos\freertos_kernel\include" -I"C:\Users\dhruv\OneDrive\Documents\Main two resumes\Projectmain fuul work condition\freertos\freertos_kernel\portable\GCC\ARM_CM4F" -I"C:\Users\dhruv\OneDrive\Documents\Main two resumes\Projectmain fuul work condition\source" -O0 -fno-common -g3 -gdwarf-4 -Wall -c -ffunction-sections -fdata-sections -fno-builtin -fmerge-constants -fmacro-prefix-map="../board/"= -mcpu=cortex-m4 -mfpu=fpv4-sp-d16 -mfloat-abi=hard -mthumb -D__REDLIB__ -fstack-usage -specs=redlib.specs -MMD -MP -MF"board/pin_mux.d" -MT"board/pin_mux.o" -MT"board/pin_mux.d" -o "board/pin_mux.o" "../board/pin_mux.c"
Finished building: ../board/peripherals.c
 
Finished building: ../board/board.c
 
Finished building: ../board/clock_config.c
 
Finished building: ../board/pin_mux.c
 
Building target: Projectmain.axf
Invoking: MCU Linker
arm-none-eabi-gcc -nostdlib -Xlinker -Map="Projectmain.map" -Xlinker --gc-sections -Xlinker -print-memory-usage -Xlinker --sort-section=alignment -Xlinker --cref -mcpu=cortex-m4 -mfpu=fpv4-sp-d16 -mfloat-abi=hard -mthumb -T Projectmain_Debug.ld -o "Projectmain.axf" ./utilities/fsl_debug_console.o ./utilities/fsl_str.o  ./startup/startup_mk66f18.o  ./source/i2c_hal.o ./source/lcd_driver.o ./source/main.o ./source/semihost_hardfault.o ./source/uart_rx.o ./source/vibration_motor.o ./source/vision_tof.o ./source/vl53l0x_api.o ./source/vl53l0x_api_calibration.o ./source/vl53l0x_api_core.o ./source/vl53l0x_api_ranging.o ./source/vl53l0x_api_strings.o ./source/vl53l0x_platform.o  ./freertos/freertos_kernel/portable/MemMang/heap_4.o  ./freertos/freertos_kernel/portable/GCC/ARM_CM4F/port.o  ./freertos/freertos_kernel/croutine.o ./freertos/freertos_kernel/event_groups.o ./freertos/freertos_kernel/list.o ./freertos/freertos_kernel/queue.o ./freertos/freertos_kernel/stream_buffer.o ./freertos/freertos_kernel/tasks.o ./freertos/freertos_kernel/timers.o  ./drivers/fsl_clock.o ./drivers/fsl_common.o ./drivers/fsl_common_arm.o ./drivers/fsl_dac.o ./drivers/fsl_ftm.o ./drivers/fsl_gpio.o ./drivers/fsl_i2c.o ./drivers/fsl_rtc.o ./drivers/fsl_smc.o ./drivers/fsl_uart.o  ./device/system_MK66F18.o  ./component/uart/fsl_adapter_uart.o  ./component/serial_manager/fsl_component_serial_manager.o ./component/serial_manager/fsl_component_serial_port_uart.o  ./component/lists/fsl_component_generic_list.o  ./board/board.o ./board/clock_config.o ./board/peripherals.o ./board/pin_mux.o   
Memory region         Used Size  Region Size  %age Used
   PROGRAM_FLASH:       58680 B         2 MB      2.80%
      SRAM_UPPER:       20256 B       192 KB     10.30%
      SRAM_LOWER:           0 B        64 KB      0.00%
        FLEX_RAM:           0 B         4 KB      0.00%
Finished building target: Projectmain.axf
 
Performing post-build steps
arm-none-eabi-size "Projectmain.axf"; # arm-none-eabi-objcopy -v -O binary "Projectmain.axf" "Projectmain.bin" ; # checksum -p MK66FN2M0xxx18 -d "Projectmain.bin";
   text	   data	    bss	    dec	    hex	filename
  57960	    720	  19536	  78216	  13188	Projectmain.axf
 
13:51:02 **** Incremental Build of configuration Debug for project Projectmain ****
make -r -j8 all 
make[1]: Nothing to be done for 'main-build'.
Performing post-build steps
arm-none-eabi-size "Projectmain.axf"; # arm-none-eabi-objcopy -v -O binary "Projectmain.axf" "Projectmain.bin" ; # checksum -p MK66FN2M0xxx18 -d "Projectmain.bin";
   text	   data	    bss	    dec	    hex	filename
  57960	    720	  19536	  78216	  13188	Projectmain.axf
 
